{"ambiguous":0,"artifact":"/workspace/tome4-chinese-translation/.artifacts/i18n/repair-window/window44-20260927-migration.json","base_commit":"16eadd082289e2cf1aef22fb8a9a32d3612175e0","dispositions":{"revision_changed":24,"unchanged":29804},"migration_id":"50e8f36cb7bd8eba7ee5a8258569e832c972d6f0de3f99e98dd962ea006359a0","new_catalog_id":"8a407b557a4a3924bc894e92a8a52148bbf2305bcb3c66951e2701b6672fa271","new_counts":{"entry_count":29828,"exclusion_count":480,"occurrence_count":30308},"ok":true,"old_catalog_id":"dc90e6baa755d8ab3785318d9357ceabad07b3d4a6073de2962b0a87f21d80bf","old_counts":{"entry_count":29828,"exclusion_count":480,"occurrence_count":30308},"target_path":"evidence/production-review-v2-lite/migrations/50e8f36cb7bd8eba7ee5a8258569e832c972d6f0de3f99e98dd962ea006359a0.json","unmapped":0}{"ambiguous":0,"artifact":".artifacts/i18n/repair-window/window44-20260927-migration.json","base_commit":"16eadd082289e2cf1aef22fb8a9a32d3612175e0","dispositions":{"revision_changed":24,"unchanged":29804},"migration_id":"50e8f36cb7bd8eba7ee5a8258569e832c972d6f0de3f99e98dd962ea006359a0","new_catalog_id":"8a407b557a4a3924bc894e92a8a52148bbf2305bcb3c66951e2701b6672fa271","new_counts":{"entry_count":29828,"exclusion_count":480,"occurrence_count":30308},"ok":true,"old_catalog_id":"dc90e6baa755d8ab3785318d9357ceabad07b3d4a6073de2962b0a87f21d80bf","old_counts":{"entry_count":29828,"exclusion_count":480,"occurrence_count":30308},"target_path":"evidence/production-review-v2-lite/migrations/50e8f36cb7bd8eba7ee5a8258569e832c972d6f0de3f99e98dd962ea006359a0.json","unmapped":0}{"ambiguous":0,"applied":true,"base_commit":"16eadd082289e2cf1aef22fb8a9a32d3612175e0","dispositions":{"revision_changed":24,"unchanged":29804},"migration_id":"50e8f36cb7bd8eba7ee5a8258569e832c972d6f0de3f99e98dd962ea006359a0","new_catalog_id":"8a407b557a4a3924bc894e92a8a52148bbf2305bcb3c66951e2701b6672fa271","new_counts":{"entry_count":29828,"exclusion_count":480,"occurrence_count":30308},"ok":true,"old_catalog_id":"dc90e6baa755d8ab3785318d9357ceabad07b3d4a6073de2962b0a87f21d80bf","old_counts":{"entry_count":29828,"exclusion_count":480,"occurrence_count":30308},"queued_successors":24,"target_path":"evidence/production-review-v2-lite/migrations/50e8f36cb7bd8eba7ee5a8258569e832c972d6f0de3f99e98dd962ea006359a0.json","unmapped":0}{
  "active_writer": true,
  "catalog_id": "dc90e6baa755d8ab3785318d9357ceabad07b3d4a6073de2962b0a87f21d80bf",
  "evidence_head": "16eadd082289e2cf1aef22fb8a9a32d3612175e0",
  "explicit_overrides": {
    "blocked": 45,
    "done": 29299,
    "repair_required": 25
  },
  "implicit_queued": 459,
  "ok": true,
  "override_basis": "sqlite_state_codes",
  "progress": {
    "basis": "committed_evidence",
    "classification": [
      {
        "count": 425,
        "deep_reviewed": false,
        "historical_revision_invalidated": false,
        "pending_repair": false,
        "surface_covered": false
      },
      {
        "count": 34,
        "deep_reviewed": false,
        "historical_revision_invalidated": true,
        "pending_repair": false,
        "surface_covered": false
      },
      {
        "count": 0,
        "deep_reviewed": false,
        "historical_revision_invalidated": false,
        "pending_repair": true,
        "surface_covered": false
      },
      {
        "count": 0,
        "deep_reviewed": false,
        "historical_revision_invalidated": true,
        "pending_repair": true,
        "surface_covered": false
      },
      {
        "count": 0,
        "deep_reviewed": true,
        "historical_revision_invalidated": false,
        "pending_repair": false,
        "surface_covered": false
      },
      {
        "count": 0,
        "deep_reviewed": true,
        "historical_revision_invalidated": true,
        "pending_repair": false,
        "surface_covered": false
      },
      {
        "count": 0,
        "deep_reviewed": true,
        "historical_revision_invalidated": false,
        "pending_repair": true,
        "surface_covered": false
      },
      {
        "count": 0,
        "deep_reviewed": true,
        "historical_revision_invalidated": true,
        "pending_repair": true,
        "surface_covered": false
      },
      {
        "count": 26207,
        "deep_reviewed": false,
        "historical_revision_invalidated": false,
        "pending_repair": false,
        "surface_covered": true
      },
      {
        "count": 2003,
        "deep_reviewed": false,
        "historical_revision_invalidated": true,
        "pending_repair": false,
        "surface_covered": true
      },
      {
        "count": 0,
        "deep_reviewed": false,
        "historical_revision_invalidated": false,
        "pending_repair": true,
        "surface_covered": true
      },
      {
        "count": 0,
        "deep_reviewed": false,
        "historical_revision_invalidated": true,
        "pending_repair": true,
        "surface_covered": true
      },
      {
        "count": 1021,
        "deep_reviewed": true,
        "historical_revision_invalidated": false,
        "pending_repair": false,
        "surface_covered": true
      },
      {
        "count": 113,
        "deep_reviewed": true,
        "historical_revision_invalidated": true,
        "pending_repair": false,
        "surface_covered": true
      },
      {
        "count": 24,
        "deep_reviewed": true,
        "historical_revision_invalidated": false,
        "pending_repair": true,
        "surface_covered": true
      },
      {
        "count": 1,
        "deep_reviewed": true,
        "historical_revision_invalidated": true,
        "pending_repair": true,
        "surface_covered": true
      }
    ],
    "committed_done_by_completion_level": {
      "deep_reviewed": 1095,
      "surface_only": 28204
    },
    "eligible": 29828,
    "invalidated_without_current_review": 34,
    "metrics": {
      "deep_reviewed": {
        "count": 1159,
        "denominator": 29828,
        "ratio": 0.03885610835456618
      },
      "historical_revision_invalidated": {
        "count": 2151,
        "denominator": 29828,
        "ratio": 0.07211345044924232
      },
      "pending_repair": {
        "count": 25,
        "denominator": 29828,
        "ratio": 0.0008381386616601851
      },
      "surface_covered": {
        "count": 29369,
        "denominator": 29828,
        "ratio": 0.984611774171919
      }
    }
  },
  "reconciliation_count": 29828
}
{
  "bytes": 35317435,
  "catalog_id": "8a407b557a4a3924bc894e92a8a52148bbf2305bcb3c66951e2701b6672fa271",
  "directory": ".artifacts/i18n/repair-window/window44-20260927-candidate-catalog",
  "entries": 29828,
  "exclusions": 480,
  "occurrences": 30308
}
