{"argv": ["python3", "-B", "tools/orchestration/run_batch_steps.py", "contextual-adjudication-chain", "--input", ".artifacts/i18n/continuation-20260923/review322-contextual-index.json", "--spec", ".artifacts/i18n/continuation-20260923/review322-host-decisions.json", "--output", ".artifacts/i18n/adjudication-chain/review322-20260926-attempt01.json", "--source-root", ".artifacts/i18n/continuation-20260923/review322-source-root"], "started_at": "2026-09-26T17:01:28.084597+00:00", "finished_at": "2026-09-26T17:04:21.176434+00:00", "wall_seconds": 173.09183245999156, "exit_code": 0, "log_path": ".artifacts/i18n/continuation-20260923/review322-adjudication-chain.log"}
claim-unit-tests.log)
PASS  04-semantic-claims-strict-registry (log: /workspace/tome4-chinese-translation/.artifacts/i18n/ci-gates/run.2os0ve3x/04-semantic-claims-strict-registry.log)
PASS  05-contract-suite-unit-tests (log: /workspace/tome4-chinese-translation/.artifacts/i18n/ci-gates/run.2os0ve3x/05-contract-suite-unit-tests.log)
PASS  05-production-shadow-surface-ledger-tests (log: /workspace/tome4-chinese-translation/.artifacts/i18n/ci-gates/run.2os0ve3x/05-production-shadow-surface-ledger-tests.log)
PASS  06-runtime-collision-scan (log: /workspace/tome4-chinese-translation/.artifacts/i18n/ci-gates/run.2os0ve3x/06-runtime-collision-scan.log)
PASS  07-runtime-key-classification (log: /workspace/tome4-chinese-translation/.artifacts/i18n/ci-gates/run.2os0ve3x/07-runtime-key-classification.log)
PASS  08-terminology-static-audit (log: /workspace/tome4-chinese-translation/.artifacts/i18n/ci-gates/run.2os0ve3x/08-terminology-static-audit.log)
PASS  09-terminology-dynamic-audit (log: /workspace/tome4-chinese-translation/.artifacts/i18n/ci-gates/run.2os0ve3x/09-terminology-dynamic-audit.log)
PASS  10-domain-annotation (log: /workspace/tome4-chinese-translation/.artifacts/i18n/ci-gates/run.2os0ve3x/10-domain-annotation.log)
PASS  11-worktree-whitespace (log: /workspace/tome4-chinese-translation/.artifacts/i18n/ci-gates/run.2os0ve3x/11-worktree-whitespace.log)
PASS  11-staged-whitespace (log: /workspace/tome4-chinese-translation/.artifacts/i18n/ci-gates/run.2os0ve3x/11-staged-whitespace.log)
PASS  12-core-addon-build (log: /workspace/tome4-chinese-translation/.artifacts/i18n/ci-gates/run.2os0ve3x/12-core-addon-build.log)
ALL GATES PASSED
--- prepare-evidence: exit=0 elapsed=168.6s projections=0 projection_elapsed=0.0s
{
  "batch_id": "batch-966a30f506c5616356f4",
  "ok": true,
  "prospective": "/workspace/tome4-chinese-translation/.artifacts/i18n/production-review-v2-lite/prospective/evidence/production-review-v2-lite/batches/batch-966a30f506c5616356f4",
  "results": 80
}

