{"ambiguous":0,"artifact":"/workspace/tome4-chinese-translation/.artifacts/i18n/repair-window/window46-20260927-migration.json","base_commit":"11e26bd86411afc9933aef21e49d161fb485806c","dispositions":{"revision_changed":20,"unchanged":29808},"migration_id":"5c379350bcc72d8f444532921fc9b08056103ef8885bcc14101e71417df91d7c","new_catalog_id":"a579d2d431de461ef2533cb4f102033abff721c86d24d5697a5eb4761d611883","new_counts":{"entry_count":29828,"exclusion_count":480,"occurrence_count":30308},"ok":true,"old_catalog_id":"d78ae4f3870aa9ce25dc60a1165755d58d7419c617b6859ad2a3018ca3ad4649","old_counts":{"entry_count":29828,"exclusion_count":480,"occurrence_count":30308},"target_path":"evidence/production-review-v2-lite/migrations/5c379350bcc72d8f444532921fc9b08056103ef8885bcc14101e71417df91d7c.json","unmapped":0}{"ambiguous":0,"artifact":".artifacts/i18n/repair-window/window46-20260927-migration.json","base_commit":"11e26bd86411afc9933aef21e49d161fb485806c","dispositions":{"revision_changed":20,"unchanged":29808},"migration_id":"5c379350bcc72d8f444532921fc9b08056103ef8885bcc14101e71417df91d7c","new_catalog_id":"a579d2d431de461ef2533cb4f102033abff721c86d24d5697a5eb4761d611883","new_counts":{"entry_count":29828,"exclusion_count":480,"occurrence_count":30308},"ok":true,"old_catalog_id":"d78ae4f3870aa9ce25dc60a1165755d58d7419c617b6859ad2a3018ca3ad4649","old_counts":{"entry_count":29828,"exclusion_count":480,"occurrence_count":30308},"target_path":"evidence/production-review-v2-lite/migrations/5c379350bcc72d8f444532921fc9b08056103ef8885bcc14101e71417df91d7c.json","unmapped":0}{"ambiguous":0,"applied":true,"base_commit":"11e26bd86411afc9933aef21e49d161fb485806c","dispositions":{"revision_changed":20,"unchanged":29808},"migration_id":"5c379350bcc72d8f444532921fc9b08056103ef8885bcc14101e71417df91d7c","new_catalog_id":"a579d2d431de461ef2533cb4f102033abff721c86d24d5697a5eb4761d611883","new_counts":{"entry_count":29828,"exclusion_count":480,"occurrence_count":30308},"ok":true,"old_catalog_id":"d78ae4f3870aa9ce25dc60a1165755d58d7419c617b6859ad2a3018ca3ad4649","old_counts":{"entry_count":29828,"exclusion_count":480,"occurrence_count":30308},"queued_successors":20,"target_path":"evidence/production-review-v2-lite/migrations/5c379350bcc72d8f444532921fc9b08056103ef8885bcc14101e71417df91d7c.json","unmapped":0}{
  "active_writer": true,
  "catalog_id": "d78ae4f3870aa9ce25dc60a1165755d58d7419c617b6859ad2a3018ca3ad4649",
  "evidence_head": "11e26bd86411afc9933aef21e49d161fb485806c",
  "explicit_overrides": {
    "blocked": 45,
    "done": 29767,
    "repair_required": 16
  },
  "implicit_queued": 0,
  "ok": true,
  "override_basis": "sqlite_state_codes",
  "progress": {
    "basis": "committed_evidence",
    "classification": [
      {
        "count": 0,
        "deep_reviewed": false,
        "historical_revision_invalidated": false,
        "pending_repair": false,
        "surface_covered": false
      },
      {
        "count": 0,
        "deep_reviewed": false,
        "historical_revision_invalidated": true,
        "pending_repair": false,
        "surface_covered": false
      },
      {
        "count": 0,
        "deep_reviewed": false,
        "historical_revision_invalidated": false,
        "pending_repair": true,
        "surface_covered": false
      },
      {
        "count": 0,
        "deep_reviewed": false,
        "historical_revision_invalidated": true,
        "pending_repair": true,
        "surface_covered": false
      },
      {
        "count": 0,
        "deep_reviewed": true,
        "historical_revision_invalidated": false,
        "pending_repair": false,
        "surface_covered": false
      },
      {
        "count": 0,
        "deep_reviewed": true,
        "historical_revision_invalidated": true,
        "pending_repair": false,
        "surface_covered": false
      },
      {
        "count": 0,
        "deep_reviewed": true,
        "historical_revision_invalidated": false,
        "pending_repair": true,
        "surface_covered": false
      },
      {
        "count": 0,
        "deep_reviewed": true,
        "historical_revision_invalidated": true,
        "pending_repair": true,
        "surface_covered": false
      },
      {
        "count": 26564,
        "deep_reviewed": false,
        "historical_revision_invalidated": false,
        "pending_repair": false,
        "surface_covered": true
      },
      {
        "count": 2084,
        "deep_reviewed": false,
        "historical_revision_invalidated": true,
        "pending_repair": false,
        "surface_covered": true
      },
      {
        "count": 0,
        "deep_reviewed": false,
        "historical_revision_invalidated": false,
        "pending_repair": true,
        "surface_covered": true
      },
      {
        "count": 0,
        "deep_reviewed": false,
        "historical_revision_invalidated": true,
        "pending_repair": true,
        "surface_covered": true
      },
      {
        "count": 1048,
        "deep_reviewed": true,
        "historical_revision_invalidated": false,
        "pending_repair": false,
        "surface_covered": true
      },
      {
        "count": 116,
        "deep_reviewed": true,
        "historical_revision_invalidated": true,
        "pending_repair": false,
        "surface_covered": true
      },
      {
        "count": 15,
        "deep_reviewed": true,
        "historical_revision_invalidated": false,
        "pending_repair": true,
        "surface_covered": true
      },
      {
        "count": 1,
        "deep_reviewed": true,
        "historical_revision_invalidated": true,
        "pending_repair": true,
        "surface_covered": true
      }
    ],
    "committed_done_by_completion_level": {
      "deep_reviewed": 1125,
      "surface_only": 28642
    },
    "eligible": 29828,
    "invalidated_without_current_review": 0,
    "metrics": {
      "deep_reviewed": {
        "count": 1180,
        "denominator": 29828,
        "ratio": 0.03956014483036074
      },
      "historical_revision_invalidated": {
        "count": 2201,
        "denominator": 29828,
        "ratio": 0.0737897277725627
      },
      "pending_repair": {
        "count": 16,
        "denominator": 29828,
        "ratio": 0.0005364087434625185
      },
      "surface_covered": {
        "count": 29828,
        "denominator": 29828,
        "ratio": 1.0
      }
    }
  },
  "reconciliation_count": 29828
}
{
  "bytes": 35317757,
  "catalog_id": "a579d2d431de461ef2533cb4f102033abff721c86d24d5697a5eb4761d611883",
  "directory": ".artifacts/i18n/repair-window/window46-20260927-candidate-catalog",
  "entries": 29828,
  "exclusions": 480,
  "occurrences": 30308
}
