--- contextual-import: exit=0 elapsed=1.7s projections=0 projection_elapsed=0.0s
--- generate-adjudication: exit=0 elapsed=1.3s projections=0 projection_elapsed=0.0s
--- adjudicate: exit=0 elapsed=1.3s projections=0 projection_elapsed=0.0s
{
  "batch_id": "batch-956938150e4478686ed4",
  "imported": 8,
  "ok": true
}
13 条裁决 {'confirmed': 9, 'advisory': 2, 'refuted': 2} | repair 9
{
  "adjudicated": 8,
  "batch_id": "batch-956938150e4478686ed4",
  "ok": true,
  "repair_required": 5
}
CI gate log directory: /workspace/tome4-chinese-translation/.artifacts/i18n/ci-gates/run.voadjr54
PASS  01-doctor (log: /workspace/tome4-chinese-translation/.artifacts/i18n/ci-gates/run.voadjr54/01-doctor.log)
PASS  02-strict-lint (log: /workspace/tome4-chinese-translation/.artifacts/i18n/ci-gates/run.voadjr54/02-strict-lint.log)
PASS  03-test-group-registration (log: /workspace/tome4-chinese-translation/.artifacts/i18n/ci-gates/run.voadjr54/03-test-group-registration.log)
PASS  03-toolchain-unit-tests (log: /workspace/tome4-chinese-translation/.artifacts/i18n/ci-gates/run.voadjr54/03-toolchain-unit-tests.log)
PASS  04-quality-facts-unit-tests (log: /workspace/tome4-chinese-translation/.artifacts/i18n/ci-gates/run.voadjr54/04-quality-facts-unit-tests.log)
PASS  04-semantic-claim-unit-tests (log: /workspace/tome4-chinese-translation/.artifacts/i18n/ci-gates/run.voadjr54/04-semantic-claim-unit-tests.log)
PASS  04-semantic-claims-strict-registry (log: /workspace/tome4-chinese-translation/.artifacts/i18n/ci-gates/run.voadjr54/04-semantic-claims-strict-registry.log)
PASS  05-contract-suite-unit-tests (log: /workspace/tome4-chinese-translation/.artifacts/i18n/ci-gates/run.voadjr54/05-contract-suite-unit-tests.log)
FAIL  05-production-shadow-surface-ledger-tests (log: /workspace/tome4-chinese-translation/.artifacts/i18n/ci-gates/run.voadjr54/05-production-shadow-surface-ledger-tests.log)
PASS  06-runtime-collision-scan (log: /workspace/tome4-chinese-translation/.artifacts/i18n/ci-gates/run.voadjr54/06-runtime-collision-scan.log)
PASS  07-runtime-key-classification (log: /workspace/tome4-chinese-translation/.artifacts/i18n/ci-gates/run.voadjr54/07-runtime-key-classification.log)
PASS  08-terminology-static-audit (log: /workspace/tome4-chinese-translation/.artifacts/i18n/ci-gates/run.voadjr54/08-terminology-static-audit.log)
PASS  09-terminology-dynamic-audit (log: /workspace/tome4-chinese-translation/.artifacts/i18n/ci-gates/run.voadjr54/09-terminology-dynamic-audit.log)
PASS  10-domain-annotation (log: /workspace/tome4-chinese-translation/.artifacts/i18n/ci-gates/run.voadjr54/10-domain-annotation.log)
PASS  11-worktree-whitespace (log: /workspace/tome4-chinese-translation/.artifacts/i18n/ci-gates/run.voadjr54/11-worktree-whitespace.log)
PASS  11-staged-whitespace (log: /workspace/tome4-chinese-translation/.artifacts/i18n/ci-gates/run.voadjr54/11-staged-whitespace.log)
PASS  12-core-addon-build (log: /workspace/tome4-chinese-translation/.artifacts/i18n/ci-gates/run.voadjr54/12-core-addon-build.log)
GATES FAILED
ERROR: applicable gate command failed: gate result failed or incomplete
--- prepare-evidence: exit=1 elapsed=149.5s projections=0 projection_elapsed=0.0s
ERROR: prepare-evidence failed; remaining steps not run
