CI gate log directory: /workspace/tome4-chinese-translation/.artifacts/i18n/ci-gates/run.3_dvjkbr
PASS  01-doctor (log: /workspace/tome4-chinese-translation/.artifacts/i18n/ci-gates/run.3_dvjkbr/01-doctor.log)
PASS  02-strict-lint (log: /workspace/tome4-chinese-translation/.artifacts/i18n/ci-gates/run.3_dvjkbr/02-strict-lint.log)
PASS  03-test-group-registration (log: /workspace/tome4-chinese-translation/.artifacts/i18n/ci-gates/run.3_dvjkbr/03-test-group-registration.log)
PASS  03-toolchain-unit-tests (log: /workspace/tome4-chinese-translation/.artifacts/i18n/ci-gates/run.3_dvjkbr/03-toolchain-unit-tests.log)
PASS  04-quality-facts-unit-tests (log: /workspace/tome4-chinese-translation/.artifacts/i18n/ci-gates/run.3_dvjkbr/04-quality-facts-unit-tests.log)
PASS  04-semantic-claim-unit-tests (log: /workspace/tome4-chinese-translation/.artifacts/i18n/ci-gates/run.3_dvjkbr/04-semantic-claim-unit-tests.log)
PASS  04-semantic-claims-strict-registry (log: /workspace/tome4-chinese-translation/.artifacts/i18n/ci-gates/run.3_dvjkbr/04-semantic-claims-strict-registry.log)
PASS  05-contract-suite-unit-tests (log: /workspace/tome4-chinese-translation/.artifacts/i18n/ci-gates/run.3_dvjkbr/05-contract-suite-unit-tests.log)
FAIL  05-production-shadow-surface-ledger-tests (log: /workspace/tome4-chinese-translation/.artifacts/i18n/ci-gates/run.3_dvjkbr/05-production-shadow-surface-ledger-tests.log)
PASS  06-runtime-collision-scan (log: /workspace/tome4-chinese-translation/.artifacts/i18n/ci-gates/run.3_dvjkbr/06-runtime-collision-scan.log)
PASS  07-runtime-key-classification (log: /workspace/tome4-chinese-translation/.artifacts/i18n/ci-gates/run.3_dvjkbr/07-runtime-key-classification.log)
PASS  08-terminology-static-audit (log: /workspace/tome4-chinese-translation/.artifacts/i18n/ci-gates/run.3_dvjkbr/08-terminology-static-audit.log)
PASS  09-terminology-dynamic-audit (log: /workspace/tome4-chinese-translation/.artifacts/i18n/ci-gates/run.3_dvjkbr/09-terminology-dynamic-audit.log)
PASS  10-domain-annotation (log: /workspace/tome4-chinese-translation/.artifacts/i18n/ci-gates/run.3_dvjkbr/10-domain-annotation.log)
PASS  11-worktree-whitespace (log: /workspace/tome4-chinese-translation/.artifacts/i18n/ci-gates/run.3_dvjkbr/11-worktree-whitespace.log)
PASS  11-staged-whitespace (log: /workspace/tome4-chinese-translation/.artifacts/i18n/ci-gates/run.3_dvjkbr/11-staged-whitespace.log)
PASS  12-core-addon-build (log: /workspace/tome4-chinese-translation/.artifacts/i18n/ci-gates/run.3_dvjkbr/12-core-addon-build.log)
GATES FAILED
ERROR: applicable gate command failed: gate result failed or incomplete
