{"ambiguous":0,"artifact":"/workspace/tome4-chinese-translation/.artifacts/i18n/repair-window/window28-20260925-migration.json","base_commit":"483ca8ace3cf3b69d26fb61e08a640b0133435a1","dispositions":{"revision_changed":24,"unchanged":29804},"migration_id":"a5e902a351ff3790162775e8280e90503f4e7d0a07b67c76820f6312276d0f0e","new_catalog_id":"14da6ac25310ff098f018e62cd3b4cbf7fffa94762152c21a94c7705882c9f0f","new_counts":{"entry_count":29828,"exclusion_count":480,"occurrence_count":30308},"ok":true,"old_catalog_id":"cdc76147d080c57a246273344897b397c53eded5051d701a3d7974dcb1f9e0f8","old_counts":{"entry_count":29828,"exclusion_count":480,"occurrence_count":30308},"target_path":"evidence/production-review-v2-lite/migrations/a5e902a351ff3790162775e8280e90503f4e7d0a07b67c76820f6312276d0f0e.json","unmapped":0}{"ambiguous":0,"artifact":".artifacts/i18n/repair-window/window28-20260925-migration.json","base_commit":"483ca8ace3cf3b69d26fb61e08a640b0133435a1","dispositions":{"revision_changed":24,"unchanged":29804},"migration_id":"a5e902a351ff3790162775e8280e90503f4e7d0a07b67c76820f6312276d0f0e","new_catalog_id":"14da6ac25310ff098f018e62cd3b4cbf7fffa94762152c21a94c7705882c9f0f","new_counts":{"entry_count":29828,"exclusion_count":480,"occurrence_count":30308},"ok":true,"old_catalog_id":"cdc76147d080c57a246273344897b397c53eded5051d701a3d7974dcb1f9e0f8","old_counts":{"entry_count":29828,"exclusion_count":480,"occurrence_count":30308},"target_path":"evidence/production-review-v2-lite/migrations/a5e902a351ff3790162775e8280e90503f4e7d0a07b67c76820f6312276d0f0e.json","unmapped":0}{"ambiguous":0,"applied":true,"base_commit":"483ca8ace3cf3b69d26fb61e08a640b0133435a1","dispositions":{"revision_changed":24,"unchanged":29804},"migration_id":"a5e902a351ff3790162775e8280e90503f4e7d0a07b67c76820f6312276d0f0e","new_catalog_id":"14da6ac25310ff098f018e62cd3b4cbf7fffa94762152c21a94c7705882c9f0f","new_counts":{"entry_count":29828,"exclusion_count":480,"occurrence_count":30308},"ok":true,"old_catalog_id":"cdc76147d080c57a246273344897b397c53eded5051d701a3d7974dcb1f9e0f8","old_counts":{"entry_count":29828,"exclusion_count":480,"occurrence_count":30308},"queued_successors":24,"target_path":"evidence/production-review-v2-lite/migrations/a5e902a351ff3790162775e8280e90503f4e7d0a07b67c76820f6312276d0f0e.json","unmapped":0}{
  "active_writer": true,
  "catalog_id": "cdc76147d080c57a246273344897b397c53eded5051d701a3d7974dcb1f9e0f8",
  "evidence_head": "483ca8ace3cf3b69d26fb61e08a640b0133435a1",
  "explicit_overrides": {
    "blocked": 39,
    "done": 24249,
    "repair_required": 25
  },
  "implicit_queued": 5515,
  "ok": true,
  "override_basis": "sqlite_state_codes",
  "progress": {
    "basis": "committed_evidence",
    "classification": [
      {
        "count": 5508,
        "deep_reviewed": false,
        "historical_revision_invalidated": false,
        "pending_repair": false,
        "surface_covered": false
      },
      {
        "count": 7,
        "deep_reviewed": false,
        "historical_revision_invalidated": true,
        "pending_repair": false,
        "surface_covered": false
      },
      {
        "count": 0,
        "deep_reviewed": false,
        "historical_revision_invalidated": false,
        "pending_repair": true,
        "surface_covered": false
      },
      {
        "count": 0,
        "deep_reviewed": false,
        "historical_revision_invalidated": true,
        "pending_repair": true,
        "surface_covered": false
      },
      {
        "count": 0,
        "deep_reviewed": true,
        "historical_revision_invalidated": false,
        "pending_repair": false,
        "surface_covered": false
      },
      {
        "count": 0,
        "deep_reviewed": true,
        "historical_revision_invalidated": true,
        "pending_repair": false,
        "surface_covered": false
      },
      {
        "count": 0,
        "deep_reviewed": true,
        "historical_revision_invalidated": false,
        "pending_repair": true,
        "surface_covered": false
      },
      {
        "count": 0,
        "deep_reviewed": true,
        "historical_revision_invalidated": true,
        "pending_repair": true,
        "surface_covered": false
      },
      {
        "count": 21834,
        "deep_reviewed": false,
        "historical_revision_invalidated": false,
        "pending_repair": false,
        "surface_covered": true
      },
      {
        "count": 1673,
        "deep_reviewed": false,
        "historical_revision_invalidated": true,
        "pending_repair": false,
        "surface_covered": true
      },
      {
        "count": 0,
        "deep_reviewed": false,
        "historical_revision_invalidated": false,
        "pending_repair": true,
        "surface_covered": true
      },
      {
        "count": 0,
        "deep_reviewed": false,
        "historical_revision_invalidated": true,
        "pending_repair": true,
        "surface_covered": true
      },
      {
        "count": 690,
        "deep_reviewed": true,
        "historical_revision_invalidated": false,
        "pending_repair": false,
        "surface_covered": true
      },
      {
        "count": 91,
        "deep_reviewed": true,
        "historical_revision_invalidated": true,
        "pending_repair": false,
        "surface_covered": true
      },
      {
        "count": 24,
        "deep_reviewed": true,
        "historical_revision_invalidated": false,
        "pending_repair": true,
        "surface_covered": true
      },
      {
        "count": 1,
        "deep_reviewed": true,
        "historical_revision_invalidated": true,
        "pending_repair": true,
        "surface_covered": true
      }
    ],
    "committed_done_by_completion_level": {
      "deep_reviewed": 748,
      "surface_only": 23501
    },
    "eligible": 29828,
    "invalidated_without_current_review": 7,
    "metrics": {
      "deep_reviewed": {
        "count": 806,
        "denominator": 29828,
        "ratio": 0.027021590451924368
      },
      "historical_revision_invalidated": {
        "count": 1772,
        "denominator": 29828,
        "ratio": 0.059407268338473915
      },
      "pending_repair": {
        "count": 25,
        "denominator": 29828,
        "ratio": 0.0008381386616601851
      },
      "surface_covered": {
        "count": 24313,
        "denominator": 29828,
        "ratio": 0.8151066112377632
      }
    }
  },
  "reconciliation_count": 29828
}
{
  "bytes": 35323573,
  "catalog_id": "14da6ac25310ff098f018e62cd3b4cbf7fffa94762152c21a94c7705882c9f0f",
  "directory": ".artifacts/i18n/repair-window/window28-20260925-candidate-catalog",
  "entries": 29828,
  "exclusions": 480,
  "occurrences": 30308
}
