{"argv": ["python3", "-B", "tools/orchestration/run_batch_steps.py", "contextual-adjudication-chain", "--input", ".artifacts/i18n/continuation-20260923/review381-contextual-index.json", "--spec", ".artifacts/i18n/continuation-20260923/review381-host-decisions.json", "--output", ".artifacts/i18n/adjudication-chain/review381-20261001-attempt01.json", "--source-root", ".artifacts/i18n/continuation-20260923/review381-source-root"], "started_at": "2026-10-01T08:51:04.729913+00:00", "finished_at": "2026-10-01T08:53:48.789519+00:00", "wall_seconds": 164.0596046890132, "exit_code": 0, "log_path": ".artifacts/i18n/continuation-20260923/review381-adjudication-chain.log"}
claim-unit-tests.log)
PASS  04-semantic-claims-strict-registry (log: /workspace/tome4-chinese-translation/.artifacts/i18n/ci-gates/run.eem0fqe6/04-semantic-claims-strict-registry.log)
PASS  05-contract-suite-unit-tests (log: /workspace/tome4-chinese-translation/.artifacts/i18n/ci-gates/run.eem0fqe6/05-contract-suite-unit-tests.log)
PASS  05-production-shadow-surface-ledger-tests (log: /workspace/tome4-chinese-translation/.artifacts/i18n/ci-gates/run.eem0fqe6/05-production-shadow-surface-ledger-tests.log)
PASS  06-runtime-collision-scan (log: /workspace/tome4-chinese-translation/.artifacts/i18n/ci-gates/run.eem0fqe6/06-runtime-collision-scan.log)
PASS  07-runtime-key-classification (log: /workspace/tome4-chinese-translation/.artifacts/i18n/ci-gates/run.eem0fqe6/07-runtime-key-classification.log)
PASS  08-terminology-static-audit (log: /workspace/tome4-chinese-translation/.artifacts/i18n/ci-gates/run.eem0fqe6/08-terminology-static-audit.log)
PASS  09-terminology-dynamic-audit (log: /workspace/tome4-chinese-translation/.artifacts/i18n/ci-gates/run.eem0fqe6/09-terminology-dynamic-audit.log)
PASS  10-domain-annotation (log: /workspace/tome4-chinese-translation/.artifacts/i18n/ci-gates/run.eem0fqe6/10-domain-annotation.log)
PASS  11-worktree-whitespace (log: /workspace/tome4-chinese-translation/.artifacts/i18n/ci-gates/run.eem0fqe6/11-worktree-whitespace.log)
PASS  11-staged-whitespace (log: /workspace/tome4-chinese-translation/.artifacts/i18n/ci-gates/run.eem0fqe6/11-staged-whitespace.log)
PASS  12-core-addon-build (log: /workspace/tome4-chinese-translation/.artifacts/i18n/ci-gates/run.eem0fqe6/12-core-addon-build.log)
ALL GATES PASSED
--- prepare-evidence: exit=0 elapsed=159.7s projections=0 projection_elapsed=0.0s
{
  "batch_id": "batch-4584eb6ddb5e3110acab",
  "ok": true,
  "prospective": "/workspace/tome4-chinese-translation/.artifacts/i18n/production-review-v2-lite/prospective/evidence/production-review-v2-lite/batches/batch-4584eb6ddb5e3110acab",
  "results": 75
}

