{"argv": ["python3", "-B", "tools/orchestration/run_batch_steps.py", "contextual-adjudication-chain", "--input", ".artifacts/i18n/continuation-20260923/review331-contextual-index.json", "--spec", ".artifacts/i18n/continuation-20260923/review331-host-decisions.json", "--output", ".artifacts/i18n/adjudication-chain/review331-20260927-attempt01.json", "--source-root", ".artifacts/i18n/continuation-20260923/review331-source-root"], "started_at": "2026-09-27T03:34:15.462713+00:00", "finished_at": "2026-09-27T03:37:11.053675+00:00", "wall_seconds": 175.59096021601, "exit_code": 0, "log_path": ".artifacts/i18n/continuation-20260923/review331-adjudication-chain.log"}
claim-unit-tests.log)
PASS  04-semantic-claims-strict-registry (log: /workspace/tome4-chinese-translation/.artifacts/i18n/ci-gates/run.2k7rwt_h/04-semantic-claims-strict-registry.log)
PASS  05-contract-suite-unit-tests (log: /workspace/tome4-chinese-translation/.artifacts/i18n/ci-gates/run.2k7rwt_h/05-contract-suite-unit-tests.log)
PASS  05-production-shadow-surface-ledger-tests (log: /workspace/tome4-chinese-translation/.artifacts/i18n/ci-gates/run.2k7rwt_h/05-production-shadow-surface-ledger-tests.log)
PASS  06-runtime-collision-scan (log: /workspace/tome4-chinese-translation/.artifacts/i18n/ci-gates/run.2k7rwt_h/06-runtime-collision-scan.log)
PASS  07-runtime-key-classification (log: /workspace/tome4-chinese-translation/.artifacts/i18n/ci-gates/run.2k7rwt_h/07-runtime-key-classification.log)
PASS  08-terminology-static-audit (log: /workspace/tome4-chinese-translation/.artifacts/i18n/ci-gates/run.2k7rwt_h/08-terminology-static-audit.log)
PASS  09-terminology-dynamic-audit (log: /workspace/tome4-chinese-translation/.artifacts/i18n/ci-gates/run.2k7rwt_h/09-terminology-dynamic-audit.log)
PASS  10-domain-annotation (log: /workspace/tome4-chinese-translation/.artifacts/i18n/ci-gates/run.2k7rwt_h/10-domain-annotation.log)
PASS  11-worktree-whitespace (log: /workspace/tome4-chinese-translation/.artifacts/i18n/ci-gates/run.2k7rwt_h/11-worktree-whitespace.log)
PASS  11-staged-whitespace (log: /workspace/tome4-chinese-translation/.artifacts/i18n/ci-gates/run.2k7rwt_h/11-staged-whitespace.log)
PASS  12-core-addon-build (log: /workspace/tome4-chinese-translation/.artifacts/i18n/ci-gates/run.2k7rwt_h/12-core-addon-build.log)
ALL GATES PASSED
--- prepare-evidence: exit=0 elapsed=171.1s projections=0 projection_elapsed=0.0s
{
  "batch_id": "batch-4d2f8031e94dec5144e8",
  "ok": true,
  "prospective": "/workspace/tome4-chinese-translation/.artifacts/i18n/production-review-v2-lite/prospective/evidence/production-review-v2-lite/batches/batch-4d2f8031e94dec5144e8",
  "results": 80
}

