{"argv": ["python3", "-B", "tools/orchestration/run_batch_steps.py", "contextual-adjudication-chain", "--input", ".artifacts/i18n/continuation-20260923/review354-contextual-index.json", "--spec", ".artifacts/i18n/continuation-20260923/review354-host-decisions.json", "--output", ".artifacts/i18n/adjudication-chain/review354-20260927-attempt01.json", "--source-root", ".artifacts/i18n/continuation-20260923/review354-source-root"], "started_at": "2026-09-27T16:52:16.287169+00:00", "finished_at": "2026-09-27T16:55:01.480463+00:00", "wall_seconds": 165.19330022099894, "exit_code": 0, "log_path": ".artifacts/i18n/continuation-20260923/review354-adjudication-chain.log"}
claim-unit-tests.log)
PASS  04-semantic-claims-strict-registry (log: /workspace/tome4-chinese-translation/.artifacts/i18n/ci-gates/run.uk7zae53/04-semantic-claims-strict-registry.log)
PASS  05-contract-suite-unit-tests (log: /workspace/tome4-chinese-translation/.artifacts/i18n/ci-gates/run.uk7zae53/05-contract-suite-unit-tests.log)
PASS  05-production-shadow-surface-ledger-tests (log: /workspace/tome4-chinese-translation/.artifacts/i18n/ci-gates/run.uk7zae53/05-production-shadow-surface-ledger-tests.log)
PASS  06-runtime-collision-scan (log: /workspace/tome4-chinese-translation/.artifacts/i18n/ci-gates/run.uk7zae53/06-runtime-collision-scan.log)
PASS  07-runtime-key-classification (log: /workspace/tome4-chinese-translation/.artifacts/i18n/ci-gates/run.uk7zae53/07-runtime-key-classification.log)
PASS  08-terminology-static-audit (log: /workspace/tome4-chinese-translation/.artifacts/i18n/ci-gates/run.uk7zae53/08-terminology-static-audit.log)
PASS  09-terminology-dynamic-audit (log: /workspace/tome4-chinese-translation/.artifacts/i18n/ci-gates/run.uk7zae53/09-terminology-dynamic-audit.log)
PASS  10-domain-annotation (log: /workspace/tome4-chinese-translation/.artifacts/i18n/ci-gates/run.uk7zae53/10-domain-annotation.log)
PASS  11-worktree-whitespace (log: /workspace/tome4-chinese-translation/.artifacts/i18n/ci-gates/run.uk7zae53/11-worktree-whitespace.log)
PASS  11-staged-whitespace (log: /workspace/tome4-chinese-translation/.artifacts/i18n/ci-gates/run.uk7zae53/11-staged-whitespace.log)
PASS  12-core-addon-build (log: /workspace/tome4-chinese-translation/.artifacts/i18n/ci-gates/run.uk7zae53/12-core-addon-build.log)
ALL GATES PASSED
--- prepare-evidence: exit=0 elapsed=160.9s projections=0 projection_elapsed=0.0s
{
  "batch_id": "batch-cae8d8bde9f429a45a88",
  "ok": true,
  "prospective": "/workspace/tome4-chinese-translation/.artifacts/i18n/production-review-v2-lite/prospective/evidence/production-review-v2-lite/batches/batch-cae8d8bde9f429a45a88",
  "results": 80
}

