{"ambiguous":0,"artifact":"/workspace/tome4-chinese-translation/.artifacts/i18n/repair-window/window50-20260928-migration.json","base_commit":"a674a4b5d2666da9eb8bc63cc391af56b33d4c7e","dispositions":{"revision_changed":27,"unchanged":29801},"migration_id":"d98cee5629b82fc69dc51663d72e5a29c14090d6e960e4c113b109a17d70c476","new_catalog_id":"19d3fa4cc1b61cda24d1d9995d74d02a0458d32d7b6d180c18940c42b12e24fa","new_counts":{"entry_count":29828,"exclusion_count":480,"occurrence_count":30308},"ok":true,"old_catalog_id":"1e92b9c03ee8e5d7b2ce7b769014b850c458b5b012dbcde22786434da2e661f0","old_counts":{"entry_count":29828,"exclusion_count":480,"occurrence_count":30308},"target_path":"evidence/production-review-v2-lite/migrations/d98cee5629b82fc69dc51663d72e5a29c14090d6e960e4c113b109a17d70c476.json","unmapped":0}{"ambiguous":0,"artifact":".artifacts/i18n/repair-window/window50-20260928-migration.json","base_commit":"a674a4b5d2666da9eb8bc63cc391af56b33d4c7e","dispositions":{"revision_changed":27,"unchanged":29801},"migration_id":"d98cee5629b82fc69dc51663d72e5a29c14090d6e960e4c113b109a17d70c476","new_catalog_id":"19d3fa4cc1b61cda24d1d9995d74d02a0458d32d7b6d180c18940c42b12e24fa","new_counts":{"entry_count":29828,"exclusion_count":480,"occurrence_count":30308},"ok":true,"old_catalog_id":"1e92b9c03ee8e5d7b2ce7b769014b850c458b5b012dbcde22786434da2e661f0","old_counts":{"entry_count":29828,"exclusion_count":480,"occurrence_count":30308},"target_path":"evidence/production-review-v2-lite/migrations/d98cee5629b82fc69dc51663d72e5a29c14090d6e960e4c113b109a17d70c476.json","unmapped":0}{"ambiguous":0,"applied":true,"base_commit":"a674a4b5d2666da9eb8bc63cc391af56b33d4c7e","dispositions":{"revision_changed":27,"unchanged":29801},"migration_id":"d98cee5629b82fc69dc51663d72e5a29c14090d6e960e4c113b109a17d70c476","new_catalog_id":"19d3fa4cc1b61cda24d1d9995d74d02a0458d32d7b6d180c18940c42b12e24fa","new_counts":{"entry_count":29828,"exclusion_count":480,"occurrence_count":30308},"ok":true,"old_catalog_id":"1e92b9c03ee8e5d7b2ce7b769014b850c458b5b012dbcde22786434da2e661f0","old_counts":{"entry_count":29828,"exclusion_count":480,"occurrence_count":30308},"queued_successors":27,"target_path":"evidence/production-review-v2-lite/migrations/d98cee5629b82fc69dc51663d72e5a29c14090d6e960e4c113b109a17d70c476.json","unmapped":0}{
  "active_writer": true,
  "catalog_id": "1e92b9c03ee8e5d7b2ce7b769014b850c458b5b012dbcde22786434da2e661f0",
  "evidence_head": "a674a4b5d2666da9eb8bc63cc391af56b33d4c7e",
  "explicit_overrides": {
    "blocked": 25,
    "done": 29802,
    "repair_required": 1
  },
  "implicit_queued": 0,
  "ok": true,
  "override_basis": "sqlite_state_codes",
  "progress": {
    "basis": "committed_evidence",
    "classification": [
      {
        "count": 0,
        "deep_reviewed": false,
        "historical_revision_invalidated": false,
        "pending_repair": false,
        "surface_covered": false
      },
      {
        "count": 0,
        "deep_reviewed": false,
        "historical_revision_invalidated": true,
        "pending_repair": false,
        "surface_covered": false
      },
      {
        "count": 0,
        "deep_reviewed": false,
        "historical_revision_invalidated": false,
        "pending_repair": true,
        "surface_covered": false
      },
      {
        "count": 0,
        "deep_reviewed": false,
        "historical_revision_invalidated": true,
        "pending_repair": true,
        "surface_covered": false
      },
      {
        "count": 0,
        "deep_reviewed": true,
        "historical_revision_invalidated": false,
        "pending_repair": false,
        "surface_covered": false
      },
      {
        "count": 0,
        "deep_reviewed": true,
        "historical_revision_invalidated": true,
        "pending_repair": false,
        "surface_covered": false
      },
      {
        "count": 0,
        "deep_reviewed": true,
        "historical_revision_invalidated": false,
        "pending_repair": true,
        "surface_covered": false
      },
      {
        "count": 0,
        "deep_reviewed": true,
        "historical_revision_invalidated": true,
        "pending_repair": true,
        "surface_covered": false
      },
      {
        "count": 26484,
        "deep_reviewed": false,
        "historical_revision_invalidated": false,
        "pending_repair": false,
        "surface_covered": true
      },
      {
        "count": 2208,
        "deep_reviewed": false,
        "historical_revision_invalidated": true,
        "pending_repair": false,
        "surface_covered": true
      },
      {
        "count": 0,
        "deep_reviewed": false,
        "historical_revision_invalidated": false,
        "pending_repair": true,
        "surface_covered": true
      },
      {
        "count": 0,
        "deep_reviewed": false,
        "historical_revision_invalidated": true,
        "pending_repair": true,
        "surface_covered": true
      },
      {
        "count": 1012,
        "deep_reviewed": true,
        "historical_revision_invalidated": false,
        "pending_repair": false,
        "surface_covered": true
      },
      {
        "count": 123,
        "deep_reviewed": true,
        "historical_revision_invalidated": true,
        "pending_repair": false,
        "surface_covered": true
      },
      {
        "count": 0,
        "deep_reviewed": true,
        "historical_revision_invalidated": false,
        "pending_repair": true,
        "surface_covered": true
      },
      {
        "count": 1,
        "deep_reviewed": true,
        "historical_revision_invalidated": true,
        "pending_repair": true,
        "surface_covered": true
      }
    ],
    "committed_done_by_completion_level": {
      "deep_reviewed": 1116,
      "surface_only": 28686
    },
    "eligible": 29828,
    "invalidated_without_current_review": 0,
    "metrics": {
      "deep_reviewed": {
        "count": 1136,
        "denominator": 29828,
        "ratio": 0.03808502078583881
      },
      "historical_revision_invalidated": {
        "count": 2332,
        "denominator": 29828,
        "ratio": 0.07818157435966207
      },
      "pending_repair": {
        "count": 1,
        "denominator": 29828,
        "ratio": 3.3525546466407405e-05
      },
      "surface_covered": {
        "count": 29828,
        "denominator": 29828,
        "ratio": 1.0
      }
    }
  },
  "reconciliation_count": 29828
}
{
  "bytes": 35318050,
  "catalog_id": "19d3fa4cc1b61cda24d1d9995d74d02a0458d32d7b6d180c18940c42b12e24fa",
  "directory": ".artifacts/i18n/repair-window/window50-20260928-candidate-catalog",
  "entries": 29828,
  "exclusions": 480,
  "occurrences": 30308
}
