--- contextual-import: exit=0 elapsed=2.1s projections=0 projection_elapsed=0.0s
--- generate-adjudication: exit=0 elapsed=1.4s projections=0 projection_elapsed=0.0s
--- adjudicate: exit=0 elapsed=1.5s projections=0 projection_elapsed=0.0s
{
  "batch_id": "batch-cb782c29f8583a6e6046",
  "imported": 11,
  "ok": true
}
18 条裁决 {'confirmed': 10, 'refuted': 3, 'advisory': 5} | repair 10
{
  "adjudicated": 11,
  "batch_id": "batch-cb782c29f8583a6e6046",
  "ok": true,
  "repair_required": 5
}
CI gate log directory: /workspace/tome4-chinese-translation/.artifacts/i18n/ci-gates/run.y8fijhs2
PASS  01-doctor (log: /workspace/tome4-chinese-translation/.artifacts/i18n/ci-gates/run.y8fijhs2/01-doctor.log)
PASS  02-strict-lint (log: /workspace/tome4-chinese-translation/.artifacts/i18n/ci-gates/run.y8fijhs2/02-strict-lint.log)
PASS  03-test-group-registration (log: /workspace/tome4-chinese-translation/.artifacts/i18n/ci-gates/run.y8fijhs2/03-test-group-registration.log)
PASS  03-toolchain-unit-tests (log: /workspace/tome4-chinese-translation/.artifacts/i18n/ci-gates/run.y8fijhs2/03-toolchain-unit-tests.log)
PASS  04-quality-facts-unit-tests (log: /workspace/tome4-chinese-translation/.artifacts/i18n/ci-gates/run.y8fijhs2/04-quality-facts-unit-tests.log)
PASS  04-semantic-claim-unit-tests (log: /workspace/tome4-chinese-translation/.artifacts/i18n/ci-gates/run.y8fijhs2/04-semantic-claim-unit-tests.log)
PASS  04-semantic-claims-strict-registry (log: /workspace/tome4-chinese-translation/.artifacts/i18n/ci-gates/run.y8fijhs2/04-semantic-claims-strict-registry.log)
PASS  05-contract-suite-unit-tests (log: /workspace/tome4-chinese-translation/.artifacts/i18n/ci-gates/run.y8fijhs2/05-contract-suite-unit-tests.log)
PASS  05-production-shadow-surface-ledger-tests (log: /workspace/tome4-chinese-translation/.artifacts/i18n/ci-gates/run.y8fijhs2/05-production-shadow-surface-ledger-tests.log)
PASS  06-runtime-collision-scan (log: /workspace/tome4-chinese-translation/.artifacts/i18n/ci-gates/run.y8fijhs2/06-runtime-collision-scan.log)
PASS  07-runtime-key-classification (log: /workspace/tome4-chinese-translation/.artifacts/i18n/ci-gates/run.y8fijhs2/07-runtime-key-classification.log)
PASS  08-terminology-static-audit (log: /workspace/tome4-chinese-translation/.artifacts/i18n/ci-gates/run.y8fijhs2/08-terminology-static-audit.log)
PASS  09-terminology-dynamic-audit (log: /workspace/tome4-chinese-translation/.artifacts/i18n/ci-gates/run.y8fijhs2/09-terminology-dynamic-audit.log)
PASS  10-domain-annotation (log: /workspace/tome4-chinese-translation/.artifacts/i18n/ci-gates/run.y8fijhs2/10-domain-annotation.log)
PASS  11-worktree-whitespace (log: /workspace/tome4-chinese-translation/.artifacts/i18n/ci-gates/run.y8fijhs2/11-worktree-whitespace.log)
PASS  11-staged-whitespace (log: /workspace/tome4-chinese-translation/.artifacts/i18n/ci-gates/run.y8fijhs2/11-staged-whitespace.log)
PASS  12-core-addon-build (log: /workspace/tome4-chinese-translation/.artifacts/i18n/ci-gates/run.y8fijhs2/12-core-addon-build.log)
ALL GATES PASSED
--- prepare-evidence: exit=0 elapsed=174.0s projections=0 projection_elapsed=0.0s
{
  "batch_id": "batch-cb782c29f8583a6e6046",
  "ok": true,
  "prospective": "/workspace/tome4-chinese-translation/.artifacts/i18n/production-review-v2-lite/prospective/evidence/production-review-v2-lite/batches/batch-cb782c29f8583a6e6046",
  "results": 80
}
