{"ambiguous":0,"artifact":"/workspace/tome4-chinese-translation/.artifacts/i18n/repair-window/window59-20261001-migration.json","base_commit":"e6dce58129eee458c9bd3db2d769755206817775","dispositions":{"revision_changed":44,"unchanged":29784},"migration_id":"dd0d78d9bc040f1eed73862fcf7ad3b1e283681d8096eac44fa9505e0793acf0","new_catalog_id":"0e9e1d992c510295a74b2f33bcdcf413872855f10cf6763599ffc2b51db21e9c","new_counts":{"entry_count":29828,"exclusion_count":480,"occurrence_count":30308},"ok":true,"old_catalog_id":"c88df57ccaac855978d5f6b71e7e004deb1fa71f3b81c10334a8e11df2fcdd3b","old_counts":{"entry_count":29828,"exclusion_count":480,"occurrence_count":30308},"target_path":"evidence/production-review-v2-lite/migrations/dd0d78d9bc040f1eed73862fcf7ad3b1e283681d8096eac44fa9505e0793acf0.json","unmapped":0}{"ambiguous":0,"artifact":".artifacts/i18n/repair-window/window59-20261001-migration.json","base_commit":"e6dce58129eee458c9bd3db2d769755206817775","dispositions":{"revision_changed":44,"unchanged":29784},"migration_id":"dd0d78d9bc040f1eed73862fcf7ad3b1e283681d8096eac44fa9505e0793acf0","new_catalog_id":"0e9e1d992c510295a74b2f33bcdcf413872855f10cf6763599ffc2b51db21e9c","new_counts":{"entry_count":29828,"exclusion_count":480,"occurrence_count":30308},"ok":true,"old_catalog_id":"c88df57ccaac855978d5f6b71e7e004deb1fa71f3b81c10334a8e11df2fcdd3b","old_counts":{"entry_count":29828,"exclusion_count":480,"occurrence_count":30308},"target_path":"evidence/production-review-v2-lite/migrations/dd0d78d9bc040f1eed73862fcf7ad3b1e283681d8096eac44fa9505e0793acf0.json","unmapped":0}{"ambiguous":0,"applied":true,"base_commit":"e6dce58129eee458c9bd3db2d769755206817775","dispositions":{"revision_changed":44,"unchanged":29784},"migration_id":"dd0d78d9bc040f1eed73862fcf7ad3b1e283681d8096eac44fa9505e0793acf0","new_catalog_id":"0e9e1d992c510295a74b2f33bcdcf413872855f10cf6763599ffc2b51db21e9c","new_counts":{"entry_count":29828,"exclusion_count":480,"occurrence_count":30308},"ok":true,"old_catalog_id":"c88df57ccaac855978d5f6b71e7e004deb1fa71f3b81c10334a8e11df2fcdd3b","old_counts":{"entry_count":29828,"exclusion_count":480,"occurrence_count":30308},"queued_successors":44,"target_path":"evidence/production-review-v2-lite/migrations/dd0d78d9bc040f1eed73862fcf7ad3b1e283681d8096eac44fa9505e0793acf0.json","unmapped":0}{
  "active_writer": true,
  "catalog_id": "c88df57ccaac855978d5f6b71e7e004deb1fa71f3b81c10334a8e11df2fcdd3b",
  "evidence_head": "e6dce58129eee458c9bd3db2d769755206817775",
  "explicit_overrides": {
    "blocked": 14,
    "done": 29577,
    "repair_required": 4
  },
  "implicit_queued": 233,
  "ok": true,
  "override_basis": "sqlite_state_codes",
  "progress": {
    "basis": "committed_evidence",
    "classification": [
      {
        "count": 0,
        "deep_reviewed": false,
        "historical_revision_invalidated": false,
        "pending_repair": false,
        "surface_covered": false
      },
      {
        "count": 233,
        "deep_reviewed": false,
        "historical_revision_invalidated": true,
        "pending_repair": false,
        "surface_covered": false
      },
      {
        "count": 0,
        "deep_reviewed": false,
        "historical_revision_invalidated": false,
        "pending_repair": true,
        "surface_covered": false
      },
      {
        "count": 0,
        "deep_reviewed": false,
        "historical_revision_invalidated": true,
        "pending_repair": true,
        "surface_covered": false
      },
      {
        "count": 0,
        "deep_reviewed": true,
        "historical_revision_invalidated": false,
        "pending_repair": false,
        "surface_covered": false
      },
      {
        "count": 0,
        "deep_reviewed": true,
        "historical_revision_invalidated": true,
        "pending_repair": false,
        "surface_covered": false
      },
      {
        "count": 0,
        "deep_reviewed": true,
        "historical_revision_invalidated": false,
        "pending_repair": true,
        "surface_covered": false
      },
      {
        "count": 0,
        "deep_reviewed": true,
        "historical_revision_invalidated": true,
        "pending_repair": true,
        "surface_covered": false
      },
      {
        "count": 25991,
        "deep_reviewed": false,
        "historical_revision_invalidated": false,
        "pending_repair": false,
        "surface_covered": true
      },
      {
        "count": 2523,
        "deep_reviewed": false,
        "historical_revision_invalidated": true,
        "pending_repair": false,
        "surface_covered": true
      },
      {
        "count": 0,
        "deep_reviewed": false,
        "historical_revision_invalidated": false,
        "pending_repair": true,
        "surface_covered": true
      },
      {
        "count": 0,
        "deep_reviewed": false,
        "historical_revision_invalidated": true,
        "pending_repair": true,
        "surface_covered": true
      },
      {
        "count": 942,
        "deep_reviewed": true,
        "historical_revision_invalidated": false,
        "pending_repair": false,
        "surface_covered": true
      },
      {
        "count": 135,
        "deep_reviewed": true,
        "historical_revision_invalidated": true,
        "pending_repair": false,
        "surface_covered": true
      },
      {
        "count": 0,
        "deep_reviewed": true,
        "historical_revision_invalidated": false,
        "pending_repair": true,
        "surface_covered": true
      },
      {
        "count": 4,
        "deep_reviewed": true,
        "historical_revision_invalidated": true,
        "pending_repair": true,
        "surface_covered": true
      }
    ],
    "committed_done_by_completion_level": {
      "deep_reviewed": 1069,
      "surface_only": 28508
    },
    "eligible": 29828,
    "invalidated_without_current_review": 233,
    "metrics": {
      "deep_reviewed": {
        "count": 1081,
        "denominator": 29828,
        "ratio": 0.0362411157301864
      },
      "historical_revision_invalidated": {
        "count": 2895,
        "denominator": 29828,
        "ratio": 0.09705645702024943
      },
      "pending_repair": {
        "count": 4,
        "denominator": 29828,
        "ratio": 0.00013410218586562962
      },
      "surface_covered": {
        "count": 29595,
        "denominator": 29828,
        "ratio": 0.9921885476733271
      }
    }
  },
  "reconciliation_count": 29828
}
{
  "bytes": 35320276,
  "catalog_id": "0e9e1d992c510295a74b2f33bcdcf413872855f10cf6763599ffc2b51db21e9c",
  "directory": ".artifacts/i18n/repair-window/window59-20261001-candidate-catalog",
  "entries": 29828,
  "exclusions": 480,
  "occurrences": 30308
}
