{"ambiguous":0,"artifact":"/workspace/tome4-chinese-translation/.artifacts/i18n/merge-audit-20260929/merge-migration.json","base_commit":"29cb2159d215826a82cd8bd5f493482e9b2704ab","dispositions":{"revision_changed":375,"unchanged":29453},"migration_id":"037915d9f7b6d248533d1f79f6c347a586bf3217936aef026ed46d5250db564b","new_catalog_id":"ff7fda04eee846042426461b900a40db58268e8337afdbc25e46544cb3e75d54","new_counts":{"entry_count":29828,"exclusion_count":480,"occurrence_count":30308},"ok":true,"old_catalog_id":"538a4d20024882e2bf0908ca25a3185a0de5d60fa78eb92bff1f852aa55f0d13","old_counts":{"entry_count":29828,"exclusion_count":480,"occurrence_count":30308},"target_path":"evidence/production-review-v2-lite/migrations/037915d9f7b6d248533d1f79f6c347a586bf3217936aef026ed46d5250db564b.json","unmapped":0}{"ambiguous":0,"artifact":".artifacts/i18n/merge-audit-20260929/merge-migration.json","base_commit":"29cb2159d215826a82cd8bd5f493482e9b2704ab","dispositions":{"revision_changed":375,"unchanged":29453},"migration_id":"037915d9f7b6d248533d1f79f6c347a586bf3217936aef026ed46d5250db564b","new_catalog_id":"ff7fda04eee846042426461b900a40db58268e8337afdbc25e46544cb3e75d54","new_counts":{"entry_count":29828,"exclusion_count":480,"occurrence_count":30308},"ok":true,"old_catalog_id":"538a4d20024882e2bf0908ca25a3185a0de5d60fa78eb92bff1f852aa55f0d13","old_counts":{"entry_count":29828,"exclusion_count":480,"occurrence_count":30308},"target_path":"evidence/production-review-v2-lite/migrations/037915d9f7b6d248533d1f79f6c347a586bf3217936aef026ed46d5250db564b.json","unmapped":0}{"ambiguous":0,"applied":true,"base_commit":"29cb2159d215826a82cd8bd5f493482e9b2704ab","dispositions":{"revision_changed":375,"unchanged":29453},"migration_id":"037915d9f7b6d248533d1f79f6c347a586bf3217936aef026ed46d5250db564b","new_catalog_id":"ff7fda04eee846042426461b900a40db58268e8337afdbc25e46544cb3e75d54","new_counts":{"entry_count":29828,"exclusion_count":480,"occurrence_count":30308},"ok":true,"old_catalog_id":"538a4d20024882e2bf0908ca25a3185a0de5d60fa78eb92bff1f852aa55f0d13","old_counts":{"entry_count":29828,"exclusion_count":480,"occurrence_count":30308},"queued_successors":375,"target_path":"evidence/production-review-v2-lite/migrations/037915d9f7b6d248533d1f79f6c347a586bf3217936aef026ed46d5250db564b.json","unmapped":0}{
  "active_writer": true,
  "catalog_id": "538a4d20024882e2bf0908ca25a3185a0de5d60fa78eb92bff1f852aa55f0d13",
  "evidence_head": "29cb2159d215826a82cd8bd5f493482e9b2704ab",
  "explicit_overrides": {
    "blocked": 25,
    "done": 29802,
    "repair_required": 1
  },
  "implicit_queued": 0,
  "ok": true,
  "override_basis": "sqlite_state_codes",
  "progress": {
    "basis": "committed_evidence",
    "classification": [
      {
        "count": 0,
        "deep_reviewed": false,
        "historical_revision_invalidated": false,
        "pending_repair": false,
        "surface_covered": false
      },
      {
        "count": 0,
        "deep_reviewed": false,
        "historical_revision_invalidated": true,
        "pending_repair": false,
        "surface_covered": false
      },
      {
        "count": 0,
        "deep_reviewed": false,
        "historical_revision_invalidated": false,
        "pending_repair": true,
        "surface_covered": false
      },
      {
        "count": 0,
        "deep_reviewed": false,
        "historical_revision_invalidated": true,
        "pending_repair": true,
        "surface_covered": false
      },
      {
        "count": 0,
        "deep_reviewed": true,
        "historical_revision_invalidated": false,
        "pending_repair": false,
        "surface_covered": false
      },
      {
        "count": 0,
        "deep_reviewed": true,
        "historical_revision_invalidated": true,
        "pending_repair": false,
        "surface_covered": false
      },
      {
        "count": 0,
        "deep_reviewed": true,
        "historical_revision_invalidated": false,
        "pending_repair": true,
        "surface_covered": false
      },
      {
        "count": 0,
        "deep_reviewed": true,
        "historical_revision_invalidated": true,
        "pending_repair": true,
        "surface_covered": false
      },
      {
        "count": 26464,
        "deep_reviewed": false,
        "historical_revision_invalidated": false,
        "pending_repair": false,
        "surface_covered": true
      },
      {
        "count": 2234,
        "deep_reviewed": false,
        "historical_revision_invalidated": true,
        "pending_repair": false,
        "surface_covered": true
      },
      {
        "count": 0,
        "deep_reviewed": false,
        "historical_revision_invalidated": false,
        "pending_repair": true,
        "surface_covered": true
      },
      {
        "count": 0,
        "deep_reviewed": false,
        "historical_revision_invalidated": true,
        "pending_repair": true,
        "surface_covered": true
      },
      {
        "count": 1003,
        "deep_reviewed": true,
        "historical_revision_invalidated": false,
        "pending_repair": false,
        "surface_covered": true
      },
      {
        "count": 126,
        "deep_reviewed": true,
        "historical_revision_invalidated": true,
        "pending_repair": false,
        "surface_covered": true
      },
      {
        "count": 0,
        "deep_reviewed": true,
        "historical_revision_invalidated": false,
        "pending_repair": true,
        "surface_covered": true
      },
      {
        "count": 1,
        "deep_reviewed": true,
        "historical_revision_invalidated": true,
        "pending_repair": true,
        "surface_covered": true
      }
    ],
    "committed_done_by_completion_level": {
      "deep_reviewed": 1110,
      "surface_only": 28692
    },
    "eligible": 29828,
    "invalidated_without_current_review": 0,
    "metrics": {
      "deep_reviewed": {
        "count": 1130,
        "denominator": 29828,
        "ratio": 0.03788386750704036
      },
      "historical_revision_invalidated": {
        "count": 2361,
        "denominator": 29828,
        "ratio": 0.07915381520718788
      },
      "pending_repair": {
        "count": 1,
        "denominator": 29828,
        "ratio": 3.3525546466407405e-05
      },
      "surface_covered": {
        "count": 29828,
        "denominator": 29828,
        "ratio": 1.0
      }
    }
  },
  "reconciliation_count": 29828
}
{
  "bytes": 35318957,
  "catalog_id": "ff7fda04eee846042426461b900a40db58268e8337afdbc25e46544cb3e75d54",
  "directory": ".artifacts/i18n/merge-audit-20260929/merge-candidate-catalog",
  "entries": 29828,
  "exclusions": 480,
  "occurrences": 30308
}
