{"ambiguous":0,"artifact":"/workspace/tome4-chinese-translation/.artifacts/i18n/repair-window/window41-20260927-migration.json","base_commit":"399a3ae5b406b3e59aa9ff39c39dd1ef203a4369","dispositions":{"revision_changed":22,"unchanged":29806},"migration_id":"db9e58d6af47f261dc6a92abc1745ba7cc563dbfb7d29c7bb82a850215e0f3ef","new_catalog_id":"c0406a5df9c4132ce21f0e9cf497aa4a4db6c99515cdf9d1241c3ec4d963a186","new_counts":{"entry_count":29828,"exclusion_count":480,"occurrence_count":30308},"ok":true,"old_catalog_id":"a1da5518961a538373c3b21cdca9ee57055372a5da9b5580549e9e85b1e838c5","old_counts":{"entry_count":29828,"exclusion_count":480,"occurrence_count":30308},"target_path":"evidence/production-review-v2-lite/migrations/db9e58d6af47f261dc6a92abc1745ba7cc563dbfb7d29c7bb82a850215e0f3ef.json","unmapped":0}{"ambiguous":0,"artifact":".artifacts/i18n/repair-window/window41-20260927-migration.json","base_commit":"399a3ae5b406b3e59aa9ff39c39dd1ef203a4369","dispositions":{"revision_changed":22,"unchanged":29806},"migration_id":"db9e58d6af47f261dc6a92abc1745ba7cc563dbfb7d29c7bb82a850215e0f3ef","new_catalog_id":"c0406a5df9c4132ce21f0e9cf497aa4a4db6c99515cdf9d1241c3ec4d963a186","new_counts":{"entry_count":29828,"exclusion_count":480,"occurrence_count":30308},"ok":true,"old_catalog_id":"a1da5518961a538373c3b21cdca9ee57055372a5da9b5580549e9e85b1e838c5","old_counts":{"entry_count":29828,"exclusion_count":480,"occurrence_count":30308},"target_path":"evidence/production-review-v2-lite/migrations/db9e58d6af47f261dc6a92abc1745ba7cc563dbfb7d29c7bb82a850215e0f3ef.json","unmapped":0}{"ambiguous":0,"applied":true,"base_commit":"399a3ae5b406b3e59aa9ff39c39dd1ef203a4369","dispositions":{"revision_changed":22,"unchanged":29806},"migration_id":"db9e58d6af47f261dc6a92abc1745ba7cc563dbfb7d29c7bb82a850215e0f3ef","new_catalog_id":"c0406a5df9c4132ce21f0e9cf497aa4a4db6c99515cdf9d1241c3ec4d963a186","new_counts":{"entry_count":29828,"exclusion_count":480,"occurrence_count":30308},"ok":true,"old_catalog_id":"a1da5518961a538373c3b21cdca9ee57055372a5da9b5580549e9e85b1e838c5","old_counts":{"entry_count":29828,"exclusion_count":480,"occurrence_count":30308},"queued_successors":22,"target_path":"evidence/production-review-v2-lite/migrations/db9e58d6af47f261dc6a92abc1745ba7cc563dbfb7d29c7bb82a850215e0f3ef.json","unmapped":0}{
  "active_writer": true,
  "catalog_id": "a1da5518961a538373c3b21cdca9ee57055372a5da9b5580549e9e85b1e838c5",
  "evidence_head": "399a3ae5b406b3e59aa9ff39c39dd1ef203a4369",
  "explicit_overrides": {
    "blocked": 45,
    "done": 28091,
    "repair_required": 23
  },
  "implicit_queued": 1669,
  "ok": true,
  "override_basis": "sqlite_state_codes",
  "progress": {
    "basis": "committed_evidence",
    "classification": [
      {
        "count": 1618,
        "deep_reviewed": false,
        "historical_revision_invalidated": false,
        "pending_repair": false,
        "surface_covered": false
      },
      {
        "count": 51,
        "deep_reviewed": false,
        "historical_revision_invalidated": true,
        "pending_repair": false,
        "surface_covered": false
      },
      {
        "count": 0,
        "deep_reviewed": false,
        "historical_revision_invalidated": false,
        "pending_repair": true,
        "surface_covered": false
      },
      {
        "count": 0,
        "deep_reviewed": false,
        "historical_revision_invalidated": true,
        "pending_repair": true,
        "surface_covered": false
      },
      {
        "count": 0,
        "deep_reviewed": true,
        "historical_revision_invalidated": false,
        "pending_repair": false,
        "surface_covered": false
      },
      {
        "count": 0,
        "deep_reviewed": true,
        "historical_revision_invalidated": true,
        "pending_repair": false,
        "surface_covered": false
      },
      {
        "count": 0,
        "deep_reviewed": true,
        "historical_revision_invalidated": false,
        "pending_repair": true,
        "surface_covered": false
      },
      {
        "count": 0,
        "deep_reviewed": true,
        "historical_revision_invalidated": true,
        "pending_repair": true,
        "surface_covered": false
      },
      {
        "count": 25160,
        "deep_reviewed": false,
        "historical_revision_invalidated": false,
        "pending_repair": false,
        "surface_covered": true
      },
      {
        "count": 1918,
        "deep_reviewed": false,
        "historical_revision_invalidated": true,
        "pending_repair": false,
        "surface_covered": true
      },
      {
        "count": 0,
        "deep_reviewed": false,
        "historical_revision_invalidated": false,
        "pending_repair": true,
        "surface_covered": true
      },
      {
        "count": 0,
        "deep_reviewed": false,
        "historical_revision_invalidated": true,
        "pending_repair": true,
        "surface_covered": true
      },
      {
        "count": 947,
        "deep_reviewed": true,
        "historical_revision_invalidated": false,
        "pending_repair": false,
        "surface_covered": true
      },
      {
        "count": 111,
        "deep_reviewed": true,
        "historical_revision_invalidated": true,
        "pending_repair": false,
        "surface_covered": true
      },
      {
        "count": 22,
        "deep_reviewed": true,
        "historical_revision_invalidated": false,
        "pending_repair": true,
        "surface_covered": true
      },
      {
        "count": 1,
        "deep_reviewed": true,
        "historical_revision_invalidated": true,
        "pending_repair": true,
        "surface_covered": true
      }
    ],
    "committed_done_by_completion_level": {
      "deep_reviewed": 1019,
      "surface_only": 27072
    },
    "eligible": 29828,
    "invalidated_without_current_review": 51,
    "metrics": {
      "deep_reviewed": {
        "count": 1081,
        "denominator": 29828,
        "ratio": 0.0362411157301864
      },
      "historical_revision_invalidated": {
        "count": 2081,
        "denominator": 29828,
        "ratio": 0.0697666621965938
      },
      "pending_repair": {
        "count": 23,
        "denominator": 29828,
        "ratio": 0.0007710875687273703
      },
      "surface_covered": {
        "count": 28159,
        "denominator": 29828,
        "ratio": 0.9440458629475661
      }
    }
  },
  "reconciliation_count": 29828
}
{
  "bytes": 35319913,
  "catalog_id": "c0406a5df9c4132ce21f0e9cf497aa4a4db6c99515cdf9d1241c3ec4d963a186",
  "directory": ".artifacts/i18n/repair-window/window41-20260927-candidate-catalog",
  "entries": 29828,
  "exclusions": 480,
  "occurrences": 30308
}
