{"ambiguous":0,"artifact":"/workspace/tome4-chinese-translation/.artifacts/i18n/repair-window/window58-20261001-migration.json","base_commit":"54c307a7300b08c917b16d6f4ff0001c19e70b9d","dispositions":{"revision_changed":3,"unchanged":29825},"migration_id":"2f023eaf7da8e87222d2d242509b8b9ef2d040b0a77226c598dff8ae6265894d","new_catalog_id":"34b6eb1b93d977a0919cb2f67967632f079c88904afd5992e602b9d5587e9ecf","new_counts":{"entry_count":29828,"exclusion_count":480,"occurrence_count":30308},"ok":true,"old_catalog_id":"9d42642844e5a69a7df762ac7fdf72279aff578704ba268d734b92584fd269f6","old_counts":{"entry_count":29828,"exclusion_count":480,"occurrence_count":30308},"target_path":"evidence/production-review-v2-lite/migrations/2f023eaf7da8e87222d2d242509b8b9ef2d040b0a77226c598dff8ae6265894d.json","unmapped":0}{"ambiguous":0,"artifact":".artifacts/i18n/repair-window/window58-20261001-migration.json","base_commit":"54c307a7300b08c917b16d6f4ff0001c19e70b9d","dispositions":{"revision_changed":3,"unchanged":29825},"migration_id":"2f023eaf7da8e87222d2d242509b8b9ef2d040b0a77226c598dff8ae6265894d","new_catalog_id":"34b6eb1b93d977a0919cb2f67967632f079c88904afd5992e602b9d5587e9ecf","new_counts":{"entry_count":29828,"exclusion_count":480,"occurrence_count":30308},"ok":true,"old_catalog_id":"9d42642844e5a69a7df762ac7fdf72279aff578704ba268d734b92584fd269f6","old_counts":{"entry_count":29828,"exclusion_count":480,"occurrence_count":30308},"target_path":"evidence/production-review-v2-lite/migrations/2f023eaf7da8e87222d2d242509b8b9ef2d040b0a77226c598dff8ae6265894d.json","unmapped":0}{"ambiguous":0,"applied":true,"base_commit":"54c307a7300b08c917b16d6f4ff0001c19e70b9d","dispositions":{"revision_changed":3,"unchanged":29825},"migration_id":"2f023eaf7da8e87222d2d242509b8b9ef2d040b0a77226c598dff8ae6265894d","new_catalog_id":"34b6eb1b93d977a0919cb2f67967632f079c88904afd5992e602b9d5587e9ecf","new_counts":{"entry_count":29828,"exclusion_count":480,"occurrence_count":30308},"ok":true,"old_catalog_id":"9d42642844e5a69a7df762ac7fdf72279aff578704ba268d734b92584fd269f6","old_counts":{"entry_count":29828,"exclusion_count":480,"occurrence_count":30308},"queued_successors":3,"target_path":"evidence/production-review-v2-lite/migrations/2f023eaf7da8e87222d2d242509b8b9ef2d040b0a77226c598dff8ae6265894d.json","unmapped":0}{
  "active_writer": true,
  "catalog_id": "9d42642844e5a69a7df762ac7fdf72279aff578704ba268d734b92584fd269f6",
  "evidence_head": "54c307a7300b08c917b16d6f4ff0001c19e70b9d",
  "explicit_overrides": {
    "blocked": 14,
    "done": 29811,
    "repair_required": 3
  },
  "implicit_queued": 0,
  "ok": true,
  "override_basis": "sqlite_state_codes",
  "progress": {
    "basis": "committed_evidence",
    "classification": [
      {
        "count": 0,
        "deep_reviewed": false,
        "historical_revision_invalidated": false,
        "pending_repair": false,
        "surface_covered": false
      },
      {
        "count": 0,
        "deep_reviewed": false,
        "historical_revision_invalidated": true,
        "pending_repair": false,
        "surface_covered": false
      },
      {
        "count": 0,
        "deep_reviewed": false,
        "historical_revision_invalidated": false,
        "pending_repair": true,
        "surface_covered": false
      },
      {
        "count": 0,
        "deep_reviewed": false,
        "historical_revision_invalidated": true,
        "pending_repair": true,
        "surface_covered": false
      },
      {
        "count": 0,
        "deep_reviewed": true,
        "historical_revision_invalidated": false,
        "pending_repair": false,
        "surface_covered": false
      },
      {
        "count": 0,
        "deep_reviewed": true,
        "historical_revision_invalidated": true,
        "pending_repair": false,
        "surface_covered": false
      },
      {
        "count": 0,
        "deep_reviewed": true,
        "historical_revision_invalidated": false,
        "pending_repair": true,
        "surface_covered": false
      },
      {
        "count": 0,
        "deep_reviewed": true,
        "historical_revision_invalidated": true,
        "pending_repair": true,
        "surface_covered": false
      },
      {
        "count": 26237,
        "deep_reviewed": false,
        "historical_revision_invalidated": false,
        "pending_repair": false,
        "surface_covered": true
      },
      {
        "count": 2482,
        "deep_reviewed": false,
        "historical_revision_invalidated": true,
        "pending_repair": false,
        "surface_covered": true
      },
      {
        "count": 0,
        "deep_reviewed": false,
        "historical_revision_invalidated": false,
        "pending_repair": true,
        "surface_covered": true
      },
      {
        "count": 0,
        "deep_reviewed": false,
        "historical_revision_invalidated": true,
        "pending_repair": true,
        "surface_covered": true
      },
      {
        "count": 961,
        "deep_reviewed": true,
        "historical_revision_invalidated": false,
        "pending_repair": false,
        "surface_covered": true
      },
      {
        "count": 145,
        "deep_reviewed": true,
        "historical_revision_invalidated": true,
        "pending_repair": false,
        "surface_covered": true
      },
      {
        "count": 0,
        "deep_reviewed": true,
        "historical_revision_invalidated": false,
        "pending_repair": true,
        "surface_covered": true
      },
      {
        "count": 3,
        "deep_reviewed": true,
        "historical_revision_invalidated": true,
        "pending_repair": true,
        "surface_covered": true
      }
    ],
    "committed_done_by_completion_level": {
      "deep_reviewed": 1098,
      "surface_only": 28713
    },
    "eligible": 29828,
    "invalidated_without_current_review": 0,
    "metrics": {
      "deep_reviewed": {
        "count": 1109,
        "denominator": 29828,
        "ratio": 0.03717983103124581
      },
      "historical_revision_invalidated": {
        "count": 2630,
        "denominator": 29828,
        "ratio": 0.08817218720665147
      },
      "pending_repair": {
        "count": 3,
        "denominator": 29828,
        "ratio": 0.0001005766393992222
      },
      "surface_covered": {
        "count": 29828,
        "denominator": 29828,
        "ratio": 1.0
      }
    }
  },
  "reconciliation_count": 29828
}
{
  "bytes": 35319598,
  "catalog_id": "34b6eb1b93d977a0919cb2f67967632f079c88904afd5992e602b9d5587e9ecf",
  "directory": ".artifacts/i18n/repair-window/window58-20261001-candidate-catalog",
  "entries": 29828,
  "exclusions": 480,
  "occurrences": 30308
}
