{"ambiguous":0,"artifact":"/workspace/tome4-chinese-translation/.artifacts/i18n/repair-window/window34-20260926-migration.json","base_commit":"97f3d9ede57952764e6d9f34b8e2d5cf73844be3","dispositions":{"revision_changed":29,"unchanged":29799},"migration_id":"8256424947dd2716359d72d663d7c5841dd0df88eb881b5f7ac20afb47a76654","new_catalog_id":"36168c582860a782955361806bdc67d1f9f39139e3ce18c0e191acbcfa811b78","new_counts":{"entry_count":29828,"exclusion_count":480,"occurrence_count":30308},"ok":true,"old_catalog_id":"4e2f012517a766201d625309209c49c3684c2213ec70b54f40848ca9a9d9a330","old_counts":{"entry_count":29828,"exclusion_count":480,"occurrence_count":30308},"target_path":"evidence/production-review-v2-lite/migrations/8256424947dd2716359d72d663d7c5841dd0df88eb881b5f7ac20afb47a76654.json","unmapped":0}{"ambiguous":0,"artifact":".artifacts/i18n/repair-window/window34-20260926-migration.json","base_commit":"97f3d9ede57952764e6d9f34b8e2d5cf73844be3","dispositions":{"revision_changed":29,"unchanged":29799},"migration_id":"8256424947dd2716359d72d663d7c5841dd0df88eb881b5f7ac20afb47a76654","new_catalog_id":"36168c582860a782955361806bdc67d1f9f39139e3ce18c0e191acbcfa811b78","new_counts":{"entry_count":29828,"exclusion_count":480,"occurrence_count":30308},"ok":true,"old_catalog_id":"4e2f012517a766201d625309209c49c3684c2213ec70b54f40848ca9a9d9a330","old_counts":{"entry_count":29828,"exclusion_count":480,"occurrence_count":30308},"target_path":"evidence/production-review-v2-lite/migrations/8256424947dd2716359d72d663d7c5841dd0df88eb881b5f7ac20afb47a76654.json","unmapped":0}{"ambiguous":0,"applied":true,"base_commit":"97f3d9ede57952764e6d9f34b8e2d5cf73844be3","dispositions":{"revision_changed":29,"unchanged":29799},"migration_id":"8256424947dd2716359d72d663d7c5841dd0df88eb881b5f7ac20afb47a76654","new_catalog_id":"36168c582860a782955361806bdc67d1f9f39139e3ce18c0e191acbcfa811b78","new_counts":{"entry_count":29828,"exclusion_count":480,"occurrence_count":30308},"ok":true,"old_catalog_id":"4e2f012517a766201d625309209c49c3684c2213ec70b54f40848ca9a9d9a330","old_counts":{"entry_count":29828,"exclusion_count":480,"occurrence_count":30308},"queued_successors":29,"target_path":"evidence/production-review-v2-lite/migrations/8256424947dd2716359d72d663d7c5841dd0df88eb881b5f7ac20afb47a76654.json","unmapped":0}{
  "active_writer": true,
  "catalog_id": "4e2f012517a766201d625309209c49c3684c2213ec70b54f40848ca9a9d9a330",
  "evidence_head": "97f3d9ede57952764e6d9f34b8e2d5cf73844be3",
  "explicit_overrides": {
    "blocked": 45,
    "done": 25780,
    "repair_required": 30
  },
  "implicit_queued": 3973,
  "ok": true,
  "override_basis": "sqlite_state_codes",
  "progress": {
    "basis": "committed_evidence",
    "classification": [
      {
        "count": 3947,
        "deep_reviewed": false,
        "historical_revision_invalidated": false,
        "pending_repair": false,
        "surface_covered": false
      },
      {
        "count": 26,
        "deep_reviewed": false,
        "historical_revision_invalidated": true,
        "pending_repair": false,
        "surface_covered": false
      },
      {
        "count": 0,
        "deep_reviewed": false,
        "historical_revision_invalidated": false,
        "pending_repair": true,
        "surface_covered": false
      },
      {
        "count": 0,
        "deep_reviewed": false,
        "historical_revision_invalidated": true,
        "pending_repair": true,
        "surface_covered": false
      },
      {
        "count": 0,
        "deep_reviewed": true,
        "historical_revision_invalidated": false,
        "pending_repair": false,
        "surface_covered": false
      },
      {
        "count": 0,
        "deep_reviewed": true,
        "historical_revision_invalidated": true,
        "pending_repair": false,
        "surface_covered": false
      },
      {
        "count": 0,
        "deep_reviewed": true,
        "historical_revision_invalidated": false,
        "pending_repair": true,
        "surface_covered": false
      },
      {
        "count": 0,
        "deep_reviewed": true,
        "historical_revision_invalidated": true,
        "pending_repair": true,
        "surface_covered": false
      },
      {
        "count": 23164,
        "deep_reviewed": false,
        "historical_revision_invalidated": false,
        "pending_repair": false,
        "surface_covered": true
      },
      {
        "count": 1780,
        "deep_reviewed": false,
        "historical_revision_invalidated": true,
        "pending_repair": false,
        "surface_covered": true
      },
      {
        "count": 0,
        "deep_reviewed": false,
        "historical_revision_invalidated": false,
        "pending_repair": true,
        "surface_covered": true
      },
      {
        "count": 0,
        "deep_reviewed": false,
        "historical_revision_invalidated": true,
        "pending_repair": true,
        "surface_covered": true
      },
      {
        "count": 778,
        "deep_reviewed": true,
        "historical_revision_invalidated": false,
        "pending_repair": false,
        "surface_covered": true
      },
      {
        "count": 103,
        "deep_reviewed": true,
        "historical_revision_invalidated": true,
        "pending_repair": false,
        "surface_covered": true
      },
      {
        "count": 29,
        "deep_reviewed": true,
        "historical_revision_invalidated": false,
        "pending_repair": true,
        "surface_covered": true
      },
      {
        "count": 1,
        "deep_reviewed": true,
        "historical_revision_invalidated": true,
        "pending_repair": true,
        "surface_covered": true
      }
    ],
    "committed_done_by_completion_level": {
      "deep_reviewed": 842,
      "surface_only": 24938
    },
    "eligible": 29828,
    "invalidated_without_current_review": 26,
    "metrics": {
      "deep_reviewed": {
        "count": 911,
        "denominator": 29828,
        "ratio": 0.030541772830897145
      },
      "historical_revision_invalidated": {
        "count": 1910,
        "denominator": 29828,
        "ratio": 0.06403379375083813
      },
      "pending_repair": {
        "count": 30,
        "denominator": 29828,
        "ratio": 0.001005766393992222
      },
      "surface_covered": {
        "count": 25855,
        "denominator": 29828,
        "ratio": 0.8668030038889634
      }
    }
  },
  "reconciliation_count": 29828
}
{
  "bytes": 35321003,
  "catalog_id": "36168c582860a782955361806bdc67d1f9f39139e3ce18c0e191acbcfa811b78",
  "directory": ".artifacts/i18n/repair-window/window34-20260926-candidate-catalog",
  "entries": 29828,
  "exclusions": 480,
  "occurrences": 30308
}
