{"ambiguous":0,"artifact":"/workspace/tome4-chinese-translation/.artifacts/i18n/repair-window/window47b-20260928-migration.json","base_commit":"a10222b7e4a6650d289ed90120e8d2acb867ed53","dispositions":{"revision_changed":56,"unchanged":29772},"migration_id":"2e88ba7a55900439acf3edb9f216e2b20fd272c338f3a4307dc8ba0d0c3d0809","new_catalog_id":"580d8c9600d40dc4a19547e3f797e8efaeb5191416177fb9bf71b293af469e65","new_counts":{"entry_count":29828,"exclusion_count":480,"occurrence_count":30308},"ok":true,"old_catalog_id":"c7abbba1362d6924552bd273e7d7e5466876f9a7921185fa6aacf6cd86790481","old_counts":{"entry_count":29828,"exclusion_count":480,"occurrence_count":30308},"target_path":"evidence/production-review-v2-lite/migrations/2e88ba7a55900439acf3edb9f216e2b20fd272c338f3a4307dc8ba0d0c3d0809.json","unmapped":0}{"ambiguous":0,"artifact":".artifacts/i18n/repair-window/window47b-20260928-migration.json","base_commit":"a10222b7e4a6650d289ed90120e8d2acb867ed53","dispositions":{"revision_changed":56,"unchanged":29772},"migration_id":"2e88ba7a55900439acf3edb9f216e2b20fd272c338f3a4307dc8ba0d0c3d0809","new_catalog_id":"580d8c9600d40dc4a19547e3f797e8efaeb5191416177fb9bf71b293af469e65","new_counts":{"entry_count":29828,"exclusion_count":480,"occurrence_count":30308},"ok":true,"old_catalog_id":"c7abbba1362d6924552bd273e7d7e5466876f9a7921185fa6aacf6cd86790481","old_counts":{"entry_count":29828,"exclusion_count":480,"occurrence_count":30308},"target_path":"evidence/production-review-v2-lite/migrations/2e88ba7a55900439acf3edb9f216e2b20fd272c338f3a4307dc8ba0d0c3d0809.json","unmapped":0}{"ambiguous":0,"applied":true,"base_commit":"a10222b7e4a6650d289ed90120e8d2acb867ed53","dispositions":{"revision_changed":56,"unchanged":29772},"migration_id":"2e88ba7a55900439acf3edb9f216e2b20fd272c338f3a4307dc8ba0d0c3d0809","new_catalog_id":"580d8c9600d40dc4a19547e3f797e8efaeb5191416177fb9bf71b293af469e65","new_counts":{"entry_count":29828,"exclusion_count":480,"occurrence_count":30308},"ok":true,"old_catalog_id":"c7abbba1362d6924552bd273e7d7e5466876f9a7921185fa6aacf6cd86790481","old_counts":{"entry_count":29828,"exclusion_count":480,"occurrence_count":30308},"queued_successors":56,"target_path":"evidence/production-review-v2-lite/migrations/2e88ba7a55900439acf3edb9f216e2b20fd272c338f3a4307dc8ba0d0c3d0809.json","unmapped":0}{
  "active_writer": true,
  "catalog_id": "c7abbba1362d6924552bd273e7d7e5466876f9a7921185fa6aacf6cd86790481",
  "evidence_head": "a10222b7e4a6650d289ed90120e8d2acb867ed53",
  "explicit_overrides": {
    "blocked": 43,
    "done": 29707,
    "repair_required": 1
  },
  "implicit_queued": 77,
  "ok": true,
  "override_basis": "sqlite_state_codes",
  "progress": {
    "basis": "committed_evidence",
    "classification": [
      {
        "count": 0,
        "deep_reviewed": false,
        "historical_revision_invalidated": false,
        "pending_repair": false,
        "surface_covered": false
      },
      {
        "count": 77,
        "deep_reviewed": false,
        "historical_revision_invalidated": true,
        "pending_repair": false,
        "surface_covered": false
      },
      {
        "count": 0,
        "deep_reviewed": false,
        "historical_revision_invalidated": false,
        "pending_repair": true,
        "surface_covered": false
      },
      {
        "count": 0,
        "deep_reviewed": false,
        "historical_revision_invalidated": true,
        "pending_repair": true,
        "surface_covered": false
      },
      {
        "count": 0,
        "deep_reviewed": true,
        "historical_revision_invalidated": false,
        "pending_repair": false,
        "surface_covered": false
      },
      {
        "count": 0,
        "deep_reviewed": true,
        "historical_revision_invalidated": true,
        "pending_repair": false,
        "surface_covered": false
      },
      {
        "count": 0,
        "deep_reviewed": true,
        "historical_revision_invalidated": false,
        "pending_repair": true,
        "surface_covered": false
      },
      {
        "count": 0,
        "deep_reviewed": true,
        "historical_revision_invalidated": true,
        "pending_repair": true,
        "surface_covered": false
      },
      {
        "count": 26507,
        "deep_reviewed": false,
        "historical_revision_invalidated": false,
        "pending_repair": false,
        "surface_covered": true
      },
      {
        "count": 2088,
        "deep_reviewed": false,
        "historical_revision_invalidated": true,
        "pending_repair": false,
        "surface_covered": true
      },
      {
        "count": 0,
        "deep_reviewed": false,
        "historical_revision_invalidated": false,
        "pending_repair": true,
        "surface_covered": true
      },
      {
        "count": 0,
        "deep_reviewed": false,
        "historical_revision_invalidated": true,
        "pending_repair": true,
        "surface_covered": true
      },
      {
        "count": 1042,
        "deep_reviewed": true,
        "historical_revision_invalidated": false,
        "pending_repair": false,
        "surface_covered": true
      },
      {
        "count": 113,
        "deep_reviewed": true,
        "historical_revision_invalidated": true,
        "pending_repair": false,
        "surface_covered": true
      },
      {
        "count": 0,
        "deep_reviewed": true,
        "historical_revision_invalidated": false,
        "pending_repair": true,
        "surface_covered": true
      },
      {
        "count": 1,
        "deep_reviewed": true,
        "historical_revision_invalidated": true,
        "pending_repair": true,
        "surface_covered": true
      }
    ],
    "committed_done_by_completion_level": {
      "deep_reviewed": 1118,
      "surface_only": 28589
    },
    "eligible": 29828,
    "invalidated_without_current_review": 77,
    "metrics": {
      "deep_reviewed": {
        "count": 1156,
        "denominator": 29828,
        "ratio": 0.038755531715166956
      },
      "historical_revision_invalidated": {
        "count": 2279,
        "denominator": 29828,
        "ratio": 0.07640472039694247
      },
      "pending_repair": {
        "count": 1,
        "denominator": 29828,
        "ratio": 3.3525546466407405e-05
      },
      "surface_covered": {
        "count": 29751,
        "denominator": 29828,
        "ratio": 0.9974185329220866
      }
    }
  },
  "reconciliation_count": 29828
}
{
  "bytes": 35317913,
  "catalog_id": "580d8c9600d40dc4a19547e3f797e8efaeb5191416177fb9bf71b293af469e65",
  "directory": ".artifacts/i18n/repair-window/window47b-20260928-candidate-catalog",
  "entries": 29828,
  "exclusions": 480,
  "occurrences": 30308
}
