{"argv": ["python3", "-B", "tools/orchestration/run_batch_steps.py", "contextual-adjudication-chain", "--input", ".artifacts/i18n/continuation-20260923/review351-contextual-index.json", "--spec", ".artifacts/i18n/continuation-20260923/review351-host-decisions.json", "--output", ".artifacts/i18n/adjudication-chain/review351-20260927-attempt01.json", "--source-root", ".artifacts/i18n/continuation-20260923/review351-source-root"], "started_at": "2026-09-27T14:37:35.269576+00:00", "finished_at": "2026-09-27T14:40:30.226542+00:00", "wall_seconds": 174.95697226398624, "exit_code": 0, "log_path": ".artifacts/i18n/continuation-20260923/review351-adjudication-chain.log"}
claim-unit-tests.log)
PASS  04-semantic-claims-strict-registry (log: /workspace/tome4-chinese-translation/.artifacts/i18n/ci-gates/run.a5v1lsub/04-semantic-claims-strict-registry.log)
PASS  05-contract-suite-unit-tests (log: /workspace/tome4-chinese-translation/.artifacts/i18n/ci-gates/run.a5v1lsub/05-contract-suite-unit-tests.log)
PASS  05-production-shadow-surface-ledger-tests (log: /workspace/tome4-chinese-translation/.artifacts/i18n/ci-gates/run.a5v1lsub/05-production-shadow-surface-ledger-tests.log)
PASS  06-runtime-collision-scan (log: /workspace/tome4-chinese-translation/.artifacts/i18n/ci-gates/run.a5v1lsub/06-runtime-collision-scan.log)
PASS  07-runtime-key-classification (log: /workspace/tome4-chinese-translation/.artifacts/i18n/ci-gates/run.a5v1lsub/07-runtime-key-classification.log)
PASS  08-terminology-static-audit (log: /workspace/tome4-chinese-translation/.artifacts/i18n/ci-gates/run.a5v1lsub/08-terminology-static-audit.log)
PASS  09-terminology-dynamic-audit (log: /workspace/tome4-chinese-translation/.artifacts/i18n/ci-gates/run.a5v1lsub/09-terminology-dynamic-audit.log)
PASS  10-domain-annotation (log: /workspace/tome4-chinese-translation/.artifacts/i18n/ci-gates/run.a5v1lsub/10-domain-annotation.log)
PASS  11-worktree-whitespace (log: /workspace/tome4-chinese-translation/.artifacts/i18n/ci-gates/run.a5v1lsub/11-worktree-whitespace.log)
PASS  11-staged-whitespace (log: /workspace/tome4-chinese-translation/.artifacts/i18n/ci-gates/run.a5v1lsub/11-staged-whitespace.log)
PASS  12-core-addon-build (log: /workspace/tome4-chinese-translation/.artifacts/i18n/ci-gates/run.a5v1lsub/12-core-addon-build.log)
ALL GATES PASSED
--- prepare-evidence: exit=0 elapsed=170.4s projections=0 projection_elapsed=0.0s
{
  "batch_id": "batch-afcff7cb54b3816378ca",
  "ok": true,
  "prospective": "/workspace/tome4-chinese-translation/.artifacts/i18n/production-review-v2-lite/prospective/evidence/production-review-v2-lite/batches/batch-afcff7cb54b3816378ca",
  "results": 80
}

