{"argv": ["python3", "-B", "tools/orchestration/run_batch_steps.py", "contextual-adjudication-chain", "--input", ".artifacts/i18n/continuation-20260923/review311-contextual-index.json", "--spec", ".artifacts/i18n/continuation-20260923/review311-host-decisions.json", "--output", ".artifacts/i18n/adjudication-chain/review311-20260926-attempt01.json", "--source-root", ".artifacts/i18n/continuation-20260923/review311-source-root"], "started_at": "2026-09-26T11:30:06.053790+00:00", "finished_at": "2026-09-26T11:32:59.693462+00:00", "wall_seconds": 173.6396722070058, "exit_code": 0, "log_path": ".artifacts/i18n/continuation-20260923/review311-adjudication-chain.log"}
claim-unit-tests.log)
PASS  04-semantic-claims-strict-registry (log: /workspace/tome4-chinese-translation/.artifacts/i18n/ci-gates/run.2ohie03y/04-semantic-claims-strict-registry.log)
PASS  05-contract-suite-unit-tests (log: /workspace/tome4-chinese-translation/.artifacts/i18n/ci-gates/run.2ohie03y/05-contract-suite-unit-tests.log)
PASS  05-production-shadow-surface-ledger-tests (log: /workspace/tome4-chinese-translation/.artifacts/i18n/ci-gates/run.2ohie03y/05-production-shadow-surface-ledger-tests.log)
PASS  06-runtime-collision-scan (log: /workspace/tome4-chinese-translation/.artifacts/i18n/ci-gates/run.2ohie03y/06-runtime-collision-scan.log)
PASS  07-runtime-key-classification (log: /workspace/tome4-chinese-translation/.artifacts/i18n/ci-gates/run.2ohie03y/07-runtime-key-classification.log)
PASS  08-terminology-static-audit (log: /workspace/tome4-chinese-translation/.artifacts/i18n/ci-gates/run.2ohie03y/08-terminology-static-audit.log)
PASS  09-terminology-dynamic-audit (log: /workspace/tome4-chinese-translation/.artifacts/i18n/ci-gates/run.2ohie03y/09-terminology-dynamic-audit.log)
PASS  10-domain-annotation (log: /workspace/tome4-chinese-translation/.artifacts/i18n/ci-gates/run.2ohie03y/10-domain-annotation.log)
PASS  11-worktree-whitespace (log: /workspace/tome4-chinese-translation/.artifacts/i18n/ci-gates/run.2ohie03y/11-worktree-whitespace.log)
PASS  11-staged-whitespace (log: /workspace/tome4-chinese-translation/.artifacts/i18n/ci-gates/run.2ohie03y/11-staged-whitespace.log)
PASS  12-core-addon-build (log: /workspace/tome4-chinese-translation/.artifacts/i18n/ci-gates/run.2ohie03y/12-core-addon-build.log)
ALL GATES PASSED
--- prepare-evidence: exit=0 elapsed=169.2s projections=0 projection_elapsed=0.0s
{
  "batch_id": "batch-b6a6a747b3fa260bc4d4",
  "ok": true,
  "prospective": "/workspace/tome4-chinese-translation/.artifacts/i18n/production-review-v2-lite/prospective/evidence/production-review-v2-lite/batches/batch-b6a6a747b3fa260bc4d4",
  "results": 80
}

