=== domain 统计（含 ENTITY 细分）===
  classes      45
  combat       158
  creatures    71
  items        63
  narrative    54
  places       47
  resources    17
  society      37
  talents      216
  tech         2
  ui           12

=== 未映射（需人工）===

=== 声明 domain 与推导 domain 不同（advisory）===
  L193 'Life': combat → resources
  L194 'Positive energy': combat → resources
  L195 'Negative energy': combat → resources
  L196 'Souls': combat → resources
  L197 'Air': combat → resources
  L211 'corrupted': creatures → combat

annotation written: /workspace/tome4-chinese-translation/.artifacts/i18n/terminology-audit/domain_annotation.json
