{"ambiguous":0,"artifact":"/workspace/tome4-chinese-translation/.artifacts/i18n/repair-window/window35-20260926-migration.json","base_commit":"2282a5e7777cc73118fbe86226cd6363fd054df1","dispositions":{"revision_changed":23,"unchanged":29805},"migration_id":"d6d21bc18c0f1813c33133dda57a0b0429fa4262c8d3564922559baa89eaa46c","new_catalog_id":"687d896fc3a968806876ac4b4a452316768ed28277e1ffccf8a7ea39574df123","new_counts":{"entry_count":29828,"exclusion_count":480,"occurrence_count":30308},"ok":true,"old_catalog_id":"36168c582860a782955361806bdc67d1f9f39139e3ce18c0e191acbcfa811b78","old_counts":{"entry_count":29828,"exclusion_count":480,"occurrence_count":30308},"target_path":"evidence/production-review-v2-lite/migrations/d6d21bc18c0f1813c33133dda57a0b0429fa4262c8d3564922559baa89eaa46c.json","unmapped":0}{"ambiguous":0,"artifact":".artifacts/i18n/repair-window/window35-20260926-migration.json","base_commit":"2282a5e7777cc73118fbe86226cd6363fd054df1","dispositions":{"revision_changed":23,"unchanged":29805},"migration_id":"d6d21bc18c0f1813c33133dda57a0b0429fa4262c8d3564922559baa89eaa46c","new_catalog_id":"687d896fc3a968806876ac4b4a452316768ed28277e1ffccf8a7ea39574df123","new_counts":{"entry_count":29828,"exclusion_count":480,"occurrence_count":30308},"ok":true,"old_catalog_id":"36168c582860a782955361806bdc67d1f9f39139e3ce18c0e191acbcfa811b78","old_counts":{"entry_count":29828,"exclusion_count":480,"occurrence_count":30308},"target_path":"evidence/production-review-v2-lite/migrations/d6d21bc18c0f1813c33133dda57a0b0429fa4262c8d3564922559baa89eaa46c.json","unmapped":0}{"ambiguous":0,"applied":true,"base_commit":"2282a5e7777cc73118fbe86226cd6363fd054df1","dispositions":{"revision_changed":23,"unchanged":29805},"migration_id":"d6d21bc18c0f1813c33133dda57a0b0429fa4262c8d3564922559baa89eaa46c","new_catalog_id":"687d896fc3a968806876ac4b4a452316768ed28277e1ffccf8a7ea39574df123","new_counts":{"entry_count":29828,"exclusion_count":480,"occurrence_count":30308},"ok":true,"old_catalog_id":"36168c582860a782955361806bdc67d1f9f39139e3ce18c0e191acbcfa811b78","old_counts":{"entry_count":29828,"exclusion_count":480,"occurrence_count":30308},"queued_successors":23,"target_path":"evidence/production-review-v2-lite/migrations/d6d21bc18c0f1813c33133dda57a0b0429fa4262c8d3564922559baa89eaa46c.json","unmapped":0}{
  "active_writer": true,
  "catalog_id": "36168c582860a782955361806bdc67d1f9f39139e3ce18c0e191acbcfa811b78",
  "evidence_head": "2282a5e7777cc73118fbe86226cd6363fd054df1",
  "explicit_overrides": {
    "blocked": 45,
    "done": 26079,
    "repair_required": 22
  },
  "implicit_queued": 3682,
  "ok": true,
  "override_basis": "sqlite_state_codes",
  "progress": {
    "basis": "committed_evidence",
    "classification": [
      {
        "count": 3659,
        "deep_reviewed": false,
        "historical_revision_invalidated": false,
        "pending_repair": false,
        "surface_covered": false
      },
      {
        "count": 23,
        "deep_reviewed": false,
        "historical_revision_invalidated": true,
        "pending_repair": false,
        "surface_covered": false
      },
      {
        "count": 0,
        "deep_reviewed": false,
        "historical_revision_invalidated": false,
        "pending_repair": true,
        "surface_covered": false
      },
      {
        "count": 0,
        "deep_reviewed": false,
        "historical_revision_invalidated": true,
        "pending_repair": true,
        "surface_covered": false
      },
      {
        "count": 0,
        "deep_reviewed": true,
        "historical_revision_invalidated": false,
        "pending_repair": false,
        "surface_covered": false
      },
      {
        "count": 0,
        "deep_reviewed": true,
        "historical_revision_invalidated": true,
        "pending_repair": false,
        "surface_covered": false
      },
      {
        "count": 0,
        "deep_reviewed": true,
        "historical_revision_invalidated": false,
        "pending_repair": true,
        "surface_covered": false
      },
      {
        "count": 0,
        "deep_reviewed": true,
        "historical_revision_invalidated": true,
        "pending_repair": true,
        "surface_covered": false
      },
      {
        "count": 23411,
        "deep_reviewed": false,
        "historical_revision_invalidated": false,
        "pending_repair": false,
        "surface_covered": true
      },
      {
        "count": 1807,
        "deep_reviewed": false,
        "historical_revision_invalidated": true,
        "pending_repair": false,
        "surface_covered": true
      },
      {
        "count": 0,
        "deep_reviewed": false,
        "historical_revision_invalidated": false,
        "pending_repair": true,
        "surface_covered": true
      },
      {
        "count": 0,
        "deep_reviewed": false,
        "historical_revision_invalidated": true,
        "pending_repair": true,
        "surface_covered": true
      },
      {
        "count": 799,
        "deep_reviewed": true,
        "historical_revision_invalidated": false,
        "pending_repair": false,
        "surface_covered": true
      },
      {
        "count": 107,
        "deep_reviewed": true,
        "historical_revision_invalidated": true,
        "pending_repair": false,
        "surface_covered": true
      },
      {
        "count": 20,
        "deep_reviewed": true,
        "historical_revision_invalidated": false,
        "pending_repair": true,
        "surface_covered": true
      },
      {
        "count": 2,
        "deep_reviewed": true,
        "historical_revision_invalidated": true,
        "pending_repair": true,
        "surface_covered": true
      }
    ],
    "committed_done_by_completion_level": {
      "deep_reviewed": 867,
      "surface_only": 25212
    },
    "eligible": 29828,
    "invalidated_without_current_review": 23,
    "metrics": {
      "deep_reviewed": {
        "count": 928,
        "denominator": 29828,
        "ratio": 0.03111170712082607
      },
      "historical_revision_invalidated": {
        "count": 1939,
        "denominator": 29828,
        "ratio": 0.06500603459836396
      },
      "pending_repair": {
        "count": 22,
        "denominator": 29828,
        "ratio": 0.0007375620222609628
      },
      "surface_covered": {
        "count": 26146,
        "denominator": 29828,
        "ratio": 0.876558937910688
      }
    }
  },
  "reconciliation_count": 29828
}
{
  "bytes": 35320505,
  "catalog_id": "687d896fc3a968806876ac4b4a452316768ed28277e1ffccf8a7ea39574df123",
  "directory": ".artifacts/i18n/repair-window/window35-20260926-candidate-catalog",
  "entries": 29828,
  "exclusions": 480,
  "occurrences": 30308
}
