{"ambiguous":0,"artifact":"/workspace/tome4-chinese-translation/.artifacts/i18n/repair-window/window42-20260927-migration.json","base_commit":"0feb97fecdb3bbd0713f822f0d671bbb470b937c","dispositions":{"revision_changed":23,"unchanged":29805},"migration_id":"9a9f81fd0fade576f78e109a5053b76d9cb7a36ce00c1da84fc9db7b695cea9a","new_catalog_id":"cd1afc43cdabae9f40521720398d0e814a5125adcc1919f763af383d05456086","new_counts":{"entry_count":29828,"exclusion_count":480,"occurrence_count":30308},"ok":true,"old_catalog_id":"c0406a5df9c4132ce21f0e9cf497aa4a4db6c99515cdf9d1241c3ec4d963a186","old_counts":{"entry_count":29828,"exclusion_count":480,"occurrence_count":30308},"target_path":"evidence/production-review-v2-lite/migrations/9a9f81fd0fade576f78e109a5053b76d9cb7a36ce00c1da84fc9db7b695cea9a.json","unmapped":0}{"ambiguous":0,"artifact":".artifacts/i18n/repair-window/window42-20260927-migration.json","base_commit":"0feb97fecdb3bbd0713f822f0d671bbb470b937c","dispositions":{"revision_changed":23,"unchanged":29805},"migration_id":"9a9f81fd0fade576f78e109a5053b76d9cb7a36ce00c1da84fc9db7b695cea9a","new_catalog_id":"cd1afc43cdabae9f40521720398d0e814a5125adcc1919f763af383d05456086","new_counts":{"entry_count":29828,"exclusion_count":480,"occurrence_count":30308},"ok":true,"old_catalog_id":"c0406a5df9c4132ce21f0e9cf497aa4a4db6c99515cdf9d1241c3ec4d963a186","old_counts":{"entry_count":29828,"exclusion_count":480,"occurrence_count":30308},"target_path":"evidence/production-review-v2-lite/migrations/9a9f81fd0fade576f78e109a5053b76d9cb7a36ce00c1da84fc9db7b695cea9a.json","unmapped":0}{"ambiguous":0,"applied":true,"base_commit":"0feb97fecdb3bbd0713f822f0d671bbb470b937c","dispositions":{"revision_changed":23,"unchanged":29805},"migration_id":"9a9f81fd0fade576f78e109a5053b76d9cb7a36ce00c1da84fc9db7b695cea9a","new_catalog_id":"cd1afc43cdabae9f40521720398d0e814a5125adcc1919f763af383d05456086","new_counts":{"entry_count":29828,"exclusion_count":480,"occurrence_count":30308},"ok":true,"old_catalog_id":"c0406a5df9c4132ce21f0e9cf497aa4a4db6c99515cdf9d1241c3ec4d963a186","old_counts":{"entry_count":29828,"exclusion_count":480,"occurrence_count":30308},"queued_successors":23,"target_path":"evidence/production-review-v2-lite/migrations/9a9f81fd0fade576f78e109a5053b76d9cb7a36ce00c1da84fc9db7b695cea9a.json","unmapped":0}{
  "active_writer": true,
  "catalog_id": "c0406a5df9c4132ce21f0e9cf497aa4a4db6c99515cdf9d1241c3ec4d963a186",
  "evidence_head": "0feb97fecdb3bbd0713f822f0d671bbb470b937c",
  "explicit_overrides": {
    "blocked": 45,
    "done": 28548,
    "repair_required": 24
  },
  "implicit_queued": 1211,
  "ok": true,
  "override_basis": "sqlite_state_codes",
  "progress": {
    "basis": "committed_evidence",
    "classification": [
      {
        "count": 1161,
        "deep_reviewed": false,
        "historical_revision_invalidated": false,
        "pending_repair": false,
        "surface_covered": false
      },
      {
        "count": 50,
        "deep_reviewed": false,
        "historical_revision_invalidated": true,
        "pending_repair": false,
        "surface_covered": false
      },
      {
        "count": 0,
        "deep_reviewed": false,
        "historical_revision_invalidated": false,
        "pending_repair": true,
        "surface_covered": false
      },
      {
        "count": 0,
        "deep_reviewed": false,
        "historical_revision_invalidated": true,
        "pending_repair": true,
        "surface_covered": false
      },
      {
        "count": 0,
        "deep_reviewed": true,
        "historical_revision_invalidated": false,
        "pending_repair": false,
        "surface_covered": false
      },
      {
        "count": 0,
        "deep_reviewed": true,
        "historical_revision_invalidated": true,
        "pending_repair": false,
        "surface_covered": false
      },
      {
        "count": 0,
        "deep_reviewed": true,
        "historical_revision_invalidated": false,
        "pending_repair": true,
        "surface_covered": false
      },
      {
        "count": 0,
        "deep_reviewed": true,
        "historical_revision_invalidated": true,
        "pending_repair": true,
        "surface_covered": false
      },
      {
        "count": 25561,
        "deep_reviewed": false,
        "historical_revision_invalidated": false,
        "pending_repair": false,
        "surface_covered": true
      },
      {
        "count": 1941,
        "deep_reviewed": false,
        "historical_revision_invalidated": true,
        "pending_repair": false,
        "surface_covered": true
      },
      {
        "count": 0,
        "deep_reviewed": false,
        "historical_revision_invalidated": false,
        "pending_repair": true,
        "surface_covered": true
      },
      {
        "count": 0,
        "deep_reviewed": false,
        "historical_revision_invalidated": true,
        "pending_repair": true,
        "surface_covered": true
      },
      {
        "count": 980,
        "deep_reviewed": true,
        "historical_revision_invalidated": false,
        "pending_repair": false,
        "surface_covered": true
      },
      {
        "count": 111,
        "deep_reviewed": true,
        "historical_revision_invalidated": true,
        "pending_repair": false,
        "surface_covered": true
      },
      {
        "count": 23,
        "deep_reviewed": true,
        "historical_revision_invalidated": false,
        "pending_repair": true,
        "surface_covered": true
      },
      {
        "count": 1,
        "deep_reviewed": true,
        "historical_revision_invalidated": true,
        "pending_repair": true,
        "surface_covered": true
      }
    ],
    "committed_done_by_completion_level": {
      "deep_reviewed": 1052,
      "surface_only": 27496
    },
    "eligible": 29828,
    "invalidated_without_current_review": 50,
    "metrics": {
      "deep_reviewed": {
        "count": 1115,
        "denominator": 29828,
        "ratio": 0.03738098431004425
      },
      "historical_revision_invalidated": {
        "count": 2103,
        "denominator": 29828,
        "ratio": 0.07050422421885477
      },
      "pending_repair": {
        "count": 24,
        "denominator": 29828,
        "ratio": 0.0008046131151937776
      },
      "surface_covered": {
        "count": 28617,
        "denominator": 29828,
        "ratio": 0.9594005632291807
      }
    }
  },
  "reconciliation_count": 29828
}
{
  "bytes": 35319945,
  "catalog_id": "cd1afc43cdabae9f40521720398d0e814a5125adcc1919f763af383d05456086",
  "directory": ".artifacts/i18n/repair-window/window42-20260927-candidate-catalog",
  "entries": 29828,
  "exclusions": 480,
  "occurrences": 30308
}
