{"argv": ["python3", "-B", "tools/orchestration/run_batch_steps.py", "contextual-adjudication-chain", "--input", ".artifacts/i18n/continuation-20260923/review359-contextual-index.json", "--spec", ".artifacts/i18n/continuation-20260923/review359-host-decisions.json", "--output", ".artifacts/i18n/adjudication-chain/review359-20260928-attempt01.json", "--source-root", ".artifacts/i18n/continuation-20260923/review359-source-root"], "started_at": "2026-09-28T11:51:36.011639+00:00", "finished_at": "2026-09-28T11:54:41.997742+00:00", "wall_seconds": 185.98610505397664, "exit_code": 0, "log_path": ".artifacts/i18n/continuation-20260923/review359-adjudication-chain.log"}
claim-unit-tests.log)
PASS  04-semantic-claims-strict-registry (log: /workspace/tome4-chinese-translation/.artifacts/i18n/ci-gates/run.i2k7q4rl/04-semantic-claims-strict-registry.log)
PASS  05-contract-suite-unit-tests (log: /workspace/tome4-chinese-translation/.artifacts/i18n/ci-gates/run.i2k7q4rl/05-contract-suite-unit-tests.log)
PASS  05-production-shadow-surface-ledger-tests (log: /workspace/tome4-chinese-translation/.artifacts/i18n/ci-gates/run.i2k7q4rl/05-production-shadow-surface-ledger-tests.log)
PASS  06-runtime-collision-scan (log: /workspace/tome4-chinese-translation/.artifacts/i18n/ci-gates/run.i2k7q4rl/06-runtime-collision-scan.log)
PASS  07-runtime-key-classification (log: /workspace/tome4-chinese-translation/.artifacts/i18n/ci-gates/run.i2k7q4rl/07-runtime-key-classification.log)
PASS  08-terminology-static-audit (log: /workspace/tome4-chinese-translation/.artifacts/i18n/ci-gates/run.i2k7q4rl/08-terminology-static-audit.log)
PASS  09-terminology-dynamic-audit (log: /workspace/tome4-chinese-translation/.artifacts/i18n/ci-gates/run.i2k7q4rl/09-terminology-dynamic-audit.log)
PASS  10-domain-annotation (log: /workspace/tome4-chinese-translation/.artifacts/i18n/ci-gates/run.i2k7q4rl/10-domain-annotation.log)
PASS  11-worktree-whitespace (log: /workspace/tome4-chinese-translation/.artifacts/i18n/ci-gates/run.i2k7q4rl/11-worktree-whitespace.log)
PASS  11-staged-whitespace (log: /workspace/tome4-chinese-translation/.artifacts/i18n/ci-gates/run.i2k7q4rl/11-staged-whitespace.log)
PASS  12-core-addon-build (log: /workspace/tome4-chinese-translation/.artifacts/i18n/ci-gates/run.i2k7q4rl/12-core-addon-build.log)
ALL GATES PASSED
--- prepare-evidence: exit=0 elapsed=181.4s projections=0 projection_elapsed=0.0s
{
  "batch_id": "batch-033cd11c8b1b44140e48",
  "ok": true,
  "prospective": "/workspace/tome4-chinese-translation/.artifacts/i18n/production-review-v2-lite/prospective/evidence/production-review-v2-lite/batches/batch-033cd11c8b1b44140e48",
  "results": 22
}

