{"argv": ["python3", "-B", "tools/orchestration/run_batch_steps.py", "contextual-adjudication-chain", "--input", ".artifacts/i18n/continuation-20260923/review320-contextual-index.json", "--spec", ".artifacts/i18n/continuation-20260923/review320-host-decisions.json", "--output", ".artifacts/i18n/adjudication-chain/review320-20260926-attempt01.json", "--source-root", ".artifacts/i18n/continuation-20260923/review320-source-root"], "started_at": "2026-09-26T16:35:54.701901+00:00", "finished_at": "2026-09-26T16:38:48.636434+00:00", "wall_seconds": 173.9345340540167, "exit_code": 0, "log_path": ".artifacts/i18n/continuation-20260923/review320-adjudication-chain.log"}
claim-unit-tests.log)
PASS  04-semantic-claims-strict-registry (log: /workspace/tome4-chinese-translation/.artifacts/i18n/ci-gates/run.u4q4hvmq/04-semantic-claims-strict-registry.log)
PASS  05-contract-suite-unit-tests (log: /workspace/tome4-chinese-translation/.artifacts/i18n/ci-gates/run.u4q4hvmq/05-contract-suite-unit-tests.log)
PASS  05-production-shadow-surface-ledger-tests (log: /workspace/tome4-chinese-translation/.artifacts/i18n/ci-gates/run.u4q4hvmq/05-production-shadow-surface-ledger-tests.log)
PASS  06-runtime-collision-scan (log: /workspace/tome4-chinese-translation/.artifacts/i18n/ci-gates/run.u4q4hvmq/06-runtime-collision-scan.log)
PASS  07-runtime-key-classification (log: /workspace/tome4-chinese-translation/.artifacts/i18n/ci-gates/run.u4q4hvmq/07-runtime-key-classification.log)
PASS  08-terminology-static-audit (log: /workspace/tome4-chinese-translation/.artifacts/i18n/ci-gates/run.u4q4hvmq/08-terminology-static-audit.log)
PASS  09-terminology-dynamic-audit (log: /workspace/tome4-chinese-translation/.artifacts/i18n/ci-gates/run.u4q4hvmq/09-terminology-dynamic-audit.log)
PASS  10-domain-annotation (log: /workspace/tome4-chinese-translation/.artifacts/i18n/ci-gates/run.u4q4hvmq/10-domain-annotation.log)
PASS  11-worktree-whitespace (log: /workspace/tome4-chinese-translation/.artifacts/i18n/ci-gates/run.u4q4hvmq/11-worktree-whitespace.log)
PASS  11-staged-whitespace (log: /workspace/tome4-chinese-translation/.artifacts/i18n/ci-gates/run.u4q4hvmq/11-staged-whitespace.log)
PASS  12-core-addon-build (log: /workspace/tome4-chinese-translation/.artifacts/i18n/ci-gates/run.u4q4hvmq/12-core-addon-build.log)
ALL GATES PASSED
--- prepare-evidence: exit=0 elapsed=169.5s projections=0 projection_elapsed=0.0s
{
  "batch_id": "batch-b4a672d30e9d08428a7e",
  "ok": true,
  "prospective": "/workspace/tome4-chinese-translation/.artifacts/i18n/production-review-v2-lite/prospective/evidence/production-review-v2-lite/batches/batch-b4a672d30e9d08428a7e",
  "results": 80
}

