--- queue-rebuild: exit=0 elapsed=253.8s
--- batch-start: exit=0 elapsed=1.4s
{
  "active_writer": true,
  "catalog_id": "2a349020c440d5766776ac1396bd949c94f99c0c97852b314543776fc9acf280",
  "evidence_head": "59eab884a609a858abf04ef0944cd239b3f2e248",
  "explicit_overrides": {
    "blocked": 37,
    "done": 23964,
    "repair_required": 20
  },
  "implicit_queued": 5807,
  "ok": true,
  "override_basis": "sqlite_state_codes",
  "progress": {
    "basis": "committed_evidence",
    "classification": [
      {
        "count": 5806,
        "deep_reviewed": false,
        "historical_revision_invalidated": false,
        "pending_repair": false,
        "surface_covered": false
      },
      {
        "count": 1,
        "deep_reviewed": false,
        "historical_revision_invalidated": true,
        "pending_repair": false,
        "surface_covered": false
      },
      {
        "count": 0,
        "deep_reviewed": false,
        "historical_revision_invalidated": false,
        "pending_repair": true,
        "surface_covered": false
      },
      {
        "count": 0,
        "deep_reviewed": false,
        "historical_revision_invalidated": true,
        "pending_repair": true,
        "surface_covered": false
      },
      {
        "count": 0,
        "deep_reviewed": true,
        "historical_revision_invalidated": false,
        "pending_repair": false,
        "surface_covered": false
      },
      {
        "count": 0,
        "deep_reviewed": true,
        "historical_revision_invalidated": true,
        "pending_repair": false,
        "surface_covered": false
      },
      {
        "count": 0,
        "deep_reviewed": true,
        "historical_revision_invalidated": false,
        "pending_repair": true,
        "surface_covered": false
      },
      {
        "count": 0,
        "deep_reviewed": true,
        "historical_revision_invalidated": true,
        "pending_repair": true,
        "surface_covered": false
      },
      {
        "count": 21585,
        "deep_reviewed": false,
        "historical_revision_invalidated": false,
        "pending_repair": false,
        "surface_covered": true
      },
      {
        "count": 1653,
        "deep_reviewed": false,
        "historical_revision_invalidated": true,
        "pending_repair": false,
        "surface_covered": true
      },
      {
        "count": 0,
        "deep_reviewed": false,
        "historical_revision_invalidated": false,
        "pending_repair": true,
        "surface_covered": true
      },
      {
        "count": 0,
        "deep_reviewed": false,
        "historical_revision_invalidated": true,
        "pending_repair": true,
        "surface_covered": true
      },
      {
        "count": 674,
        "deep_reviewed": true,
        "historical_revision_invalidated": false,
        "pending_repair": false,
        "surface_covered": true
      },
      {
        "count": 89,
        "deep_reviewed": true,
        "historical_revision_invalidated": true,
        "pending_repair": false,
        "surface_covered": true
      },
      {
        "count": 19,
        "deep_reviewed": true,
        "historical_revision_invalidated": false,
        "pending_repair": true,
        "surface_covered": true
      },
      {
        "count": 1,
        "deep_reviewed": true,
        "historical_revision_invalidated": true,
        "pending_repair": true,
        "surface_covered": true
      }
    ],
    "committed_done_by_completion_level": {
      "deep_reviewed": 732,
      "surface_only": 23232
    },
    "eligible": 29828,
    "invalidated_without_current_review": 1,
    "metrics": {
      "deep_reviewed": {
        "count": 783,
        "denominator": 29828,
        "ratio": 0.026250502883196997
      },
      "historical_revision_invalidated": {
        "count": 1744,
        "denominator": 29828,
        "ratio": 0.05846855303741451
      },
      "pending_repair": {
        "count": 20,
        "denominator": 29828,
        "ratio": 0.0006705109293281481
      },
      "surface_covered": {
        "count": 24021,
        "denominator": 29828,
        "ratio": 0.8053171516695722
      }
    }
  },
  "reconciliation_count": 29828
}
{
  "batch_id": "batch-a2538cac10c65873a661",
  "ok": true,
  "selected": 80,
  "selection_mode": "queued"
}
