{"ambiguous":0,"artifact":"/workspace/tome4-chinese-translation/.artifacts/i18n/repair-window/window67-20261005-migration.json","base_commit":"0de585f6fa87ef93761e4a85e168a70d06cebb30","dispositions":{"revision_changed":2,"unchanged":29826},"migration_id":"a0f4f2206d3ff692ae44f032e55b69e282b42d9240718e6da31d6bfd5b1a3038","new_catalog_id":"59f6d8272ff985ec3476131c03ce8ee38505a91bb284abf48813f71f09369913","new_counts":{"entry_count":29828,"exclusion_count":480,"occurrence_count":30308},"ok":true,"old_catalog_id":"ef31a0ea5bf16f8e410b260c8ba90e7fe6b468e3394cbd32ea875936629a8fe4","old_counts":{"entry_count":29828,"exclusion_count":480,"occurrence_count":30308},"target_path":"evidence/production-review-v2-lite/migrations/a0f4f2206d3ff692ae44f032e55b69e282b42d9240718e6da31d6bfd5b1a3038.json","unmapped":0}{"ambiguous":0,"artifact":".artifacts/i18n/repair-window/window67-20261005-migration.json","base_commit":"0de585f6fa87ef93761e4a85e168a70d06cebb30","dispositions":{"revision_changed":2,"unchanged":29826},"migration_id":"a0f4f2206d3ff692ae44f032e55b69e282b42d9240718e6da31d6bfd5b1a3038","new_catalog_id":"59f6d8272ff985ec3476131c03ce8ee38505a91bb284abf48813f71f09369913","new_counts":{"entry_count":29828,"exclusion_count":480,"occurrence_count":30308},"ok":true,"old_catalog_id":"ef31a0ea5bf16f8e410b260c8ba90e7fe6b468e3394cbd32ea875936629a8fe4","old_counts":{"entry_count":29828,"exclusion_count":480,"occurrence_count":30308},"target_path":"evidence/production-review-v2-lite/migrations/a0f4f2206d3ff692ae44f032e55b69e282b42d9240718e6da31d6bfd5b1a3038.json","unmapped":0}{"ambiguous":0,"applied":true,"base_commit":"0de585f6fa87ef93761e4a85e168a70d06cebb30","dispositions":{"revision_changed":2,"unchanged":29826},"migration_id":"a0f4f2206d3ff692ae44f032e55b69e282b42d9240718e6da31d6bfd5b1a3038","new_catalog_id":"59f6d8272ff985ec3476131c03ce8ee38505a91bb284abf48813f71f09369913","new_counts":{"entry_count":29828,"exclusion_count":480,"occurrence_count":30308},"ok":true,"old_catalog_id":"ef31a0ea5bf16f8e410b260c8ba90e7fe6b468e3394cbd32ea875936629a8fe4","old_counts":{"entry_count":29828,"exclusion_count":480,"occurrence_count":30308},"queued_successors":2,"target_path":"evidence/production-review-v2-lite/migrations/a0f4f2206d3ff692ae44f032e55b69e282b42d9240718e6da31d6bfd5b1a3038.json","unmapped":0}{
  "active_writer": true,
  "catalog_id": "ef31a0ea5bf16f8e410b260c8ba90e7fe6b468e3394cbd32ea875936629a8fe4",
  "evidence_head": "0de585f6fa87ef93761e4a85e168a70d06cebb30",
  "explicit_overrides": {
    "blocked": 17,
    "done": 29811
  },
  "implicit_queued": 0,
  "ok": true,
  "override_basis": "sqlite_state_codes",
  "progress": {
    "basis": "committed_evidence",
    "classification": [
      {
        "count": 0,
        "deep_reviewed": false,
        "historical_revision_invalidated": false,
        "pending_repair": false,
        "surface_covered": false
      },
      {
        "count": 0,
        "deep_reviewed": false,
        "historical_revision_invalidated": true,
        "pending_repair": false,
        "surface_covered": false
      },
      {
        "count": 0,
        "deep_reviewed": false,
        "historical_revision_invalidated": false,
        "pending_repair": true,
        "surface_covered": false
      },
      {
        "count": 0,
        "deep_reviewed": false,
        "historical_revision_invalidated": true,
        "pending_repair": true,
        "surface_covered": false
      },
      {
        "count": 0,
        "deep_reviewed": true,
        "historical_revision_invalidated": false,
        "pending_repair": false,
        "surface_covered": false
      },
      {
        "count": 0,
        "deep_reviewed": true,
        "historical_revision_invalidated": true,
        "pending_repair": false,
        "surface_covered": false
      },
      {
        "count": 0,
        "deep_reviewed": true,
        "historical_revision_invalidated": false,
        "pending_repair": true,
        "surface_covered": false
      },
      {
        "count": 0,
        "deep_reviewed": true,
        "historical_revision_invalidated": true,
        "pending_repair": true,
        "surface_covered": false
      },
      {
        "count": 24950,
        "deep_reviewed": false,
        "historical_revision_invalidated": false,
        "pending_repair": false,
        "surface_covered": true
      },
      {
        "count": 3894,
        "deep_reviewed": false,
        "historical_revision_invalidated": true,
        "pending_repair": false,
        "surface_covered": true
      },
      {
        "count": 0,
        "deep_reviewed": false,
        "historical_revision_invalidated": false,
        "pending_repair": true,
        "surface_covered": true
      },
      {
        "count": 0,
        "deep_reviewed": false,
        "historical_revision_invalidated": true,
        "pending_repair": true,
        "surface_covered": true
      },
      {
        "count": 840,
        "deep_reviewed": true,
        "historical_revision_invalidated": false,
        "pending_repair": false,
        "surface_covered": true
      },
      {
        "count": 144,
        "deep_reviewed": true,
        "historical_revision_invalidated": true,
        "pending_repair": false,
        "surface_covered": true
      },
      {
        "count": 0,
        "deep_reviewed": true,
        "historical_revision_invalidated": false,
        "pending_repair": true,
        "surface_covered": true
      },
      {
        "count": 0,
        "deep_reviewed": true,
        "historical_revision_invalidated": true,
        "pending_repair": true,
        "surface_covered": true
      }
    ],
    "committed_done_by_completion_level": {
      "deep_reviewed": 978,
      "surface_only": 28833
    },
    "eligible": 29828,
    "invalidated_without_current_review": 0,
    "metrics": {
      "deep_reviewed": {
        "count": 984,
        "denominator": 29828,
        "ratio": 0.032989137722944886
      },
      "historical_revision_invalidated": {
        "count": 4038,
        "denominator": 29828,
        "ratio": 0.13537615663135308
      },
      "pending_repair": {
        "count": 0,
        "denominator": 29828,
        "ratio": 0.0
      },
      "surface_covered": {
        "count": 29828,
        "denominator": 29828,
        "ratio": 1.0
      }
    }
  },
  "reconciliation_count": 29828
}
{
  "bytes": 35308789,
  "catalog_id": "59f6d8272ff985ec3476131c03ce8ee38505a91bb284abf48813f71f09369913",
  "directory": ".artifacts/i18n/repair-window/window67-20261005-candidate-catalog",
  "entries": 29828,
  "exclusions": 480,
  "occurrences": 30308
}
