{"ambiguous":0,"artifact":"/workspace/tome4-chinese-translation/.artifacts/i18n/repair-window/window56-20260929-migration.json","base_commit":"ff45cbd8644139938395ac295e3290b3e6bbc774","dispositions":{"revision_changed":29,"unchanged":29799},"migration_id":"f0ff579aa1ced4fa15d090afadd15cc15bc842b83310fa55dd473c569024b632","new_catalog_id":"6e7507ffc2cc35293e9b71fa5c05c115bfdf2ea85c75e00c787e25917b7ede11","new_counts":{"entry_count":29828,"exclusion_count":480,"occurrence_count":30308},"ok":true,"old_catalog_id":"12eb193599a4221c02a6c9b4a652645600e0e37b3276bda99af6a7534aab3e84","old_counts":{"entry_count":29828,"exclusion_count":480,"occurrence_count":30308},"target_path":"evidence/production-review-v2-lite/migrations/f0ff579aa1ced4fa15d090afadd15cc15bc842b83310fa55dd473c569024b632.json","unmapped":0}{"ambiguous":0,"artifact":".artifacts/i18n/repair-window/window56-20260929-migration.json","base_commit":"ff45cbd8644139938395ac295e3290b3e6bbc774","dispositions":{"revision_changed":29,"unchanged":29799},"migration_id":"f0ff579aa1ced4fa15d090afadd15cc15bc842b83310fa55dd473c569024b632","new_catalog_id":"6e7507ffc2cc35293e9b71fa5c05c115bfdf2ea85c75e00c787e25917b7ede11","new_counts":{"entry_count":29828,"exclusion_count":480,"occurrence_count":30308},"ok":true,"old_catalog_id":"12eb193599a4221c02a6c9b4a652645600e0e37b3276bda99af6a7534aab3e84","old_counts":{"entry_count":29828,"exclusion_count":480,"occurrence_count":30308},"target_path":"evidence/production-review-v2-lite/migrations/f0ff579aa1ced4fa15d090afadd15cc15bc842b83310fa55dd473c569024b632.json","unmapped":0}{"ambiguous":0,"applied":true,"base_commit":"ff45cbd8644139938395ac295e3290b3e6bbc774","dispositions":{"revision_changed":29,"unchanged":29799},"migration_id":"f0ff579aa1ced4fa15d090afadd15cc15bc842b83310fa55dd473c569024b632","new_catalog_id":"6e7507ffc2cc35293e9b71fa5c05c115bfdf2ea85c75e00c787e25917b7ede11","new_counts":{"entry_count":29828,"exclusion_count":480,"occurrence_count":30308},"ok":true,"old_catalog_id":"12eb193599a4221c02a6c9b4a652645600e0e37b3276bda99af6a7534aab3e84","old_counts":{"entry_count":29828,"exclusion_count":480,"occurrence_count":30308},"queued_successors":29,"target_path":"evidence/production-review-v2-lite/migrations/f0ff579aa1ced4fa15d090afadd15cc15bc842b83310fa55dd473c569024b632.json","unmapped":0}{
  "active_writer": true,
  "catalog_id": "12eb193599a4221c02a6c9b4a652645600e0e37b3276bda99af6a7534aab3e84",
  "evidence_head": "ff45cbd8644139938395ac295e3290b3e6bbc774",
  "explicit_overrides": {
    "blocked": 25,
    "done": 29803
  },
  "implicit_queued": 0,
  "ok": true,
  "override_basis": "sqlite_state_codes",
  "progress": {
    "basis": "committed_evidence",
    "classification": [
      {
        "count": 0,
        "deep_reviewed": false,
        "historical_revision_invalidated": false,
        "pending_repair": false,
        "surface_covered": false
      },
      {
        "count": 0,
        "deep_reviewed": false,
        "historical_revision_invalidated": true,
        "pending_repair": false,
        "surface_covered": false
      },
      {
        "count": 0,
        "deep_reviewed": false,
        "historical_revision_invalidated": false,
        "pending_repair": true,
        "surface_covered": false
      },
      {
        "count": 0,
        "deep_reviewed": false,
        "historical_revision_invalidated": true,
        "pending_repair": true,
        "surface_covered": false
      },
      {
        "count": 0,
        "deep_reviewed": true,
        "historical_revision_invalidated": false,
        "pending_repair": false,
        "surface_covered": false
      },
      {
        "count": 0,
        "deep_reviewed": true,
        "historical_revision_invalidated": true,
        "pending_repair": false,
        "surface_covered": false
      },
      {
        "count": 0,
        "deep_reviewed": true,
        "historical_revision_invalidated": false,
        "pending_repair": true,
        "surface_covered": false
      },
      {
        "count": 0,
        "deep_reviewed": true,
        "historical_revision_invalidated": true,
        "pending_repair": true,
        "surface_covered": false
      },
      {
        "count": 26257,
        "deep_reviewed": false,
        "historical_revision_invalidated": false,
        "pending_repair": false,
        "surface_covered": true
      },
      {
        "count": 2460,
        "deep_reviewed": false,
        "historical_revision_invalidated": true,
        "pending_repair": false,
        "surface_covered": true
      },
      {
        "count": 0,
        "deep_reviewed": false,
        "historical_revision_invalidated": false,
        "pending_repair": true,
        "surface_covered": true
      },
      {
        "count": 0,
        "deep_reviewed": false,
        "historical_revision_invalidated": true,
        "pending_repair": true,
        "surface_covered": true
      },
      {
        "count": 971,
        "deep_reviewed": true,
        "historical_revision_invalidated": false,
        "pending_repair": false,
        "surface_covered": true
      },
      {
        "count": 140,
        "deep_reviewed": true,
        "historical_revision_invalidated": true,
        "pending_repair": false,
        "surface_covered": true
      },
      {
        "count": 0,
        "deep_reviewed": true,
        "historical_revision_invalidated": false,
        "pending_repair": true,
        "surface_covered": true
      },
      {
        "count": 0,
        "deep_reviewed": true,
        "historical_revision_invalidated": true,
        "pending_repair": true,
        "surface_covered": true
      }
    ],
    "committed_done_by_completion_level": {
      "deep_reviewed": 1093,
      "surface_only": 28710
    },
    "eligible": 29828,
    "invalidated_without_current_review": 0,
    "metrics": {
      "deep_reviewed": {
        "count": 1111,
        "denominator": 29828,
        "ratio": 0.03724688212417862
      },
      "historical_revision_invalidated": {
        "count": 2600,
        "denominator": 29828,
        "ratio": 0.08716642081265924
      },
      "pending_repair": {
        "count": 0,
        "denominator": 29828,
        "ratio": 0.0
      },
      "surface_covered": {
        "count": 29828,
        "denominator": 29828,
        "ratio": 1.0
      }
    }
  },
  "reconciliation_count": 29828
}
{
  "bytes": 35319080,
  "catalog_id": "6e7507ffc2cc35293e9b71fa5c05c115bfdf2ea85c75e00c787e25917b7ede11",
  "directory": ".artifacts/i18n/repair-window/window56-20260929-candidate-catalog",
  "entries": 29828,
  "exclusions": 480,
  "occurrences": 30308
}
