{"ambiguous":0,"artifact":"/workspace/tome4-chinese-translation/.artifacts/i18n/repair-window/window60-20261001-migration.json","base_commit":"d62fe6ffd5845af719f43caf7a79611a366c6e3d","dispositions":{"revision_changed":6,"unchanged":29822},"migration_id":"8bdc639e15e39bbe828cbe73cbd87ce54883705b28c1a689e9b3efc04d7bbb9a","new_catalog_id":"456e88e5f2bc316309b070d4d2b10e19660191676cd7e0529f2fbaff478bd21f","new_counts":{"entry_count":29828,"exclusion_count":480,"occurrence_count":30308},"ok":true,"old_catalog_id":"0e9e1d992c510295a74b2f33bcdcf413872855f10cf6763599ffc2b51db21e9c","old_counts":{"entry_count":29828,"exclusion_count":480,"occurrence_count":30308},"target_path":"evidence/production-review-v2-lite/migrations/8bdc639e15e39bbe828cbe73cbd87ce54883705b28c1a689e9b3efc04d7bbb9a.json","unmapped":0}{"ambiguous":0,"artifact":".artifacts/i18n/repair-window/window60-20261001-migration.json","base_commit":"d62fe6ffd5845af719f43caf7a79611a366c6e3d","dispositions":{"revision_changed":6,"unchanged":29822},"migration_id":"8bdc639e15e39bbe828cbe73cbd87ce54883705b28c1a689e9b3efc04d7bbb9a","new_catalog_id":"456e88e5f2bc316309b070d4d2b10e19660191676cd7e0529f2fbaff478bd21f","new_counts":{"entry_count":29828,"exclusion_count":480,"occurrence_count":30308},"ok":true,"old_catalog_id":"0e9e1d992c510295a74b2f33bcdcf413872855f10cf6763599ffc2b51db21e9c","old_counts":{"entry_count":29828,"exclusion_count":480,"occurrence_count":30308},"target_path":"evidence/production-review-v2-lite/migrations/8bdc639e15e39bbe828cbe73cbd87ce54883705b28c1a689e9b3efc04d7bbb9a.json","unmapped":0}{"ambiguous":0,"applied":true,"base_commit":"d62fe6ffd5845af719f43caf7a79611a366c6e3d","dispositions":{"revision_changed":6,"unchanged":29822},"migration_id":"8bdc639e15e39bbe828cbe73cbd87ce54883705b28c1a689e9b3efc04d7bbb9a","new_catalog_id":"456e88e5f2bc316309b070d4d2b10e19660191676cd7e0529f2fbaff478bd21f","new_counts":{"entry_count":29828,"exclusion_count":480,"occurrence_count":30308},"ok":true,"old_catalog_id":"0e9e1d992c510295a74b2f33bcdcf413872855f10cf6763599ffc2b51db21e9c","old_counts":{"entry_count":29828,"exclusion_count":480,"occurrence_count":30308},"queued_successors":6,"target_path":"evidence/production-review-v2-lite/migrations/8bdc639e15e39bbe828cbe73cbd87ce54883705b28c1a689e9b3efc04d7bbb9a.json","unmapped":0}{
  "active_writer": true,
  "catalog_id": "0e9e1d992c510295a74b2f33bcdcf413872855f10cf6763599ffc2b51db21e9c",
  "evidence_head": "d62fe6ffd5845af719f43caf7a79611a366c6e3d",
  "explicit_overrides": {
    "blocked": 14,
    "done": 29538
  },
  "implicit_queued": 276,
  "ok": true,
  "override_basis": "sqlite_state_codes",
  "progress": {
    "basis": "committed_evidence",
    "classification": [
      {
        "count": 0,
        "deep_reviewed": false,
        "historical_revision_invalidated": false,
        "pending_repair": false,
        "surface_covered": false
      },
      {
        "count": 276,
        "deep_reviewed": false,
        "historical_revision_invalidated": true,
        "pending_repair": false,
        "surface_covered": false
      },
      {
        "count": 0,
        "deep_reviewed": false,
        "historical_revision_invalidated": false,
        "pending_repair": true,
        "surface_covered": false
      },
      {
        "count": 0,
        "deep_reviewed": false,
        "historical_revision_invalidated": true,
        "pending_repair": true,
        "surface_covered": false
      },
      {
        "count": 0,
        "deep_reviewed": true,
        "historical_revision_invalidated": false,
        "pending_repair": false,
        "surface_covered": false
      },
      {
        "count": 0,
        "deep_reviewed": true,
        "historical_revision_invalidated": true,
        "pending_repair": false,
        "surface_covered": false
      },
      {
        "count": 0,
        "deep_reviewed": true,
        "historical_revision_invalidated": false,
        "pending_repair": true,
        "surface_covered": false
      },
      {
        "count": 0,
        "deep_reviewed": true,
        "historical_revision_invalidated": true,
        "pending_repair": true,
        "surface_covered": false
      },
      {
        "count": 25956,
        "deep_reviewed": false,
        "historical_revision_invalidated": false,
        "pending_repair": false,
        "surface_covered": true
      },
      {
        "count": 2521,
        "deep_reviewed": false,
        "historical_revision_invalidated": true,
        "pending_repair": false,
        "surface_covered": true
      },
      {
        "count": 0,
        "deep_reviewed": false,
        "historical_revision_invalidated": false,
        "pending_repair": true,
        "surface_covered": true
      },
      {
        "count": 0,
        "deep_reviewed": false,
        "historical_revision_invalidated": true,
        "pending_repair": true,
        "surface_covered": true
      },
      {
        "count": 940,
        "deep_reviewed": true,
        "historical_revision_invalidated": false,
        "pending_repair": false,
        "surface_covered": true
      },
      {
        "count": 135,
        "deep_reviewed": true,
        "historical_revision_invalidated": true,
        "pending_repair": false,
        "surface_covered": true
      },
      {
        "count": 0,
        "deep_reviewed": true,
        "historical_revision_invalidated": false,
        "pending_repair": true,
        "surface_covered": true
      },
      {
        "count": 0,
        "deep_reviewed": true,
        "historical_revision_invalidated": true,
        "pending_repair": true,
        "surface_covered": true
      }
    ],
    "committed_done_by_completion_level": {
      "deep_reviewed": 1067,
      "surface_only": 28471
    },
    "eligible": 29828,
    "invalidated_without_current_review": 276,
    "metrics": {
      "deep_reviewed": {
        "count": 1075,
        "denominator": 29828,
        "ratio": 0.03603996245138796
      },
      "historical_revision_invalidated": {
        "count": 2932,
        "denominator": 29828,
        "ratio": 0.0982969022395065
      },
      "pending_repair": {
        "count": 0,
        "denominator": 29828,
        "ratio": 0.0
      },
      "surface_covered": {
        "count": 29552,
        "denominator": 29828,
        "ratio": 0.9907469491752715
      }
    }
  },
  "reconciliation_count": 29828
}
{
  "bytes": 35320287,
  "catalog_id": "456e88e5f2bc316309b070d4d2b10e19660191676cd7e0529f2fbaff478bd21f",
  "directory": ".artifacts/i18n/repair-window/window60-20261001-candidate-catalog",
  "entries": 29828,
  "exclusions": 480,
  "occurrences": 30308
}
