{
  "applied": false,
  "bump_addon_version": false,
  "commit": false,
  "delta_runtime_keys": 6672,
  "dlc_entries": 5461,
  "dlc_entries_by_component": {
    "ashes-urhrok": 743,
    "cults": 1569,
    "orcs": 3149
  },
  "locale_file": "/workspace/tome4-chn-mod/data/locales/zh_hans.lua",
  "new_addon_version": null,
  "new_entries": 12133,
  "new_entries_overlay": 121,
  "new_sha256": "c227f78a57312c9be81c5b84cd6d1e18b4a6b446244ad1e624c3e992e774ff53",
  "note": "dry run: no file was written; re-run with --apply to publish",
  "ok": true,
  "old_addon_version": null,
  "old_entries": 12131,
  "old_sha256": "d07b43c75d6fe2867ca68dd74b0492d4127a804cbf6ba56de584ef996f7b2062",
  "override_entries": 6551,
  "release_repository": "/workspace/tome4-chn-mod",
  "verification": {
    "expected_runtime_keys": 19135,
    "mismatched": 0,
    "missing": 0,
    "patch_runtime_keys": 6672,
    "redundant": 0,
    "unexpected": 0
  }
}
