{"argv": ["python3", "-B", "tools/orchestration/run_batch_steps.py", "contextual-adjudication-chain", "--input", ".artifacts/i18n/continuation-20260923/review392-contextual-index.json", "--spec", ".artifacts/i18n/continuation-20260923/review392-host-decisions.json", "--output", ".artifacts/i18n/adjudication-chain/review392-20261003-attempt01.json", "--source-root", ".artifacts/i18n/continuation-20260923/review392-source-root"], "started_at": "2026-10-03T18:29:08.119141+00:00", "finished_at": "2026-10-03T18:31:54.491083+00:00", "wall_seconds": 166.37194428197108, "exit_code": 0, "log_path": ".artifacts/i18n/continuation-20260923/review392-adjudication-chain.log"}
claim-unit-tests.log)
PASS  04-semantic-claims-strict-registry (log: /workspace/tome4-chinese-translation/.artifacts/i18n/ci-gates/run.bt3uww0g/04-semantic-claims-strict-registry.log)
PASS  05-contract-suite-unit-tests (log: /workspace/tome4-chinese-translation/.artifacts/i18n/ci-gates/run.bt3uww0g/05-contract-suite-unit-tests.log)
PASS  05-production-shadow-surface-ledger-tests (log: /workspace/tome4-chinese-translation/.artifacts/i18n/ci-gates/run.bt3uww0g/05-production-shadow-surface-ledger-tests.log)
PASS  06-runtime-collision-scan (log: /workspace/tome4-chinese-translation/.artifacts/i18n/ci-gates/run.bt3uww0g/06-runtime-collision-scan.log)
PASS  07-runtime-key-classification (log: /workspace/tome4-chinese-translation/.artifacts/i18n/ci-gates/run.bt3uww0g/07-runtime-key-classification.log)
PASS  08-terminology-static-audit (log: /workspace/tome4-chinese-translation/.artifacts/i18n/ci-gates/run.bt3uww0g/08-terminology-static-audit.log)
PASS  09-terminology-dynamic-audit (log: /workspace/tome4-chinese-translation/.artifacts/i18n/ci-gates/run.bt3uww0g/09-terminology-dynamic-audit.log)
PASS  10-domain-annotation (log: /workspace/tome4-chinese-translation/.artifacts/i18n/ci-gates/run.bt3uww0g/10-domain-annotation.log)
PASS  11-worktree-whitespace (log: /workspace/tome4-chinese-translation/.artifacts/i18n/ci-gates/run.bt3uww0g/11-worktree-whitespace.log)
PASS  11-staged-whitespace (log: /workspace/tome4-chinese-translation/.artifacts/i18n/ci-gates/run.bt3uww0g/11-staged-whitespace.log)
PASS  12-core-addon-build (log: /workspace/tome4-chinese-translation/.artifacts/i18n/ci-gates/run.bt3uww0g/12-core-addon-build.log)
ALL GATES PASSED
--- prepare-evidence: exit=0 elapsed=162.0s projections=0 projection_elapsed=0.0s
{
  "batch_id": "batch-3506bffc1094e8909c28",
  "ok": true,
  "prospective": "/workspace/tome4-chinese-translation/.artifacts/i18n/production-review-v2-lite/prospective/evidence/production-review-v2-lite/batches/batch-3506bffc1094e8909c28",
  "results": 80
}

