{"ambiguous":0,"artifact":"/workspace/tome4-chinese-translation/.artifacts/i18n/repair-window/window54-20260929-migration.json","base_commit":"23b32534d3088ae7625697c049c774a2c07a13e0","dispositions":{"revision_changed":2,"unchanged":29826},"migration_id":"f990cf25e98ce2a0759cf48eb673acb91324a1ecc8597632cb27d2cb0054e7a1","new_catalog_id":"ebe486ffb056ac2cca21fe0ab396d0360fac55fa7ba76bae549cac0f96fa1d57","new_counts":{"entry_count":29828,"exclusion_count":480,"occurrence_count":30308},"ok":true,"old_catalog_id":"cd2d8f8880856795f5a4650efad202178c9b660a338bcd272c60bd158d073510","old_counts":{"entry_count":29828,"exclusion_count":480,"occurrence_count":30308},"target_path":"evidence/production-review-v2-lite/migrations/f990cf25e98ce2a0759cf48eb673acb91324a1ecc8597632cb27d2cb0054e7a1.json","unmapped":0}{"ambiguous":0,"artifact":".artifacts/i18n/repair-window/window54-20260929-migration.json","base_commit":"23b32534d3088ae7625697c049c774a2c07a13e0","dispositions":{"revision_changed":2,"unchanged":29826},"migration_id":"f990cf25e98ce2a0759cf48eb673acb91324a1ecc8597632cb27d2cb0054e7a1","new_catalog_id":"ebe486ffb056ac2cca21fe0ab396d0360fac55fa7ba76bae549cac0f96fa1d57","new_counts":{"entry_count":29828,"exclusion_count":480,"occurrence_count":30308},"ok":true,"old_catalog_id":"cd2d8f8880856795f5a4650efad202178c9b660a338bcd272c60bd158d073510","old_counts":{"entry_count":29828,"exclusion_count":480,"occurrence_count":30308},"target_path":"evidence/production-review-v2-lite/migrations/f990cf25e98ce2a0759cf48eb673acb91324a1ecc8597632cb27d2cb0054e7a1.json","unmapped":0}{"ambiguous":0,"applied":true,"base_commit":"23b32534d3088ae7625697c049c774a2c07a13e0","dispositions":{"revision_changed":2,"unchanged":29826},"migration_id":"f990cf25e98ce2a0759cf48eb673acb91324a1ecc8597632cb27d2cb0054e7a1","new_catalog_id":"ebe486ffb056ac2cca21fe0ab396d0360fac55fa7ba76bae549cac0f96fa1d57","new_counts":{"entry_count":29828,"exclusion_count":480,"occurrence_count":30308},"ok":true,"old_catalog_id":"cd2d8f8880856795f5a4650efad202178c9b660a338bcd272c60bd158d073510","old_counts":{"entry_count":29828,"exclusion_count":480,"occurrence_count":30308},"queued_successors":2,"target_path":"evidence/production-review-v2-lite/migrations/f990cf25e98ce2a0759cf48eb673acb91324a1ecc8597632cb27d2cb0054e7a1.json","unmapped":0}{
  "active_writer": true,
  "catalog_id": "cd2d8f8880856795f5a4650efad202178c9b660a338bcd272c60bd158d073510",
  "evidence_head": "23b32534d3088ae7625697c049c774a2c07a13e0",
  "explicit_overrides": {
    "blocked": 26,
    "done": 29800,
    "repair_required": 2
  },
  "implicit_queued": 0,
  "ok": true,
  "override_basis": "sqlite_state_codes",
  "progress": {
    "basis": "committed_evidence",
    "classification": [
      {
        "count": 0,
        "deep_reviewed": false,
        "historical_revision_invalidated": false,
        "pending_repair": false,
        "surface_covered": false
      },
      {
        "count": 0,
        "deep_reviewed": false,
        "historical_revision_invalidated": true,
        "pending_repair": false,
        "surface_covered": false
      },
      {
        "count": 0,
        "deep_reviewed": false,
        "historical_revision_invalidated": false,
        "pending_repair": true,
        "surface_covered": false
      },
      {
        "count": 0,
        "deep_reviewed": false,
        "historical_revision_invalidated": true,
        "pending_repair": true,
        "surface_covered": false
      },
      {
        "count": 0,
        "deep_reviewed": true,
        "historical_revision_invalidated": false,
        "pending_repair": false,
        "surface_covered": false
      },
      {
        "count": 0,
        "deep_reviewed": true,
        "historical_revision_invalidated": true,
        "pending_repair": false,
        "surface_covered": false
      },
      {
        "count": 0,
        "deep_reviewed": true,
        "historical_revision_invalidated": false,
        "pending_repair": true,
        "surface_covered": false
      },
      {
        "count": 0,
        "deep_reviewed": true,
        "historical_revision_invalidated": true,
        "pending_repair": true,
        "surface_covered": false
      },
      {
        "count": 26263,
        "deep_reviewed": false,
        "historical_revision_invalidated": false,
        "pending_repair": false,
        "surface_covered": true
      },
      {
        "count": 2452,
        "deep_reviewed": false,
        "historical_revision_invalidated": true,
        "pending_repair": false,
        "surface_covered": true
      },
      {
        "count": 0,
        "deep_reviewed": false,
        "historical_revision_invalidated": false,
        "pending_repair": true,
        "surface_covered": true
      },
      {
        "count": 0,
        "deep_reviewed": false,
        "historical_revision_invalidated": true,
        "pending_repair": true,
        "surface_covered": true
      },
      {
        "count": 972,
        "deep_reviewed": true,
        "historical_revision_invalidated": false,
        "pending_repair": false,
        "surface_covered": true
      },
      {
        "count": 139,
        "deep_reviewed": true,
        "historical_revision_invalidated": true,
        "pending_repair": false,
        "surface_covered": true
      },
      {
        "count": 0,
        "deep_reviewed": true,
        "historical_revision_invalidated": false,
        "pending_repair": true,
        "surface_covered": true
      },
      {
        "count": 2,
        "deep_reviewed": true,
        "historical_revision_invalidated": true,
        "pending_repair": true,
        "surface_covered": true
      }
    ],
    "committed_done_by_completion_level": {
      "deep_reviewed": 1092,
      "surface_only": 28708
    },
    "eligible": 29828,
    "invalidated_without_current_review": 0,
    "metrics": {
      "deep_reviewed": {
        "count": 1113,
        "denominator": 29828,
        "ratio": 0.03731393321711144
      },
      "historical_revision_invalidated": {
        "count": 2593,
        "denominator": 29828,
        "ratio": 0.0869317419873944
      },
      "pending_repair": {
        "count": 2,
        "denominator": 29828,
        "ratio": 6.705109293281481e-05
      },
      "surface_covered": {
        "count": 29828,
        "denominator": 29828,
        "ratio": 1.0
      }
    }
  },
  "reconciliation_count": 29828
}
{
  "bytes": 35319103,
  "catalog_id": "ebe486ffb056ac2cca21fe0ab396d0360fac55fa7ba76bae549cac0f96fa1d57",
  "directory": ".artifacts/i18n/repair-window/window54-20260929-candidate-catalog",
  "entries": 29828,
  "exclusions": 480,
  "occurrences": 30308
}
