{"ambiguous":0,"artifact":"/workspace/tome4-chinese-translation/.artifacts/i18n/repair-window/window61-20261001-migration.json","base_commit":"276e8b2df82095585a353d98717d1715f7ef33df","dispositions":{"revision_changed":22,"unchanged":29806},"migration_id":"70e37de35c9f044447a6ca0026a1d85448334de0628553f21910b62610de8598","new_catalog_id":"b47c0ca115581428911c65baf9c48e7bcdbe4d050a4320c998f88763b931f18a","new_counts":{"entry_count":29828,"exclusion_count":480,"occurrence_count":30308},"ok":true,"old_catalog_id":"456e88e5f2bc316309b070d4d2b10e19660191676cd7e0529f2fbaff478bd21f","old_counts":{"entry_count":29828,"exclusion_count":480,"occurrence_count":30308},"target_path":"evidence/production-review-v2-lite/migrations/70e37de35c9f044447a6ca0026a1d85448334de0628553f21910b62610de8598.json","unmapped":0}{"ambiguous":0,"artifact":".artifacts/i18n/repair-window/window61-20261001-migration.json","base_commit":"276e8b2df82095585a353d98717d1715f7ef33df","dispositions":{"revision_changed":22,"unchanged":29806},"migration_id":"70e37de35c9f044447a6ca0026a1d85448334de0628553f21910b62610de8598","new_catalog_id":"b47c0ca115581428911c65baf9c48e7bcdbe4d050a4320c998f88763b931f18a","new_counts":{"entry_count":29828,"exclusion_count":480,"occurrence_count":30308},"ok":true,"old_catalog_id":"456e88e5f2bc316309b070d4d2b10e19660191676cd7e0529f2fbaff478bd21f","old_counts":{"entry_count":29828,"exclusion_count":480,"occurrence_count":30308},"target_path":"evidence/production-review-v2-lite/migrations/70e37de35c9f044447a6ca0026a1d85448334de0628553f21910b62610de8598.json","unmapped":0}{"ambiguous":0,"applied":true,"base_commit":"276e8b2df82095585a353d98717d1715f7ef33df","dispositions":{"revision_changed":22,"unchanged":29806},"migration_id":"70e37de35c9f044447a6ca0026a1d85448334de0628553f21910b62610de8598","new_catalog_id":"b47c0ca115581428911c65baf9c48e7bcdbe4d050a4320c998f88763b931f18a","new_counts":{"entry_count":29828,"exclusion_count":480,"occurrence_count":30308},"ok":true,"old_catalog_id":"456e88e5f2bc316309b070d4d2b10e19660191676cd7e0529f2fbaff478bd21f","old_counts":{"entry_count":29828,"exclusion_count":480,"occurrence_count":30308},"queued_successors":22,"target_path":"evidence/production-review-v2-lite/migrations/70e37de35c9f044447a6ca0026a1d85448334de0628553f21910b62610de8598.json","unmapped":0}{
  "active_writer": true,
  "catalog_id": "456e88e5f2bc316309b070d4d2b10e19660191676cd7e0529f2fbaff478bd21f",
  "evidence_head": "276e8b2df82095585a353d98717d1715f7ef33df",
  "explicit_overrides": {
    "blocked": 15,
    "done": 29804,
    "repair_required": 9
  },
  "implicit_queued": 0,
  "ok": true,
  "override_basis": "sqlite_state_codes",
  "progress": {
    "basis": "committed_evidence",
    "classification": [
      {
        "count": 0,
        "deep_reviewed": false,
        "historical_revision_invalidated": false,
        "pending_repair": false,
        "surface_covered": false
      },
      {
        "count": 0,
        "deep_reviewed": false,
        "historical_revision_invalidated": true,
        "pending_repair": false,
        "surface_covered": false
      },
      {
        "count": 0,
        "deep_reviewed": false,
        "historical_revision_invalidated": false,
        "pending_repair": true,
        "surface_covered": false
      },
      {
        "count": 0,
        "deep_reviewed": false,
        "historical_revision_invalidated": true,
        "pending_repair": true,
        "surface_covered": false
      },
      {
        "count": 0,
        "deep_reviewed": true,
        "historical_revision_invalidated": false,
        "pending_repair": false,
        "surface_covered": false
      },
      {
        "count": 0,
        "deep_reviewed": true,
        "historical_revision_invalidated": true,
        "pending_repair": false,
        "surface_covered": false
      },
      {
        "count": 0,
        "deep_reviewed": true,
        "historical_revision_invalidated": false,
        "pending_repair": true,
        "surface_covered": false
      },
      {
        "count": 0,
        "deep_reviewed": true,
        "historical_revision_invalidated": true,
        "pending_repair": true,
        "surface_covered": false
      },
      {
        "count": 25954,
        "deep_reviewed": false,
        "historical_revision_invalidated": false,
        "pending_repair": false,
        "surface_covered": true
      },
      {
        "count": 2771,
        "deep_reviewed": false,
        "historical_revision_invalidated": true,
        "pending_repair": false,
        "surface_covered": true
      },
      {
        "count": 0,
        "deep_reviewed": false,
        "historical_revision_invalidated": false,
        "pending_repair": true,
        "surface_covered": true
      },
      {
        "count": 0,
        "deep_reviewed": false,
        "historical_revision_invalidated": true,
        "pending_repair": true,
        "surface_covered": true
      },
      {
        "count": 940,
        "deep_reviewed": true,
        "historical_revision_invalidated": false,
        "pending_repair": false,
        "surface_covered": true
      },
      {
        "count": 154,
        "deep_reviewed": true,
        "historical_revision_invalidated": true,
        "pending_repair": false,
        "surface_covered": true
      },
      {
        "count": 0,
        "deep_reviewed": true,
        "historical_revision_invalidated": false,
        "pending_repair": true,
        "surface_covered": true
      },
      {
        "count": 9,
        "deep_reviewed": true,
        "historical_revision_invalidated": true,
        "pending_repair": true,
        "surface_covered": true
      }
    ],
    "committed_done_by_completion_level": {
      "deep_reviewed": 1086,
      "surface_only": 28718
    },
    "eligible": 29828,
    "invalidated_without_current_review": 0,
    "metrics": {
      "deep_reviewed": {
        "count": 1103,
        "denominator": 29828,
        "ratio": 0.03697867775244736
      },
      "historical_revision_invalidated": {
        "count": 2934,
        "denominator": 29828,
        "ratio": 0.09836395333243932
      },
      "pending_repair": {
        "count": 9,
        "denominator": 29828,
        "ratio": 0.00030172991819766665
      },
      "surface_covered": {
        "count": 29828,
        "denominator": 29828,
        "ratio": 1.0
      }
    }
  },
  "reconciliation_count": 29828
}
{
  "bytes": 35320382,
  "catalog_id": "b47c0ca115581428911c65baf9c48e7bcdbe4d050a4320c998f88763b931f18a",
  "directory": ".artifacts/i18n/repair-window/window61-20261001-candidate-catalog",
  "entries": 29828,
  "exclusions": 480,
  "occurrences": 30308
}
