{"ambiguous":0,"artifact":"/workspace/tome4-chinese-translation/.artifacts/i18n/repair-window/window39-20260926-migration.json","base_commit":"e19736293f1f9854175520be0f6d2dd04c5504d2","dispositions":{"revision_changed":42,"unchanged":29786},"migration_id":"734a72ac2bf19c1561b029234f3214bab995d355f497e3cd6467cd5742a3b218","new_catalog_id":"7158f4b0958a74fb8acc01f732dc0f97a4ac6fad159f6cf1051687db04cc12f0","new_counts":{"entry_count":29828,"exclusion_count":480,"occurrence_count":30308},"ok":true,"old_catalog_id":"d2b34cb7355c28f94293a3c5665fc46c0d61d3e06251d83b6f01dc42aef39441","old_counts":{"entry_count":29828,"exclusion_count":480,"occurrence_count":30308},"target_path":"evidence/production-review-v2-lite/migrations/734a72ac2bf19c1561b029234f3214bab995d355f497e3cd6467cd5742a3b218.json","unmapped":0}{"ambiguous":0,"artifact":".artifacts/i18n/repair-window/window39-20260926-migration.json","base_commit":"e19736293f1f9854175520be0f6d2dd04c5504d2","dispositions":{"revision_changed":42,"unchanged":29786},"migration_id":"734a72ac2bf19c1561b029234f3214bab995d355f497e3cd6467cd5742a3b218","new_catalog_id":"7158f4b0958a74fb8acc01f732dc0f97a4ac6fad159f6cf1051687db04cc12f0","new_counts":{"entry_count":29828,"exclusion_count":480,"occurrence_count":30308},"ok":true,"old_catalog_id":"d2b34cb7355c28f94293a3c5665fc46c0d61d3e06251d83b6f01dc42aef39441","old_counts":{"entry_count":29828,"exclusion_count":480,"occurrence_count":30308},"target_path":"evidence/production-review-v2-lite/migrations/734a72ac2bf19c1561b029234f3214bab995d355f497e3cd6467cd5742a3b218.json","unmapped":0}{"ambiguous":0,"applied":true,"base_commit":"e19736293f1f9854175520be0f6d2dd04c5504d2","dispositions":{"revision_changed":42,"unchanged":29786},"migration_id":"734a72ac2bf19c1561b029234f3214bab995d355f497e3cd6467cd5742a3b218","new_catalog_id":"7158f4b0958a74fb8acc01f732dc0f97a4ac6fad159f6cf1051687db04cc12f0","new_counts":{"entry_count":29828,"exclusion_count":480,"occurrence_count":30308},"ok":true,"old_catalog_id":"d2b34cb7355c28f94293a3c5665fc46c0d61d3e06251d83b6f01dc42aef39441","old_counts":{"entry_count":29828,"exclusion_count":480,"occurrence_count":30308},"queued_successors":42,"target_path":"evidence/production-review-v2-lite/migrations/734a72ac2bf19c1561b029234f3214bab995d355f497e3cd6467cd5742a3b218.json","unmapped":0}{
  "active_writer": true,
  "catalog_id": "d2b34cb7355c28f94293a3c5665fc46c0d61d3e06251d83b6f01dc42aef39441",
  "evidence_head": "e19736293f1f9854175520be0f6d2dd04c5504d2",
  "explicit_overrides": {
    "blocked": 45,
    "done": 27423,
    "repair_required": 26
  },
  "implicit_queued": 2334,
  "ok": true,
  "override_basis": "sqlite_state_codes",
  "progress": {
    "basis": "committed_evidence",
    "classification": [
      {
        "count": 2300,
        "deep_reviewed": false,
        "historical_revision_invalidated": false,
        "pending_repair": false,
        "surface_covered": false
      },
      {
        "count": 34,
        "deep_reviewed": false,
        "historical_revision_invalidated": true,
        "pending_repair": false,
        "surface_covered": false
      },
      {
        "count": 0,
        "deep_reviewed": false,
        "historical_revision_invalidated": false,
        "pending_repair": true,
        "surface_covered": false
      },
      {
        "count": 0,
        "deep_reviewed": false,
        "historical_revision_invalidated": true,
        "pending_repair": true,
        "surface_covered": false
      },
      {
        "count": 0,
        "deep_reviewed": true,
        "historical_revision_invalidated": false,
        "pending_repair": false,
        "surface_covered": false
      },
      {
        "count": 0,
        "deep_reviewed": true,
        "historical_revision_invalidated": true,
        "pending_repair": false,
        "surface_covered": false
      },
      {
        "count": 0,
        "deep_reviewed": true,
        "historical_revision_invalidated": false,
        "pending_repair": true,
        "surface_covered": false
      },
      {
        "count": 0,
        "deep_reviewed": true,
        "historical_revision_invalidated": true,
        "pending_repair": true,
        "surface_covered": false
      },
      {
        "count": 24571,
        "deep_reviewed": false,
        "historical_revision_invalidated": false,
        "pending_repair": false,
        "surface_covered": true
      },
      {
        "count": 1882,
        "deep_reviewed": false,
        "historical_revision_invalidated": true,
        "pending_repair": false,
        "surface_covered": true
      },
      {
        "count": 0,
        "deep_reviewed": false,
        "historical_revision_invalidated": false,
        "pending_repair": true,
        "surface_covered": true
      },
      {
        "count": 0,
        "deep_reviewed": false,
        "historical_revision_invalidated": true,
        "pending_repair": true,
        "surface_covered": true
      },
      {
        "count": 906,
        "deep_reviewed": true,
        "historical_revision_invalidated": false,
        "pending_repair": false,
        "surface_covered": true
      },
      {
        "count": 109,
        "deep_reviewed": true,
        "historical_revision_invalidated": true,
        "pending_repair": false,
        "surface_covered": true
      },
      {
        "count": 25,
        "deep_reviewed": true,
        "historical_revision_invalidated": false,
        "pending_repair": true,
        "surface_covered": true
      },
      {
        "count": 1,
        "deep_reviewed": true,
        "historical_revision_invalidated": true,
        "pending_repair": true,
        "surface_covered": true
      }
    ],
    "committed_done_by_completion_level": {
      "deep_reviewed": 976,
      "surface_only": 26447
    },
    "eligible": 29828,
    "invalidated_without_current_review": 34,
    "metrics": {
      "deep_reviewed": {
        "count": 1041,
        "denominator": 29828,
        "ratio": 0.034900093871530105
      },
      "historical_revision_invalidated": {
        "count": 2026,
        "denominator": 29828,
        "ratio": 0.0679227571409414
      },
      "pending_repair": {
        "count": 26,
        "denominator": 29828,
        "ratio": 0.0008716642081265924
      },
      "surface_covered": {
        "count": 27494,
        "denominator": 29828,
        "ratio": 0.9217513745474051
      }
    }
  },
  "reconciliation_count": 29828
}
{
  "bytes": 35320445,
  "catalog_id": "7158f4b0958a74fb8acc01f732dc0f97a4ac6fad159f6cf1051687db04cc12f0",
  "directory": ".artifacts/i18n/repair-window/window39-20260926-candidate-catalog",
  "entries": 29828,
  "exclusions": 480,
  "occurrences": 30308
}
