{"ambiguous":0,"artifact":"/workspace/tome4-chinese-translation/.artifacts/i18n/repair-window/window48-20260928-migration.json","base_commit":"6d56a09f6dda8fe203eb44f9e08b23c97813ed72","dispositions":{"revision_changed":22,"unchanged":29806},"migration_id":"70a471df192f0fc3db0a9e72c96ae12195ede2360d397d0b68e596f39cf30ee2","new_catalog_id":"f1f3f7a2ef1022ced9224f77b7f3462c147878f10c9f587608d273c97560bb7d","new_counts":{"entry_count":29828,"exclusion_count":480,"occurrence_count":30308},"ok":true,"old_catalog_id":"580d8c9600d40dc4a19547e3f797e8efaeb5191416177fb9bf71b293af469e65","old_counts":{"entry_count":29828,"exclusion_count":480,"occurrence_count":30308},"target_path":"evidence/production-review-v2-lite/migrations/70a471df192f0fc3db0a9e72c96ae12195ede2360d397d0b68e596f39cf30ee2.json","unmapped":0}{"ambiguous":0,"artifact":".artifacts/i18n/repair-window/window48-20260928-migration.json","base_commit":"6d56a09f6dda8fe203eb44f9e08b23c97813ed72","dispositions":{"revision_changed":22,"unchanged":29806},"migration_id":"70a471df192f0fc3db0a9e72c96ae12195ede2360d397d0b68e596f39cf30ee2","new_catalog_id":"f1f3f7a2ef1022ced9224f77b7f3462c147878f10c9f587608d273c97560bb7d","new_counts":{"entry_count":29828,"exclusion_count":480,"occurrence_count":30308},"ok":true,"old_catalog_id":"580d8c9600d40dc4a19547e3f797e8efaeb5191416177fb9bf71b293af469e65","old_counts":{"entry_count":29828,"exclusion_count":480,"occurrence_count":30308},"target_path":"evidence/production-review-v2-lite/migrations/70a471df192f0fc3db0a9e72c96ae12195ede2360d397d0b68e596f39cf30ee2.json","unmapped":0}{"ambiguous":0,"applied":true,"base_commit":"6d56a09f6dda8fe203eb44f9e08b23c97813ed72","dispositions":{"revision_changed":22,"unchanged":29806},"migration_id":"70a471df192f0fc3db0a9e72c96ae12195ede2360d397d0b68e596f39cf30ee2","new_catalog_id":"f1f3f7a2ef1022ced9224f77b7f3462c147878f10c9f587608d273c97560bb7d","new_counts":{"entry_count":29828,"exclusion_count":480,"occurrence_count":30308},"ok":true,"old_catalog_id":"580d8c9600d40dc4a19547e3f797e8efaeb5191416177fb9bf71b293af469e65","old_counts":{"entry_count":29828,"exclusion_count":480,"occurrence_count":30308},"queued_successors":22,"target_path":"evidence/production-review-v2-lite/migrations/70a471df192f0fc3db0a9e72c96ae12195ede2360d397d0b68e596f39cf30ee2.json","unmapped":0}{
  "active_writer": true,
  "catalog_id": "580d8c9600d40dc4a19547e3f797e8efaeb5191416177fb9bf71b293af469e65",
  "evidence_head": "6d56a09f6dda8fe203eb44f9e08b23c97813ed72",
  "explicit_overrides": {
    "blocked": 25,
    "done": 29793,
    "repair_required": 10
  },
  "implicit_queued": 0,
  "ok": true,
  "override_basis": "sqlite_state_codes",
  "progress": {
    "basis": "committed_evidence",
    "classification": [
      {
        "count": 0,
        "deep_reviewed": false,
        "historical_revision_invalidated": false,
        "pending_repair": false,
        "surface_covered": false
      },
      {
        "count": 0,
        "deep_reviewed": false,
        "historical_revision_invalidated": true,
        "pending_repair": false,
        "surface_covered": false
      },
      {
        "count": 0,
        "deep_reviewed": false,
        "historical_revision_invalidated": false,
        "pending_repair": true,
        "surface_covered": false
      },
      {
        "count": 0,
        "deep_reviewed": false,
        "historical_revision_invalidated": true,
        "pending_repair": true,
        "surface_covered": false
      },
      {
        "count": 0,
        "deep_reviewed": true,
        "historical_revision_invalidated": false,
        "pending_repair": false,
        "surface_covered": false
      },
      {
        "count": 0,
        "deep_reviewed": true,
        "historical_revision_invalidated": true,
        "pending_repair": false,
        "surface_covered": false
      },
      {
        "count": 0,
        "deep_reviewed": true,
        "historical_revision_invalidated": false,
        "pending_repair": true,
        "surface_covered": false
      },
      {
        "count": 0,
        "deep_reviewed": true,
        "historical_revision_invalidated": true,
        "pending_repair": true,
        "surface_covered": false
      },
      {
        "count": 26490,
        "deep_reviewed": false,
        "historical_revision_invalidated": false,
        "pending_repair": false,
        "surface_covered": true
      },
      {
        "count": 2192,
        "deep_reviewed": false,
        "historical_revision_invalidated": true,
        "pending_repair": false,
        "surface_covered": true
      },
      {
        "count": 0,
        "deep_reviewed": false,
        "historical_revision_invalidated": false,
        "pending_repair": true,
        "surface_covered": true
      },
      {
        "count": 0,
        "deep_reviewed": false,
        "historical_revision_invalidated": true,
        "pending_repair": true,
        "surface_covered": true
      },
      {
        "count": 1013,
        "deep_reviewed": true,
        "historical_revision_invalidated": false,
        "pending_repair": false,
        "surface_covered": true
      },
      {
        "count": 123,
        "deep_reviewed": true,
        "historical_revision_invalidated": true,
        "pending_repair": false,
        "surface_covered": true
      },
      {
        "count": 0,
        "deep_reviewed": true,
        "historical_revision_invalidated": false,
        "pending_repair": true,
        "surface_covered": true
      },
      {
        "count": 10,
        "deep_reviewed": true,
        "historical_revision_invalidated": true,
        "pending_repair": true,
        "surface_covered": true
      }
    ],
    "committed_done_by_completion_level": {
      "deep_reviewed": 1117,
      "surface_only": 28676
    },
    "eligible": 29828,
    "invalidated_without_current_review": 0,
    "metrics": {
      "deep_reviewed": {
        "count": 1146,
        "denominator": 29828,
        "ratio": 0.038420276250502886
      },
      "historical_revision_invalidated": {
        "count": 2325,
        "denominator": 29828,
        "ratio": 0.07794689553439721
      },
      "pending_repair": {
        "count": 10,
        "denominator": 29828,
        "ratio": 0.00033525546466407405
      },
      "surface_covered": {
        "count": 29828,
        "denominator": 29828,
        "ratio": 1.0
      }
    }
  },
  "reconciliation_count": 29828
}
{
  "bytes": 35317981,
  "catalog_id": "f1f3f7a2ef1022ced9224f77b7f3462c147878f10c9f587608d273c97560bb7d",
  "directory": ".artifacts/i18n/repair-window/window48-20260928-candidate-catalog",
  "entries": 29828,
  "exclusions": 480,
  "occurrences": 30308
}
