{"argv": ["python3", "-B", "tools/orchestration/run_batch_steps.py", "contextual-adjudication-chain", "--input", ".artifacts/i18n/continuation-20260923/review350-contextual-index.json", "--spec", ".artifacts/i18n/continuation-20260923/review350-host-decisions.json", "--output", ".artifacts/i18n/adjudication-chain/review350-20260927-attempt01.json", "--source-root", ".artifacts/i18n/continuation-20260923/review350-source-root"], "started_at": "2026-09-27T14:24:30.504068+00:00", "finished_at": "2026-09-27T14:27:25.575652+00:00", "wall_seconds": 175.07158339198213, "exit_code": 0, "log_path": ".artifacts/i18n/continuation-20260923/review350-adjudication-chain.log"}
claim-unit-tests.log)
PASS  04-semantic-claims-strict-registry (log: /workspace/tome4-chinese-translation/.artifacts/i18n/ci-gates/run.jdoe9zpi/04-semantic-claims-strict-registry.log)
PASS  05-contract-suite-unit-tests (log: /workspace/tome4-chinese-translation/.artifacts/i18n/ci-gates/run.jdoe9zpi/05-contract-suite-unit-tests.log)
PASS  05-production-shadow-surface-ledger-tests (log: /workspace/tome4-chinese-translation/.artifacts/i18n/ci-gates/run.jdoe9zpi/05-production-shadow-surface-ledger-tests.log)
PASS  06-runtime-collision-scan (log: /workspace/tome4-chinese-translation/.artifacts/i18n/ci-gates/run.jdoe9zpi/06-runtime-collision-scan.log)
PASS  07-runtime-key-classification (log: /workspace/tome4-chinese-translation/.artifacts/i18n/ci-gates/run.jdoe9zpi/07-runtime-key-classification.log)
PASS  08-terminology-static-audit (log: /workspace/tome4-chinese-translation/.artifacts/i18n/ci-gates/run.jdoe9zpi/08-terminology-static-audit.log)
PASS  09-terminology-dynamic-audit (log: /workspace/tome4-chinese-translation/.artifacts/i18n/ci-gates/run.jdoe9zpi/09-terminology-dynamic-audit.log)
PASS  10-domain-annotation (log: /workspace/tome4-chinese-translation/.artifacts/i18n/ci-gates/run.jdoe9zpi/10-domain-annotation.log)
PASS  11-worktree-whitespace (log: /workspace/tome4-chinese-translation/.artifacts/i18n/ci-gates/run.jdoe9zpi/11-worktree-whitespace.log)
PASS  11-staged-whitespace (log: /workspace/tome4-chinese-translation/.artifacts/i18n/ci-gates/run.jdoe9zpi/11-staged-whitespace.log)
PASS  12-core-addon-build (log: /workspace/tome4-chinese-translation/.artifacts/i18n/ci-gates/run.jdoe9zpi/12-core-addon-build.log)
ALL GATES PASSED
--- prepare-evidence: exit=0 elapsed=170.6s projections=0 projection_elapsed=0.0s
{
  "batch_id": "batch-d4cf75fd2ee85585d522",
  "ok": true,
  "prospective": "/workspace/tome4-chinese-translation/.artifacts/i18n/production-review-v2-lite/prospective/evidence/production-review-v2-lite/batches/batch-d4cf75fd2ee85585d522",
  "results": 80
}

