{
  "active_writer": true,
  "catalog_id": "e97aaf89de5fca113d500beccb80df23b2c5731eb3f8215495e93805b6c4c76c",
  "evidence_head": "5342f1b06943cefb1d9f393d2a186c9c6cc8a6e6",
  "explicit_overrides": {
    "blocked": 35,
    "done": 23293,
    "repair_required": 6
  },
  "implicit_queued": 6494,
  "ok": true,
  "override_basis": "sqlite_state_codes",
  "progress": {
    "basis": "committed_evidence",
    "classification": [
      {
        "count": 6438,
        "deep_reviewed": false,
        "historical_revision_invalidated": false,
        "pending_repair": false,
        "surface_covered": false
      },
      {
        "count": 56,
        "deep_reviewed": false,
        "historical_revision_invalidated": true,
        "pending_repair": false,
        "surface_covered": false
      },
      {
        "count": 0,
        "deep_reviewed": false,
        "historical_revision_invalidated": false,
        "pending_repair": true,
        "surface_covered": false
      },
      {
        "count": 0,
        "deep_reviewed": false,
        "historical_revision_invalidated": true,
        "pending_repair": true,
        "surface_covered": false
      },
      {
        "count": 0,
        "deep_reviewed": true,
        "historical_revision_invalidated": false,
        "pending_repair": false,
        "surface_covered": false
      },
      {
        "count": 0,
        "deep_reviewed": true,
        "historical_revision_invalidated": true,
        "pending_repair": false,
        "surface_covered": false
      },
      {
        "count": 0,
        "deep_reviewed": true,
        "historical_revision_invalidated": false,
        "pending_repair": true,
        "surface_covered": false
      },
      {
        "count": 0,
        "deep_reviewed": true,
        "historical_revision_invalidated": true,
        "pending_repair": true,
        "surface_covered": false
      },
      {
        "count": 21038,
        "deep_reviewed": false,
        "historical_revision_invalidated": false,
        "pending_repair": false,
        "surface_covered": true
      },
      {
        "count": 1573,
        "deep_reviewed": false,
        "historical_revision_invalidated": true,
        "pending_repair": false,
        "surface_covered": true
      },
      {
        "count": 0,
        "deep_reviewed": false,
        "historical_revision_invalidated": false,
        "pending_repair": true,
        "surface_covered": true
      },
      {
        "count": 0,
        "deep_reviewed": false,
        "historical_revision_invalidated": true,
        "pending_repair": true,
        "surface_covered": true
      },
      {
        "count": 635,
        "deep_reviewed": true,
        "historical_revision_invalidated": false,
        "pending_repair": false,
        "surface_covered": true
      },
      {
        "count": 82,
        "deep_reviewed": true,
        "historical_revision_invalidated": true,
        "pending_repair": false,
        "surface_covered": true
      },
      {
        "count": 5,
        "deep_reviewed": true,
        "historical_revision_invalidated": false,
        "pending_repair": true,
        "surface_covered": true
      },
      {
        "count": 1,
        "deep_reviewed": true,
        "historical_revision_invalidated": true,
        "pending_repair": true,
        "surface_covered": true
      }
    ],
    "committed_done_by_completion_level": {
      "deep_reviewed": 688,
      "surface_only": 22605
    },
    "eligible": 29828,
    "invalidated_without_current_review": 56,
    "metrics": {
      "deep_reviewed": {
        "count": 723,
        "denominator": 29828,
        "ratio": 0.02423897009521255
      },
      "historical_revision_invalidated": {
        "count": 1712,
        "denominator": 29828,
        "ratio": 0.05739573555048947
      },
      "pending_repair": {
        "count": 6,
        "denominator": 29828,
        "ratio": 0.0002011532787984444
      },
      "surface_covered": {
        "count": 23334,
        "denominator": 29828,
        "ratio": 0.7822851012471503
      }
    }
  },
  "reconciliation_count": 29828
}
