{"ambiguous":0,"artifact":"/workspace/tome4-chinese-translation/.artifacts/i18n/repair-window/window43-20260927-migration.json","base_commit":"fbc29d590362a73b946e70dee78489d2088911ab","dispositions":{"revision_changed":25,"unchanged":29803},"migration_id":"be5eb8a9ad03621b7d23e9bec7816b8ab3f2fecea4d239f67e8ae4d2afde055b","new_catalog_id":"dc90e6baa755d8ab3785318d9357ceabad07b3d4a6073de2962b0a87f21d80bf","new_counts":{"entry_count":29828,"exclusion_count":480,"occurrence_count":30308},"ok":true,"old_catalog_id":"cd1afc43cdabae9f40521720398d0e814a5125adcc1919f763af383d05456086","old_counts":{"entry_count":29828,"exclusion_count":480,"occurrence_count":30308},"target_path":"evidence/production-review-v2-lite/migrations/be5eb8a9ad03621b7d23e9bec7816b8ab3f2fecea4d239f67e8ae4d2afde055b.json","unmapped":0}{"ambiguous":0,"artifact":".artifacts/i18n/repair-window/window43-20260927-migration.json","base_commit":"fbc29d590362a73b946e70dee78489d2088911ab","dispositions":{"revision_changed":25,"unchanged":29803},"migration_id":"be5eb8a9ad03621b7d23e9bec7816b8ab3f2fecea4d239f67e8ae4d2afde055b","new_catalog_id":"dc90e6baa755d8ab3785318d9357ceabad07b3d4a6073de2962b0a87f21d80bf","new_counts":{"entry_count":29828,"exclusion_count":480,"occurrence_count":30308},"ok":true,"old_catalog_id":"cd1afc43cdabae9f40521720398d0e814a5125adcc1919f763af383d05456086","old_counts":{"entry_count":29828,"exclusion_count":480,"occurrence_count":30308},"target_path":"evidence/production-review-v2-lite/migrations/be5eb8a9ad03621b7d23e9bec7816b8ab3f2fecea4d239f67e8ae4d2afde055b.json","unmapped":0}{"ambiguous":0,"applied":true,"base_commit":"fbc29d590362a73b946e70dee78489d2088911ab","dispositions":{"revision_changed":25,"unchanged":29803},"migration_id":"be5eb8a9ad03621b7d23e9bec7816b8ab3f2fecea4d239f67e8ae4d2afde055b","new_catalog_id":"dc90e6baa755d8ab3785318d9357ceabad07b3d4a6073de2962b0a87f21d80bf","new_counts":{"entry_count":29828,"exclusion_count":480,"occurrence_count":30308},"ok":true,"old_catalog_id":"cd1afc43cdabae9f40521720398d0e814a5125adcc1919f763af383d05456086","old_counts":{"entry_count":29828,"exclusion_count":480,"occurrence_count":30308},"queued_successors":25,"target_path":"evidence/production-review-v2-lite/migrations/be5eb8a9ad03621b7d23e9bec7816b8ab3f2fecea4d239f67e8ae4d2afde055b.json","unmapped":0}{
  "active_writer": true,
  "catalog_id": "cd1afc43cdabae9f40521720398d0e814a5125adcc1919f763af383d05456086",
  "evidence_head": "fbc29d590362a73b946e70dee78489d2088911ab",
  "explicit_overrides": {
    "blocked": 45,
    "done": 28843,
    "repair_required": 26
  },
  "implicit_queued": 914,
  "ok": true,
  "override_basis": "sqlite_state_codes",
  "progress": {
    "basis": "committed_evidence",
    "classification": [
      {
        "count": 871,
        "deep_reviewed": false,
        "historical_revision_invalidated": false,
        "pending_repair": false,
        "surface_covered": false
      },
      {
        "count": 43,
        "deep_reviewed": false,
        "historical_revision_invalidated": true,
        "pending_repair": false,
        "surface_covered": false
      },
      {
        "count": 0,
        "deep_reviewed": false,
        "historical_revision_invalidated": false,
        "pending_repair": true,
        "surface_covered": false
      },
      {
        "count": 0,
        "deep_reviewed": false,
        "historical_revision_invalidated": true,
        "pending_repair": true,
        "surface_covered": false
      },
      {
        "count": 0,
        "deep_reviewed": true,
        "historical_revision_invalidated": false,
        "pending_repair": false,
        "surface_covered": false
      },
      {
        "count": 0,
        "deep_reviewed": true,
        "historical_revision_invalidated": true,
        "pending_repair": false,
        "surface_covered": false
      },
      {
        "count": 0,
        "deep_reviewed": true,
        "historical_revision_invalidated": false,
        "pending_repair": true,
        "surface_covered": false
      },
      {
        "count": 0,
        "deep_reviewed": true,
        "historical_revision_invalidated": true,
        "pending_repair": true,
        "surface_covered": false
      },
      {
        "count": 25811,
        "deep_reviewed": false,
        "historical_revision_invalidated": false,
        "pending_repair": false,
        "surface_covered": true
      },
      {
        "count": 1971,
        "deep_reviewed": false,
        "historical_revision_invalidated": true,
        "pending_repair": false,
        "surface_covered": true
      },
      {
        "count": 0,
        "deep_reviewed": false,
        "historical_revision_invalidated": false,
        "pending_repair": true,
        "surface_covered": true
      },
      {
        "count": 0,
        "deep_reviewed": false,
        "historical_revision_invalidated": true,
        "pending_repair": true,
        "surface_covered": true
      },
      {
        "count": 995,
        "deep_reviewed": true,
        "historical_revision_invalidated": false,
        "pending_repair": false,
        "surface_covered": true
      },
      {
        "count": 111,
        "deep_reviewed": true,
        "historical_revision_invalidated": true,
        "pending_repair": false,
        "surface_covered": true
      },
      {
        "count": 25,
        "deep_reviewed": true,
        "historical_revision_invalidated": false,
        "pending_repair": true,
        "surface_covered": true
      },
      {
        "count": 1,
        "deep_reviewed": true,
        "historical_revision_invalidated": true,
        "pending_repair": true,
        "surface_covered": true
      }
    ],
    "committed_done_by_completion_level": {
      "deep_reviewed": 1067,
      "surface_only": 27776
    },
    "eligible": 29828,
    "invalidated_without_current_review": 43,
    "metrics": {
      "deep_reviewed": {
        "count": 1132,
        "denominator": 29828,
        "ratio": 0.03795091859997318
      },
      "historical_revision_invalidated": {
        "count": 2126,
        "denominator": 29828,
        "ratio": 0.07127531178758213
      },
      "pending_repair": {
        "count": 26,
        "denominator": 29828,
        "ratio": 0.0008716642081265924
      },
      "surface_covered": {
        "count": 28914,
        "denominator": 29828,
        "ratio": 0.9693576505297037
      }
    }
  },
  "reconciliation_count": 29828
}
{
  "bytes": 35319757,
  "catalog_id": "dc90e6baa755d8ab3785318d9357ceabad07b3d4a6073de2962b0a87f21d80bf",
  "directory": ".artifacts/i18n/repair-window/window43-20260927-candidate-catalog",
  "entries": 29828,
  "exclusions": 480,
  "occurrences": 30308
}
