{"argv": ["python3", "-B", "tools/orchestration/run_batch_steps.py", "adjudicate=.artifacts/i18n/adjudication-chain/review382-20261001-surface-only.json", "prepare-evidence"], "started_at": "2026-10-01T09:48:15.407585+00:00", "finished_at": "2026-10-01T09:51:01.964747+00:00", "wall_seconds": 166.55716915702214, "exit_code": 0, "log_path": ".artifacts/i18n/continuation-20260923/review382-adjudication-chain.log"}
-claim-unit-tests.log)
PASS  04-semantic-claims-strict-registry (log: /workspace/tome4-chinese-translation/.artifacts/i18n/ci-gates/run.gz71dje8/04-semantic-claims-strict-registry.log)
PASS  05-contract-suite-unit-tests (log: /workspace/tome4-chinese-translation/.artifacts/i18n/ci-gates/run.gz71dje8/05-contract-suite-unit-tests.log)
PASS  05-production-shadow-surface-ledger-tests (log: /workspace/tome4-chinese-translation/.artifacts/i18n/ci-gates/run.gz71dje8/05-production-shadow-surface-ledger-tests.log)
PASS  06-runtime-collision-scan (log: /workspace/tome4-chinese-translation/.artifacts/i18n/ci-gates/run.gz71dje8/06-runtime-collision-scan.log)
PASS  07-runtime-key-classification (log: /workspace/tome4-chinese-translation/.artifacts/i18n/ci-gates/run.gz71dje8/07-runtime-key-classification.log)
PASS  08-terminology-static-audit (log: /workspace/tome4-chinese-translation/.artifacts/i18n/ci-gates/run.gz71dje8/08-terminology-static-audit.log)
PASS  09-terminology-dynamic-audit (log: /workspace/tome4-chinese-translation/.artifacts/i18n/ci-gates/run.gz71dje8/09-terminology-dynamic-audit.log)
PASS  10-domain-annotation (log: /workspace/tome4-chinese-translation/.artifacts/i18n/ci-gates/run.gz71dje8/10-domain-annotation.log)
PASS  11-worktree-whitespace (log: /workspace/tome4-chinese-translation/.artifacts/i18n/ci-gates/run.gz71dje8/11-worktree-whitespace.log)
PASS  11-staged-whitespace (log: /workspace/tome4-chinese-translation/.artifacts/i18n/ci-gates/run.gz71dje8/11-staged-whitespace.log)
PASS  12-core-addon-build (log: /workspace/tome4-chinese-translation/.artifacts/i18n/ci-gates/run.gz71dje8/12-core-addon-build.log)
ALL GATES PASSED
--- prepare-evidence: exit=0 elapsed=164.8s projections=0 projection_elapsed=0.0s
{
  "batch_id": "batch-554490d4847b278842b9",
  "ok": true,
  "prospective": "/workspace/tome4-chinese-translation/.artifacts/i18n/production-review-v2-lite/prospective/evidence/production-review-v2-lite/batches/batch-554490d4847b278842b9",
  "results": 1
}

