--- queue-rebuild: exit=0 elapsed=287.5s
--- batch-start: exit=0 elapsed=1.5s
{
  "active_writer": true,
  "catalog_id": "2a349020c440d5766776ac1396bd949c94f99c0c97852b314543776fc9acf280",
  "evidence_head": "001a31d14741ddbcf30dd87b0e9840c374ee0a65",
  "explicit_overrides": {
    "blocked": 35,
    "done": 23892,
    "repair_required": 14
  },
  "implicit_queued": 5887,
  "ok": true,
  "override_basis": "sqlite_state_codes",
  "progress": {
    "basis": "committed_evidence",
    "classification": [
      {
        "count": 5884,
        "deep_reviewed": false,
        "historical_revision_invalidated": false,
        "pending_repair": false,
        "surface_covered": false
      },
      {
        "count": 3,
        "deep_reviewed": false,
        "historical_revision_invalidated": true,
        "pending_repair": false,
        "surface_covered": false
      },
      {
        "count": 0,
        "deep_reviewed": false,
        "historical_revision_invalidated": false,
        "pending_repair": true,
        "surface_covered": false
      },
      {
        "count": 0,
        "deep_reviewed": false,
        "historical_revision_invalidated": true,
        "pending_repair": true,
        "surface_covered": false
      },
      {
        "count": 0,
        "deep_reviewed": true,
        "historical_revision_invalidated": false,
        "pending_repair": false,
        "surface_covered": false
      },
      {
        "count": 0,
        "deep_reviewed": true,
        "historical_revision_invalidated": true,
        "pending_repair": false,
        "surface_covered": false
      },
      {
        "count": 0,
        "deep_reviewed": true,
        "historical_revision_invalidated": false,
        "pending_repair": true,
        "surface_covered": false
      },
      {
        "count": 0,
        "deep_reviewed": true,
        "historical_revision_invalidated": true,
        "pending_repair": true,
        "surface_covered": false
      },
      {
        "count": 21518,
        "deep_reviewed": false,
        "historical_revision_invalidated": false,
        "pending_repair": false,
        "surface_covered": true
      },
      {
        "count": 1651,
        "deep_reviewed": false,
        "historical_revision_invalidated": true,
        "pending_repair": false,
        "surface_covered": true
      },
      {
        "count": 0,
        "deep_reviewed": false,
        "historical_revision_invalidated": false,
        "pending_repair": true,
        "surface_covered": true
      },
      {
        "count": 0,
        "deep_reviewed": false,
        "historical_revision_invalidated": true,
        "pending_repair": true,
        "surface_covered": true
      },
      {
        "count": 669,
        "deep_reviewed": true,
        "historical_revision_invalidated": false,
        "pending_repair": false,
        "surface_covered": true
      },
      {
        "count": 89,
        "deep_reviewed": true,
        "historical_revision_invalidated": true,
        "pending_repair": false,
        "surface_covered": true
      },
      {
        "count": 13,
        "deep_reviewed": true,
        "historical_revision_invalidated": false,
        "pending_repair": true,
        "surface_covered": true
      },
      {
        "count": 1,
        "deep_reviewed": true,
        "historical_revision_invalidated": true,
        "pending_repair": true,
        "surface_covered": true
      }
    ],
    "committed_done_by_completion_level": {
      "deep_reviewed": 729,
      "surface_only": 23163
    },
    "eligible": 29828,
    "invalidated_without_current_review": 3,
    "metrics": {
      "deep_reviewed": {
        "count": 772,
        "denominator": 29828,
        "ratio": 0.025881721872066516
      },
      "historical_revision_invalidated": {
        "count": 1744,
        "denominator": 29828,
        "ratio": 0.05846855303741451
      },
      "pending_repair": {
        "count": 14,
        "denominator": 29828,
        "ratio": 0.0004693576505297036
      },
      "surface_covered": {
        "count": 23941,
        "denominator": 29828,
        "ratio": 0.8026351079522597
      }
    }
  },
  "reconciliation_count": 29828
}
{
  "batch_id": "batch-f8d6c02a3294c168f104",
  "ok": true,
  "selected": 80,
  "selection_mode": "queued"
}
