{"ambiguous":0,"artifact":"/workspace/tome4-chinese-translation/.artifacts/i18n/repair-window/window31-20260925-migration.json","base_commit":"4259b5ff762152c3da3c4df44bdd8f669b1ba13e","dispositions":{"revision_changed":23,"unchanged":29805},"migration_id":"bb2265e211b14ef5fecfb33b606abdbb40d72aa83fe73d750a8f77cc3d52bd2a","new_catalog_id":"537aef5ca467c11995bb2405b5b1b8b7e2b8268469d00262509769e3c4d3fc53","new_counts":{"entry_count":29828,"exclusion_count":480,"occurrence_count":30308},"ok":true,"old_catalog_id":"274ebb14863a03c5b126f0e6eae11007566251a2abf907c975d715c6523b4a54","old_counts":{"entry_count":29828,"exclusion_count":480,"occurrence_count":30308},"target_path":"evidence/production-review-v2-lite/migrations/bb2265e211b14ef5fecfb33b606abdbb40d72aa83fe73d750a8f77cc3d52bd2a.json","unmapped":0}{"ambiguous":0,"artifact":".artifacts/i18n/repair-window/window31-20260925-migration.json","base_commit":"4259b5ff762152c3da3c4df44bdd8f669b1ba13e","dispositions":{"revision_changed":23,"unchanged":29805},"migration_id":"bb2265e211b14ef5fecfb33b606abdbb40d72aa83fe73d750a8f77cc3d52bd2a","new_catalog_id":"537aef5ca467c11995bb2405b5b1b8b7e2b8268469d00262509769e3c4d3fc53","new_counts":{"entry_count":29828,"exclusion_count":480,"occurrence_count":30308},"ok":true,"old_catalog_id":"274ebb14863a03c5b126f0e6eae11007566251a2abf907c975d715c6523b4a54","old_counts":{"entry_count":29828,"exclusion_count":480,"occurrence_count":30308},"target_path":"evidence/production-review-v2-lite/migrations/bb2265e211b14ef5fecfb33b606abdbb40d72aa83fe73d750a8f77cc3d52bd2a.json","unmapped":0}{"ambiguous":0,"applied":true,"base_commit":"4259b5ff762152c3da3c4df44bdd8f669b1ba13e","dispositions":{"revision_changed":23,"unchanged":29805},"migration_id":"bb2265e211b14ef5fecfb33b606abdbb40d72aa83fe73d750a8f77cc3d52bd2a","new_catalog_id":"537aef5ca467c11995bb2405b5b1b8b7e2b8268469d00262509769e3c4d3fc53","new_counts":{"entry_count":29828,"exclusion_count":480,"occurrence_count":30308},"ok":true,"old_catalog_id":"274ebb14863a03c5b126f0e6eae11007566251a2abf907c975d715c6523b4a54","old_counts":{"entry_count":29828,"exclusion_count":480,"occurrence_count":30308},"queued_successors":23,"target_path":"evidence/production-review-v2-lite/migrations/bb2265e211b14ef5fecfb33b606abdbb40d72aa83fe73d750a8f77cc3d52bd2a.json","unmapped":0}{
  "active_writer": true,
  "catalog_id": "274ebb14863a03c5b126f0e6eae11007566251a2abf907c975d715c6523b4a54",
  "evidence_head": "4259b5ff762152c3da3c4df44bdd8f669b1ba13e",
  "explicit_overrides": {
    "blocked": 45,
    "done": 24896,
    "repair_required": 24
  },
  "implicit_queued": 4863,
  "ok": true,
  "override_basis": "sqlite_state_codes",
  "progress": {
    "basis": "committed_evidence",
    "classification": [
      {
        "count": 4862,
        "deep_reviewed": false,
        "historical_revision_invalidated": false,
        "pending_repair": false,
        "surface_covered": false
      },
      {
        "count": 1,
        "deep_reviewed": false,
        "historical_revision_invalidated": true,
        "pending_repair": false,
        "surface_covered": false
      },
      {
        "count": 0,
        "deep_reviewed": false,
        "historical_revision_invalidated": false,
        "pending_repair": true,
        "surface_covered": false
      },
      {
        "count": 0,
        "deep_reviewed": false,
        "historical_revision_invalidated": true,
        "pending_repair": true,
        "surface_covered": false
      },
      {
        "count": 0,
        "deep_reviewed": true,
        "historical_revision_invalidated": false,
        "pending_repair": false,
        "surface_covered": false
      },
      {
        "count": 0,
        "deep_reviewed": true,
        "historical_revision_invalidated": true,
        "pending_repair": false,
        "surface_covered": false
      },
      {
        "count": 0,
        "deep_reviewed": true,
        "historical_revision_invalidated": false,
        "pending_repair": true,
        "surface_covered": false
      },
      {
        "count": 0,
        "deep_reviewed": true,
        "historical_revision_invalidated": true,
        "pending_repair": true,
        "surface_covered": false
      },
      {
        "count": 22370,
        "deep_reviewed": false,
        "historical_revision_invalidated": false,
        "pending_repair": false,
        "surface_covered": true
      },
      {
        "count": 1740,
        "deep_reviewed": false,
        "historical_revision_invalidated": true,
        "pending_repair": false,
        "surface_covered": true
      },
      {
        "count": 0,
        "deep_reviewed": false,
        "historical_revision_invalidated": false,
        "pending_repair": true,
        "surface_covered": true
      },
      {
        "count": 0,
        "deep_reviewed": false,
        "historical_revision_invalidated": true,
        "pending_repair": true,
        "surface_covered": true
      },
      {
        "count": 733,
        "deep_reviewed": true,
        "historical_revision_invalidated": false,
        "pending_repair": false,
        "surface_covered": true
      },
      {
        "count": 98,
        "deep_reviewed": true,
        "historical_revision_invalidated": true,
        "pending_repair": false,
        "surface_covered": true
      },
      {
        "count": 23,
        "deep_reviewed": true,
        "historical_revision_invalidated": false,
        "pending_repair": true,
        "surface_covered": true
      },
      {
        "count": 1,
        "deep_reviewed": true,
        "historical_revision_invalidated": true,
        "pending_repair": true,
        "surface_covered": true
      }
    ],
    "committed_done_by_completion_level": {
      "deep_reviewed": 792,
      "surface_only": 24104
    },
    "eligible": 29828,
    "invalidated_without_current_review": 1,
    "metrics": {
      "deep_reviewed": {
        "count": 855,
        "denominator": 29828,
        "ratio": 0.02866434222877833
      },
      "historical_revision_invalidated": {
        "count": 1840,
        "denominator": 29828,
        "ratio": 0.06168700549818962
      },
      "pending_repair": {
        "count": 24,
        "denominator": 29828,
        "ratio": 0.0008046131151937776
      },
      "surface_covered": {
        "count": 24965,
        "denominator": 29828,
        "ratio": 0.8369652675338608
      }
    }
  },
  "reconciliation_count": 29828
}
{
  "bytes": 35321167,
  "catalog_id": "537aef5ca467c11995bb2405b5b1b8b7e2b8268469d00262509769e3c4d3fc53",
  "directory": ".artifacts/i18n/repair-window/window31-20260925-candidate-catalog",
  "entries": 29828,
  "exclusions": 480,
  "occurrences": 30308
}
