{"ambiguous":0,"artifact":"/workspace/tome4-chinese-translation/.artifacts/i18n/repair-window/window53-20260929-migration.json","base_commit":"359798c301d07abbccfa503ccd9c2b5657c3e725","dispositions":{"revision_changed":19,"unchanged":29809},"migration_id":"7ed5bcec6d8c59a381f37e30588935e4f399e2eb8a738651d5a1b0b25c4033da","new_catalog_id":"cd2d8f8880856795f5a4650efad202178c9b660a338bcd272c60bd158d073510","new_counts":{"entry_count":29828,"exclusion_count":480,"occurrence_count":30308},"ok":true,"old_catalog_id":"ff7fda04eee846042426461b900a40db58268e8337afdbc25e46544cb3e75d54","old_counts":{"entry_count":29828,"exclusion_count":480,"occurrence_count":30308},"target_path":"evidence/production-review-v2-lite/migrations/7ed5bcec6d8c59a381f37e30588935e4f399e2eb8a738651d5a1b0b25c4033da.json","unmapped":0}{"ambiguous":0,"artifact":".artifacts/i18n/repair-window/window53-20260929-migration.json","base_commit":"359798c301d07abbccfa503ccd9c2b5657c3e725","dispositions":{"revision_changed":19,"unchanged":29809},"migration_id":"7ed5bcec6d8c59a381f37e30588935e4f399e2eb8a738651d5a1b0b25c4033da","new_catalog_id":"cd2d8f8880856795f5a4650efad202178c9b660a338bcd272c60bd158d073510","new_counts":{"entry_count":29828,"exclusion_count":480,"occurrence_count":30308},"ok":true,"old_catalog_id":"ff7fda04eee846042426461b900a40db58268e8337afdbc25e46544cb3e75d54","old_counts":{"entry_count":29828,"exclusion_count":480,"occurrence_count":30308},"target_path":"evidence/production-review-v2-lite/migrations/7ed5bcec6d8c59a381f37e30588935e4f399e2eb8a738651d5a1b0b25c4033da.json","unmapped":0}{"ambiguous":0,"applied":true,"base_commit":"359798c301d07abbccfa503ccd9c2b5657c3e725","dispositions":{"revision_changed":19,"unchanged":29809},"migration_id":"7ed5bcec6d8c59a381f37e30588935e4f399e2eb8a738651d5a1b0b25c4033da","new_catalog_id":"cd2d8f8880856795f5a4650efad202178c9b660a338bcd272c60bd158d073510","new_counts":{"entry_count":29828,"exclusion_count":480,"occurrence_count":30308},"ok":true,"old_catalog_id":"ff7fda04eee846042426461b900a40db58268e8337afdbc25e46544cb3e75d54","old_counts":{"entry_count":29828,"exclusion_count":480,"occurrence_count":30308},"queued_successors":19,"target_path":"evidence/production-review-v2-lite/migrations/7ed5bcec6d8c59a381f37e30588935e4f399e2eb8a738651d5a1b0b25c4033da.json","unmapped":0}{
  "active_writer": true,
  "catalog_id": "ff7fda04eee846042426461b900a40db58268e8337afdbc25e46544cb3e75d54",
  "evidence_head": "359798c301d07abbccfa503ccd9c2b5657c3e725",
  "explicit_overrides": {
    "blocked": 26,
    "done": 29783,
    "repair_required": 19
  },
  "implicit_queued": 0,
  "ok": true,
  "override_basis": "sqlite_state_codes",
  "progress": {
    "basis": "committed_evidence",
    "classification": [
      {
        "count": 0,
        "deep_reviewed": false,
        "historical_revision_invalidated": false,
        "pending_repair": false,
        "surface_covered": false
      },
      {
        "count": 0,
        "deep_reviewed": false,
        "historical_revision_invalidated": true,
        "pending_repair": false,
        "surface_covered": false
      },
      {
        "count": 0,
        "deep_reviewed": false,
        "historical_revision_invalidated": false,
        "pending_repair": true,
        "surface_covered": false
      },
      {
        "count": 0,
        "deep_reviewed": false,
        "historical_revision_invalidated": true,
        "pending_repair": true,
        "surface_covered": false
      },
      {
        "count": 0,
        "deep_reviewed": true,
        "historical_revision_invalidated": false,
        "pending_repair": false,
        "surface_covered": false
      },
      {
        "count": 0,
        "deep_reviewed": true,
        "historical_revision_invalidated": true,
        "pending_repair": false,
        "surface_covered": false
      },
      {
        "count": 0,
        "deep_reviewed": true,
        "historical_revision_invalidated": false,
        "pending_repair": true,
        "surface_covered": false
      },
      {
        "count": 0,
        "deep_reviewed": true,
        "historical_revision_invalidated": true,
        "pending_repair": true,
        "surface_covered": false
      },
      {
        "count": 26263,
        "deep_reviewed": false,
        "historical_revision_invalidated": false,
        "pending_repair": false,
        "surface_covered": true
      },
      {
        "count": 2439,
        "deep_reviewed": false,
        "historical_revision_invalidated": true,
        "pending_repair": false,
        "surface_covered": true
      },
      {
        "count": 0,
        "deep_reviewed": false,
        "historical_revision_invalidated": false,
        "pending_repair": true,
        "surface_covered": true
      },
      {
        "count": 0,
        "deep_reviewed": false,
        "historical_revision_invalidated": true,
        "pending_repair": true,
        "surface_covered": true
      },
      {
        "count": 972,
        "deep_reviewed": true,
        "historical_revision_invalidated": false,
        "pending_repair": false,
        "surface_covered": true
      },
      {
        "count": 135,
        "deep_reviewed": true,
        "historical_revision_invalidated": true,
        "pending_repair": false,
        "surface_covered": true
      },
      {
        "count": 0,
        "deep_reviewed": true,
        "historical_revision_invalidated": false,
        "pending_repair": true,
        "surface_covered": true
      },
      {
        "count": 19,
        "deep_reviewed": true,
        "historical_revision_invalidated": true,
        "pending_repair": true,
        "surface_covered": true
      }
    ],
    "committed_done_by_completion_level": {
      "deep_reviewed": 1088,
      "surface_only": 28695
    },
    "eligible": 29828,
    "invalidated_without_current_review": 0,
    "metrics": {
      "deep_reviewed": {
        "count": 1126,
        "denominator": 29828,
        "ratio": 0.03774976532117474
      },
      "historical_revision_invalidated": {
        "count": 2593,
        "denominator": 29828,
        "ratio": 0.0869317419873944
      },
      "pending_repair": {
        "count": 19,
        "denominator": 29828,
        "ratio": 0.0006369853828617406
      },
      "surface_covered": {
        "count": 29828,
        "denominator": 29828,
        "ratio": 1.0
      }
    }
  },
  "reconciliation_count": 29828
}
{
  "bytes": 35319115,
  "catalog_id": "cd2d8f8880856795f5a4650efad202178c9b660a338bcd272c60bd158d073510",
  "directory": ".artifacts/i18n/repair-window/window53-20260929-candidate-catalog",
  "entries": 29828,
  "exclusions": 480,
  "occurrences": 30308
}
