{"argv": ["python3", "-B", "tools/orchestration/run_batch_steps.py", "contextual-adjudication-chain", "--input", ".artifacts/i18n/continuation-20260923/review397-contextual-index.json", "--spec", ".artifacts/i18n/continuation-20260923/review397-host-decisions.json", "--output", ".artifacts/i18n/adjudication-chain/review397-20261005-attempt01.json", "--source-root", ".artifacts/i18n/continuation-20260923/review397-source-root"], "started_at": "2026-10-05T11:35:09.547324+00:00", "finished_at": "2026-10-05T11:38:02.182035+00:00", "wall_seconds": 172.63470872299513, "exit_code": 0, "log_path": ".artifacts/i18n/continuation-20260923/review397-adjudication-chain.log"}
claim-unit-tests.log)
PASS  04-semantic-claims-strict-registry (log: /workspace/tome4-chinese-translation/.artifacts/i18n/ci-gates/run.3ja4zcvu/04-semantic-claims-strict-registry.log)
PASS  05-contract-suite-unit-tests (log: /workspace/tome4-chinese-translation/.artifacts/i18n/ci-gates/run.3ja4zcvu/05-contract-suite-unit-tests.log)
PASS  05-production-shadow-surface-ledger-tests (log: /workspace/tome4-chinese-translation/.artifacts/i18n/ci-gates/run.3ja4zcvu/05-production-shadow-surface-ledger-tests.log)
PASS  06-runtime-collision-scan (log: /workspace/tome4-chinese-translation/.artifacts/i18n/ci-gates/run.3ja4zcvu/06-runtime-collision-scan.log)
PASS  07-runtime-key-classification (log: /workspace/tome4-chinese-translation/.artifacts/i18n/ci-gates/run.3ja4zcvu/07-runtime-key-classification.log)
PASS  08-terminology-static-audit (log: /workspace/tome4-chinese-translation/.artifacts/i18n/ci-gates/run.3ja4zcvu/08-terminology-static-audit.log)
PASS  09-terminology-dynamic-audit (log: /workspace/tome4-chinese-translation/.artifacts/i18n/ci-gates/run.3ja4zcvu/09-terminology-dynamic-audit.log)
PASS  10-domain-annotation (log: /workspace/tome4-chinese-translation/.artifacts/i18n/ci-gates/run.3ja4zcvu/10-domain-annotation.log)
PASS  11-worktree-whitespace (log: /workspace/tome4-chinese-translation/.artifacts/i18n/ci-gates/run.3ja4zcvu/11-worktree-whitespace.log)
PASS  11-staged-whitespace (log: /workspace/tome4-chinese-translation/.artifacts/i18n/ci-gates/run.3ja4zcvu/11-staged-whitespace.log)
PASS  12-core-addon-build (log: /workspace/tome4-chinese-translation/.artifacts/i18n/ci-gates/run.3ja4zcvu/12-core-addon-build.log)
ALL GATES PASSED
--- prepare-evidence: exit=0 elapsed=168.1s projections=0 projection_elapsed=0.0s
{
  "batch_id": "batch-eb3fc24942d20a7b5e71",
  "ok": true,
  "prospective": "/workspace/tome4-chinese-translation/.artifacts/i18n/production-review-v2-lite/prospective/evidence/production-review-v2-lite/batches/batch-eb3fc24942d20a7b5e71",
  "results": 80
}

