{"ambiguous":0,"artifact":"/workspace/tome4-chinese-translation/.artifacts/i18n/repair-window/window65-20261004-migration.json","base_commit":"9079821a2d8f61ff9b84e1e7e111c2af65bd0cc1","dispositions":{"revision_changed":11,"unchanged":29817},"migration_id":"e437cb51838bcc569d772a905f70dfe23b175537a8b2a4a9f1e1b1c19022685f","new_catalog_id":"fa20187008d51eaab572200028302cc7cfdf7bc69a16a4270d1f71013db6bff4","new_counts":{"entry_count":29828,"exclusion_count":480,"occurrence_count":30308},"ok":true,"old_catalog_id":"302702bb0c32c7523d675b2e385b412e6ea71045ae6758e6b7d19a89c681308e","old_counts":{"entry_count":29828,"exclusion_count":480,"occurrence_count":30308},"target_path":"evidence/production-review-v2-lite/migrations/e437cb51838bcc569d772a905f70dfe23b175537a8b2a4a9f1e1b1c19022685f.json","unmapped":0}{"ambiguous":0,"artifact":".artifacts/i18n/repair-window/window65-20261004-migration.json","base_commit":"9079821a2d8f61ff9b84e1e7e111c2af65bd0cc1","dispositions":{"revision_changed":11,"unchanged":29817},"migration_id":"e437cb51838bcc569d772a905f70dfe23b175537a8b2a4a9f1e1b1c19022685f","new_catalog_id":"fa20187008d51eaab572200028302cc7cfdf7bc69a16a4270d1f71013db6bff4","new_counts":{"entry_count":29828,"exclusion_count":480,"occurrence_count":30308},"ok":true,"old_catalog_id":"302702bb0c32c7523d675b2e385b412e6ea71045ae6758e6b7d19a89c681308e","old_counts":{"entry_count":29828,"exclusion_count":480,"occurrence_count":30308},"target_path":"evidence/production-review-v2-lite/migrations/e437cb51838bcc569d772a905f70dfe23b175537a8b2a4a9f1e1b1c19022685f.json","unmapped":0}{"ambiguous":0,"applied":true,"base_commit":"9079821a2d8f61ff9b84e1e7e111c2af65bd0cc1","dispositions":{"revision_changed":11,"unchanged":29817},"migration_id":"e437cb51838bcc569d772a905f70dfe23b175537a8b2a4a9f1e1b1c19022685f","new_catalog_id":"fa20187008d51eaab572200028302cc7cfdf7bc69a16a4270d1f71013db6bff4","new_counts":{"entry_count":29828,"exclusion_count":480,"occurrence_count":30308},"ok":true,"old_catalog_id":"302702bb0c32c7523d675b2e385b412e6ea71045ae6758e6b7d19a89c681308e","old_counts":{"entry_count":29828,"exclusion_count":480,"occurrence_count":30308},"queued_successors":11,"target_path":"evidence/production-review-v2-lite/migrations/e437cb51838bcc569d772a905f70dfe23b175537a8b2a4a9f1e1b1c19022685f.json","unmapped":0}{
  "active_writer": true,
  "catalog_id": "302702bb0c32c7523d675b2e385b412e6ea71045ae6758e6b7d19a89c681308e",
  "evidence_head": "9079821a2d8f61ff9b84e1e7e111c2af65bd0cc1",
  "explicit_overrides": {
    "blocked": 17,
    "done": 29802,
    "repair_required": 9
  },
  "implicit_queued": 0,
  "ok": true,
  "override_basis": "sqlite_state_codes",
  "progress": {
    "basis": "committed_evidence",
    "classification": [
      {
        "count": 0,
        "deep_reviewed": false,
        "historical_revision_invalidated": false,
        "pending_repair": false,
        "surface_covered": false
      },
      {
        "count": 0,
        "deep_reviewed": false,
        "historical_revision_invalidated": true,
        "pending_repair": false,
        "surface_covered": false
      },
      {
        "count": 0,
        "deep_reviewed": false,
        "historical_revision_invalidated": false,
        "pending_repair": true,
        "surface_covered": false
      },
      {
        "count": 0,
        "deep_reviewed": false,
        "historical_revision_invalidated": true,
        "pending_repair": true,
        "surface_covered": false
      },
      {
        "count": 0,
        "deep_reviewed": true,
        "historical_revision_invalidated": false,
        "pending_repair": false,
        "surface_covered": false
      },
      {
        "count": 0,
        "deep_reviewed": true,
        "historical_revision_invalidated": true,
        "pending_repair": false,
        "surface_covered": false
      },
      {
        "count": 0,
        "deep_reviewed": true,
        "historical_revision_invalidated": false,
        "pending_repair": true,
        "surface_covered": false
      },
      {
        "count": 0,
        "deep_reviewed": true,
        "historical_revision_invalidated": true,
        "pending_repair": true,
        "surface_covered": false
      },
      {
        "count": 25245,
        "deep_reviewed": false,
        "historical_revision_invalidated": false,
        "pending_repair": false,
        "surface_covered": true
      },
      {
        "count": 3575,
        "deep_reviewed": false,
        "historical_revision_invalidated": true,
        "pending_repair": false,
        "surface_covered": true
      },
      {
        "count": 0,
        "deep_reviewed": false,
        "historical_revision_invalidated": false,
        "pending_repair": true,
        "surface_covered": true
      },
      {
        "count": 0,
        "deep_reviewed": false,
        "historical_revision_invalidated": true,
        "pending_repair": true,
        "surface_covered": true
      },
      {
        "count": 860,
        "deep_reviewed": true,
        "historical_revision_invalidated": false,
        "pending_repair": false,
        "surface_covered": true
      },
      {
        "count": 139,
        "deep_reviewed": true,
        "historical_revision_invalidated": true,
        "pending_repair": false,
        "surface_covered": true
      },
      {
        "count": 0,
        "deep_reviewed": true,
        "historical_revision_invalidated": false,
        "pending_repair": true,
        "surface_covered": true
      },
      {
        "count": 9,
        "deep_reviewed": true,
        "historical_revision_invalidated": true,
        "pending_repair": true,
        "surface_covered": true
      }
    ],
    "committed_done_by_completion_level": {
      "deep_reviewed": 993,
      "surface_only": 28809
    },
    "eligible": 29828,
    "invalidated_without_current_review": 0,
    "metrics": {
      "deep_reviewed": {
        "count": 1008,
        "denominator": 29828,
        "ratio": 0.03379375083813866
      },
      "historical_revision_invalidated": {
        "count": 3723,
        "denominator": 29828,
        "ratio": 0.12481560949443476
      },
      "pending_repair": {
        "count": 9,
        "denominator": 29828,
        "ratio": 0.00030172991819766665
      },
      "surface_covered": {
        "count": 29828,
        "denominator": 29828,
        "ratio": 1.0
      }
    }
  },
  "reconciliation_count": 29828
}
{
  "bytes": 35316543,
  "catalog_id": "fa20187008d51eaab572200028302cc7cfdf7bc69a16a4270d1f71013db6bff4",
  "directory": ".artifacts/i18n/repair-window/window65-20261004-candidate-catalog",
  "entries": 29828,
  "exclusions": 480,
  "occurrences": 30308
}
