{"argv": ["python3", "-B", "tools/orchestration/run_batch_steps.py", "contextual-adjudication-chain", "--input", ".artifacts/i18n/continuation-20260923/review395-contextual-index.json", "--spec", ".artifacts/i18n/continuation-20260923/review395-host-decisions.json", "--output", ".artifacts/i18n/adjudication-chain/review395-20261003-attempt01.json", "--source-root", ".artifacts/i18n/continuation-20260923/review395-source-root"], "started_at": "2026-10-03T23:36:48.886395+00:00", "finished_at": "2026-10-03T23:39:36.475568+00:00", "wall_seconds": 167.5891678199987, "exit_code": 0, "log_path": ".artifacts/i18n/continuation-20260923/review395-adjudication-chain.log"}
claim-unit-tests.log)
PASS  04-semantic-claims-strict-registry (log: /workspace/tome4-chinese-translation/.artifacts/i18n/ci-gates/run.0k59wd6a/04-semantic-claims-strict-registry.log)
PASS  05-contract-suite-unit-tests (log: /workspace/tome4-chinese-translation/.artifacts/i18n/ci-gates/run.0k59wd6a/05-contract-suite-unit-tests.log)
PASS  05-production-shadow-surface-ledger-tests (log: /workspace/tome4-chinese-translation/.artifacts/i18n/ci-gates/run.0k59wd6a/05-production-shadow-surface-ledger-tests.log)
PASS  06-runtime-collision-scan (log: /workspace/tome4-chinese-translation/.artifacts/i18n/ci-gates/run.0k59wd6a/06-runtime-collision-scan.log)
PASS  07-runtime-key-classification (log: /workspace/tome4-chinese-translation/.artifacts/i18n/ci-gates/run.0k59wd6a/07-runtime-key-classification.log)
PASS  08-terminology-static-audit (log: /workspace/tome4-chinese-translation/.artifacts/i18n/ci-gates/run.0k59wd6a/08-terminology-static-audit.log)
PASS  09-terminology-dynamic-audit (log: /workspace/tome4-chinese-translation/.artifacts/i18n/ci-gates/run.0k59wd6a/09-terminology-dynamic-audit.log)
PASS  10-domain-annotation (log: /workspace/tome4-chinese-translation/.artifacts/i18n/ci-gates/run.0k59wd6a/10-domain-annotation.log)
PASS  11-worktree-whitespace (log: /workspace/tome4-chinese-translation/.artifacts/i18n/ci-gates/run.0k59wd6a/11-worktree-whitespace.log)
PASS  11-staged-whitespace (log: /workspace/tome4-chinese-translation/.artifacts/i18n/ci-gates/run.0k59wd6a/11-staged-whitespace.log)
PASS  12-core-addon-build (log: /workspace/tome4-chinese-translation/.artifacts/i18n/ci-gates/run.0k59wd6a/12-core-addon-build.log)
ALL GATES PASSED
--- prepare-evidence: exit=0 elapsed=163.2s projections=0 projection_elapsed=0.0s
{
  "batch_id": "batch-4158eeb47c02308774eb",
  "ok": true,
  "prospective": "/workspace/tome4-chinese-translation/.artifacts/i18n/production-review-v2-lite/prospective/evidence/production-review-v2-lite/batches/batch-4158eeb47c02308774eb",
  "results": 59
}

