{"ambiguous":0,"artifact":"/workspace/tome4-chinese-translation/.artifacts/i18n/repair-window/window27-20260924-migration.json","base_commit":"defcc44d6d01a1329d83b37b0dcbb83c56e4b631","dispositions":{"revision_changed":28,"unchanged":29800},"migration_id":"b8289b4f700157310fc4a583dab34cbd726be7c2a55895b4d24a942b607f8c63","new_catalog_id":"cdc76147d080c57a246273344897b397c53eded5051d701a3d7974dcb1f9e0f8","new_counts":{"entry_count":29828,"exclusion_count":480,"occurrence_count":30308},"ok":true,"old_catalog_id":"2a349020c440d5766776ac1396bd949c94f99c0c97852b314543776fc9acf280","old_counts":{"entry_count":29828,"exclusion_count":480,"occurrence_count":30308},"target_path":"evidence/production-review-v2-lite/migrations/b8289b4f700157310fc4a583dab34cbd726be7c2a55895b4d24a942b607f8c63.json","unmapped":0}{"ambiguous":0,"artifact":".artifacts/i18n/repair-window/window27-20260924-migration.json","base_commit":"defcc44d6d01a1329d83b37b0dcbb83c56e4b631","dispositions":{"revision_changed":28,"unchanged":29800},"migration_id":"b8289b4f700157310fc4a583dab34cbd726be7c2a55895b4d24a942b607f8c63","new_catalog_id":"cdc76147d080c57a246273344897b397c53eded5051d701a3d7974dcb1f9e0f8","new_counts":{"entry_count":29828,"exclusion_count":480,"occurrence_count":30308},"ok":true,"old_catalog_id":"2a349020c440d5766776ac1396bd949c94f99c0c97852b314543776fc9acf280","old_counts":{"entry_count":29828,"exclusion_count":480,"occurrence_count":30308},"target_path":"evidence/production-review-v2-lite/migrations/b8289b4f700157310fc4a583dab34cbd726be7c2a55895b4d24a942b607f8c63.json","unmapped":0}{"ambiguous":0,"applied":true,"base_commit":"defcc44d6d01a1329d83b37b0dcbb83c56e4b631","dispositions":{"revision_changed":28,"unchanged":29800},"migration_id":"b8289b4f700157310fc4a583dab34cbd726be7c2a55895b4d24a942b607f8c63","new_catalog_id":"cdc76147d080c57a246273344897b397c53eded5051d701a3d7974dcb1f9e0f8","new_counts":{"entry_count":29828,"exclusion_count":480,"occurrence_count":30308},"ok":true,"old_catalog_id":"2a349020c440d5766776ac1396bd949c94f99c0c97852b314543776fc9acf280","old_counts":{"entry_count":29828,"exclusion_count":480,"occurrence_count":30308},"queued_successors":28,"target_path":"evidence/production-review-v2-lite/migrations/b8289b4f700157310fc4a583dab34cbd726be7c2a55895b4d24a942b607f8c63.json","unmapped":0}{
  "active_writer": true,
  "catalog_id": "2a349020c440d5766776ac1396bd949c94f99c0c97852b314543776fc9acf280",
  "evidence_head": "defcc44d6d01a1329d83b37b0dcbb83c56e4b631",
  "explicit_overrides": {
    "blocked": 38,
    "done": 24034,
    "repair_required": 29
  },
  "implicit_queued": 5727,
  "ok": true,
  "override_basis": "sqlite_state_codes",
  "progress": {
    "basis": "committed_evidence",
    "classification": [
      {
        "count": 5726,
        "deep_reviewed": false,
        "historical_revision_invalidated": false,
        "pending_repair": false,
        "surface_covered": false
      },
      {
        "count": 1,
        "deep_reviewed": false,
        "historical_revision_invalidated": true,
        "pending_repair": false,
        "surface_covered": false
      },
      {
        "count": 0,
        "deep_reviewed": false,
        "historical_revision_invalidated": false,
        "pending_repair": true,
        "surface_covered": false
      },
      {
        "count": 0,
        "deep_reviewed": false,
        "historical_revision_invalidated": true,
        "pending_repair": true,
        "surface_covered": false
      },
      {
        "count": 0,
        "deep_reviewed": true,
        "historical_revision_invalidated": false,
        "pending_repair": false,
        "surface_covered": false
      },
      {
        "count": 0,
        "deep_reviewed": true,
        "historical_revision_invalidated": true,
        "pending_repair": false,
        "surface_covered": false
      },
      {
        "count": 0,
        "deep_reviewed": true,
        "historical_revision_invalidated": false,
        "pending_repair": true,
        "surface_covered": false
      },
      {
        "count": 0,
        "deep_reviewed": true,
        "historical_revision_invalidated": true,
        "pending_repair": true,
        "surface_covered": false
      },
      {
        "count": 21654,
        "deep_reviewed": false,
        "historical_revision_invalidated": false,
        "pending_repair": false,
        "surface_covered": true
      },
      {
        "count": 1653,
        "deep_reviewed": false,
        "historical_revision_invalidated": true,
        "pending_repair": false,
        "surface_covered": true
      },
      {
        "count": 0,
        "deep_reviewed": false,
        "historical_revision_invalidated": false,
        "pending_repair": true,
        "surface_covered": true
      },
      {
        "count": 0,
        "deep_reviewed": false,
        "historical_revision_invalidated": true,
        "pending_repair": true,
        "surface_covered": true
      },
      {
        "count": 676,
        "deep_reviewed": true,
        "historical_revision_invalidated": false,
        "pending_repair": false,
        "surface_covered": true
      },
      {
        "count": 89,
        "deep_reviewed": true,
        "historical_revision_invalidated": true,
        "pending_repair": false,
        "surface_covered": true
      },
      {
        "count": 28,
        "deep_reviewed": true,
        "historical_revision_invalidated": false,
        "pending_repair": true,
        "surface_covered": true
      },
      {
        "count": 1,
        "deep_reviewed": true,
        "historical_revision_invalidated": true,
        "pending_repair": true,
        "surface_covered": true
      }
    ],
    "committed_done_by_completion_level": {
      "deep_reviewed": 733,
      "surface_only": 23301
    },
    "eligible": 29828,
    "invalidated_without_current_review": 1,
    "metrics": {
      "deep_reviewed": {
        "count": 794,
        "denominator": 29828,
        "ratio": 0.026619283894327477
      },
      "historical_revision_invalidated": {
        "count": 1744,
        "denominator": 29828,
        "ratio": 0.05846855303741451
      },
      "pending_repair": {
        "count": 29,
        "denominator": 29828,
        "ratio": 0.0009722408475258147
      },
      "surface_covered": {
        "count": 24101,
        "denominator": 29828,
        "ratio": 0.8079991953868848
      }
    }
  },
  "reconciliation_count": 29828
}
{
  "bytes": 35323855,
  "catalog_id": "cdc76147d080c57a246273344897b397c53eded5051d701a3d7974dcb1f9e0f8",
  "directory": ".artifacts/i18n/repair-window/window27-20260924-candidate-catalog",
  "entries": 29828,
  "exclusions": 480,
  "occurrences": 30308
}
