{"argv": ["python3", "-B", "tools/orchestration/run_batch_steps.py", "contextual-adjudication-chain", "--input", ".artifacts/i18n/continuation-20260923/review374-contextual-index.json", "--spec", ".artifacts/i18n/continuation-20260923/review374-host-decisions.json", "--output", ".artifacts/i18n/adjudication-chain/review374-20260930-attempt01.json", "--source-root", ".artifacts/i18n/continuation-20260923/review374-source-root"], "started_at": "2026-09-30T23:43:43.027831+00:00", "finished_at": "2026-09-30T23:46:33.172157+00:00", "wall_seconds": 170.14433221000945, "exit_code": 0, "log_path": ".artifacts/i18n/continuation-20260923/review374-adjudication-chain.log"}
-claim-unit-tests.log)
PASS  04-semantic-claims-strict-registry (log: /workspace/tome4-chinese-translation/.artifacts/i18n/ci-gates/run.cyfxo5nl/04-semantic-claims-strict-registry.log)
PASS  05-contract-suite-unit-tests (log: /workspace/tome4-chinese-translation/.artifacts/i18n/ci-gates/run.cyfxo5nl/05-contract-suite-unit-tests.log)
PASS  05-production-shadow-surface-ledger-tests (log: /workspace/tome4-chinese-translation/.artifacts/i18n/ci-gates/run.cyfxo5nl/05-production-shadow-surface-ledger-tests.log)
PASS  06-runtime-collision-scan (log: /workspace/tome4-chinese-translation/.artifacts/i18n/ci-gates/run.cyfxo5nl/06-runtime-collision-scan.log)
PASS  07-runtime-key-classification (log: /workspace/tome4-chinese-translation/.artifacts/i18n/ci-gates/run.cyfxo5nl/07-runtime-key-classification.log)
PASS  08-terminology-static-audit (log: /workspace/tome4-chinese-translation/.artifacts/i18n/ci-gates/run.cyfxo5nl/08-terminology-static-audit.log)
PASS  09-terminology-dynamic-audit (log: /workspace/tome4-chinese-translation/.artifacts/i18n/ci-gates/run.cyfxo5nl/09-terminology-dynamic-audit.log)
PASS  10-domain-annotation (log: /workspace/tome4-chinese-translation/.artifacts/i18n/ci-gates/run.cyfxo5nl/10-domain-annotation.log)
PASS  11-worktree-whitespace (log: /workspace/tome4-chinese-translation/.artifacts/i18n/ci-gates/run.cyfxo5nl/11-worktree-whitespace.log)
PASS  11-staged-whitespace (log: /workspace/tome4-chinese-translation/.artifacts/i18n/ci-gates/run.cyfxo5nl/11-staged-whitespace.log)
PASS  12-core-addon-build (log: /workspace/tome4-chinese-translation/.artifacts/i18n/ci-gates/run.cyfxo5nl/12-core-addon-build.log)
ALL GATES PASSED
--- prepare-evidence: exit=0 elapsed=165.8s projections=0 projection_elapsed=0.0s
{
  "batch_id": "batch-2e8beab0b2f9b05c4c94",
  "ok": true,
  "prospective": "/workspace/tome4-chinese-translation/.artifacts/i18n/production-review-v2-lite/prospective/evidence/production-review-v2-lite/batches/batch-2e8beab0b2f9b05c4c94",
  "results": 7
}

