{"argv": ["python3", "-B", "tools/orchestration/run_batch_steps.py", "contextual-adjudication-chain", "--input", ".artifacts/i18n/continuation-20260923/review384-contextual-index.json", "--spec", ".artifacts/i18n/continuation-20260923/review384-host-decisions.json", "--output", ".artifacts/i18n/adjudication-chain/review384-20261003-attempt01.json", "--source-root", ".artifacts/i18n/continuation-20260923/review384-source-root"], "started_at": "2026-10-03T15:55:31.294316+00:00", "finished_at": "2026-10-03T15:58:23.142702+00:00", "wall_seconds": 171.84838640404632, "exit_code": 0, "log_path": ".artifacts/i18n/continuation-20260923/review384-adjudication-chain.log"}
claim-unit-tests.log)
PASS  04-semantic-claims-strict-registry (log: /workspace/tome4-chinese-translation/.artifacts/i18n/ci-gates/run.l3rnmv6_/04-semantic-claims-strict-registry.log)
PASS  05-contract-suite-unit-tests (log: /workspace/tome4-chinese-translation/.artifacts/i18n/ci-gates/run.l3rnmv6_/05-contract-suite-unit-tests.log)
PASS  05-production-shadow-surface-ledger-tests (log: /workspace/tome4-chinese-translation/.artifacts/i18n/ci-gates/run.l3rnmv6_/05-production-shadow-surface-ledger-tests.log)
PASS  06-runtime-collision-scan (log: /workspace/tome4-chinese-translation/.artifacts/i18n/ci-gates/run.l3rnmv6_/06-runtime-collision-scan.log)
PASS  07-runtime-key-classification (log: /workspace/tome4-chinese-translation/.artifacts/i18n/ci-gates/run.l3rnmv6_/07-runtime-key-classification.log)
PASS  08-terminology-static-audit (log: /workspace/tome4-chinese-translation/.artifacts/i18n/ci-gates/run.l3rnmv6_/08-terminology-static-audit.log)
PASS  09-terminology-dynamic-audit (log: /workspace/tome4-chinese-translation/.artifacts/i18n/ci-gates/run.l3rnmv6_/09-terminology-dynamic-audit.log)
PASS  10-domain-annotation (log: /workspace/tome4-chinese-translation/.artifacts/i18n/ci-gates/run.l3rnmv6_/10-domain-annotation.log)
PASS  11-worktree-whitespace (log: /workspace/tome4-chinese-translation/.artifacts/i18n/ci-gates/run.l3rnmv6_/11-worktree-whitespace.log)
PASS  11-staged-whitespace (log: /workspace/tome4-chinese-translation/.artifacts/i18n/ci-gates/run.l3rnmv6_/11-staged-whitespace.log)
PASS  12-core-addon-build (log: /workspace/tome4-chinese-translation/.artifacts/i18n/ci-gates/run.l3rnmv6_/12-core-addon-build.log)
ALL GATES PASSED
--- prepare-evidence: exit=0 elapsed=167.4s projections=0 projection_elapsed=0.0s
{
  "batch_id": "batch-e63ec4963b48bd6eee9a",
  "ok": true,
  "prospective": "/workspace/tome4-chinese-translation/.artifacts/i18n/production-review-v2-lite/prospective/evidence/production-review-v2-lite/batches/batch-e63ec4963b48bd6eee9a",
  "results": 80
}

