{"argv": ["python3", "-B", "tools/orchestration/run_batch_steps.py", "contextual-adjudication-chain", "--input", ".artifacts/i18n/continuation-20260923/review383-contextual-index.json", "--spec", ".artifacts/i18n/continuation-20260923/review383-host-decisions.json", "--output", ".artifacts/i18n/adjudication-chain/review383-20261003-attempt01.json", "--source-root", ".artifacts/i18n/continuation-20260923/review383-source-root"], "started_at": "2026-10-03T15:36:59.791733+00:00", "finished_at": "2026-10-03T15:39:46.779208+00:00", "wall_seconds": 166.98747414699756, "exit_code": 0, "log_path": ".artifacts/i18n/continuation-20260923/review383-adjudication-chain.log"}
claim-unit-tests.log)
PASS  04-semantic-claims-strict-registry (log: /workspace/tome4-chinese-translation/.artifacts/i18n/ci-gates/run.z7sn7uhv/04-semantic-claims-strict-registry.log)
PASS  05-contract-suite-unit-tests (log: /workspace/tome4-chinese-translation/.artifacts/i18n/ci-gates/run.z7sn7uhv/05-contract-suite-unit-tests.log)
PASS  05-production-shadow-surface-ledger-tests (log: /workspace/tome4-chinese-translation/.artifacts/i18n/ci-gates/run.z7sn7uhv/05-production-shadow-surface-ledger-tests.log)
PASS  06-runtime-collision-scan (log: /workspace/tome4-chinese-translation/.artifacts/i18n/ci-gates/run.z7sn7uhv/06-runtime-collision-scan.log)
PASS  07-runtime-key-classification (log: /workspace/tome4-chinese-translation/.artifacts/i18n/ci-gates/run.z7sn7uhv/07-runtime-key-classification.log)
PASS  08-terminology-static-audit (log: /workspace/tome4-chinese-translation/.artifacts/i18n/ci-gates/run.z7sn7uhv/08-terminology-static-audit.log)
PASS  09-terminology-dynamic-audit (log: /workspace/tome4-chinese-translation/.artifacts/i18n/ci-gates/run.z7sn7uhv/09-terminology-dynamic-audit.log)
PASS  10-domain-annotation (log: /workspace/tome4-chinese-translation/.artifacts/i18n/ci-gates/run.z7sn7uhv/10-domain-annotation.log)
PASS  11-worktree-whitespace (log: /workspace/tome4-chinese-translation/.artifacts/i18n/ci-gates/run.z7sn7uhv/11-worktree-whitespace.log)
PASS  11-staged-whitespace (log: /workspace/tome4-chinese-translation/.artifacts/i18n/ci-gates/run.z7sn7uhv/11-staged-whitespace.log)
PASS  12-core-addon-build (log: /workspace/tome4-chinese-translation/.artifacts/i18n/ci-gates/run.z7sn7uhv/12-core-addon-build.log)
ALL GATES PASSED
--- prepare-evidence: exit=0 elapsed=162.6s projections=0 projection_elapsed=0.0s
{
  "batch_id": "batch-fe24f4f2a420a35a72cc",
  "ok": true,
  "prospective": "/workspace/tome4-chinese-translation/.artifacts/i18n/production-review-v2-lite/prospective/evidence/production-review-v2-lite/batches/batch-fe24f4f2a420a35a72cc",
  "results": 80
}

