{"argv": ["python3", "-B", "tools/orchestration/run_batch_steps.py", "rollover-chain", "--limit", "80"], "started_at": "2026-10-03T15:25:32.593562+00:00", "finished_at": "2026-10-03T15:28:04.829279+00:00", "wall_seconds": 152.23571511701448, "exit_code": 0, "log_path": ".artifacts/i18n/continuation-20260923/review383-start.log"}
ir": false,
        "surface_covered": true
      },
      {
        "count": 0,
        "deep_reviewed": false,
        "historical_revision_invalidated": false,
        "pending_repair": true,
        "surface_covered": true
      },
      {
        "count": 0,
        "deep_reviewed": false,
        "historical_revision_invalidated": true,
        "pending_repair": true,
        "surface_covered": true
      },
      {
        "count": 861,
        "deep_reviewed": true,
        "historical_revision_invalidated": false,
        "pending_repair": false,
        "surface_covered": true
      },
      {
        "count": 117,
        "deep_reviewed": true,
        "historical_revision_invalidated": true,
        "pending_repair": false,
        "surface_covered": true
      },
      {
        "count": 0,
        "deep_reviewed": true,
        "historical_revision_invalidated": false,
        "pending_repair": true,
        "surface_covered": true
      },
      {
        "count": 0,
        "deep_reviewed": true,
        "historical_revision_invalidated": true,
        "pending_repair": true,
        "surface_covered": true
      }
    ],
    "committed_done_by_completion_level": {
      "deep_reviewed": 972,
      "surface_only": 27850
    },
    "eligible": 29828,
    "invalidated_without_current_review": 993,
    "metrics": {
      "deep_reviewed": {
        "count": 978,
        "denominator": 29828,
        "ratio": 0.03278798444414644
      },
      "historical_revision_invalidated": {
        "count": 3722,
        "denominator": 29828,
        "ratio": 0.12478208394796836
      },
      "pending_repair": {
        "count": 0,
        "denominator": 29828,
        "ratio": 0.0
      },
      "surface_covered": {
        "count": 28835,
        "denominator": 29828,
        "ratio": 0.9667091323588575
      }
    }
  },
  "reconciliation_count": 29828
}
{
  "batch_id": "batch-fe24f4f2a420a35a72cc",
  "ok": true,
  "selected": 80,
  "selection_mode": "queued"
}

