--- queue-rebuild: exit=0 elapsed=150.6s projections=1 projection_elapsed=149.4s
--- batch-start: exit=0 elapsed=1.5s projections=0 projection_elapsed=0.0s
{
  "active_writer": true,
  "catalog_id": "c5d72508fd13ea589b9f3f37dd200b5096c71875d97d70882bf46a2d732e9e1b",
  "evidence_head": "a53e6aed9aef969aca7796efb3a965370884d791",
  "explicit_overrides": {
    "blocked": 13,
    "done": 28822
  },
  "implicit_queued": 993,
  "ok": true,
  "override_basis": "sqlite_state_codes",
  "progress": {
    "basis": "committed_evidence",
    "classification": [
      {
        "count": 0,
        "deep_reviewed": false,
        "historical_revision_invalidated": false,
        "pending_repair": false,
        "surface_covered": false
      },
      {
        "count": 993,
        "deep_reviewed": false,
        "historical_revision_invalidated": true,
        "pending_repair": false,
        "surface_covered": false
      },
      {
        "count": 0,
        "deep_reviewed": false,
        "historical_revision_invalidated": false,
        "pending_repair": true,
        "surface_covered": false
      },
      {
        "count": 0,
        "deep_reviewed": false,
        "historical_revision_invalidated": true,
        "pending_repair": true,
        "surface_covered": false
      },
      {
        "count": 0,
        "deep_reviewed": true,
        "historical_revision_invalidated": false,
        "pending_repair": false,
        "surface_covered": false
      },
      {
        "count": 0,
        "deep_reviewed": true,
        "historical_revision_invalidated": true,
        "pending_repair": false,
        "surface_covered": false
      },
      {
        "count": 0,
        "deep_reviewed": true,
        "historical_revision_invalidated": false,
        "pending_repair": true,
        "surface_covered": false
      },
      {
        "count": 0,
        "deep_reviewed": true,
        "historical_revision_invalidated": true,
        "pending_repair": true,
        "surface_covered": false
      },
      {
        "count": 25245,
        "deep_reviewed": false,
        "historical_revision_invalidated": false,
        "pending_repair": false,
        "surface_covered": true
      },
      {
        "count": 2612,
        "deep_reviewed": false,
        "historical_revision_invalidated": true,
        "pending_repair": false,
        "surface_covered": true
      },
      {
        "count": 0,
        "deep_reviewed": false,
        "historical_revision_invalidated": false,
        "pending_repair": true,
        "surface_covered": true
      },
      {
        "count": 0,
        "deep_reviewed": false,
        "historical_revision_invalidated": true,
        "pending_repair": true,
        "surface_covered": true
      },
      {
        "count": 861,
        "deep_reviewed": true,
        "historical_revision_invalidated": false,
        "pending_repair": false,
        "surface_covered": true
      },
      {
        "count": 117,
        "deep_reviewed": true,
        "historical_revision_invalidated": true,
        "pending_repair": false,
        "surface_covered": true
      },
      {
        "count": 0,
        "deep_reviewed": true,
        "historical_revision_invalidated": false,
        "pending_repair": true,
        "surface_covered": true
      },
      {
        "count": 0,
        "deep_reviewed": true,
        "historical_revision_invalidated": true,
        "pending_repair": true,
        "surface_covered": true
      }
    ],
    "committed_done_by_completion_level": {
      "deep_reviewed": 972,
      "surface_only": 27850
    },
    "eligible": 29828,
    "invalidated_without_current_review": 993,
    "metrics": {
      "deep_reviewed": {
        "count": 978,
        "denominator": 29828,
        "ratio": 0.03278798444414644
      },
      "historical_revision_invalidated": {
        "count": 3722,
        "denominator": 29828,
        "ratio": 0.12478208394796836
      },
      "pending_repair": {
        "count": 0,
        "denominator": 29828,
        "ratio": 0.0
      },
      "surface_covered": {
        "count": 28835,
        "denominator": 29828,
        "ratio": 0.9667091323588575
      }
    }
  },
  "reconciliation_count": 29828
}
{
  "batch_id": "batch-fe24f4f2a420a35a72cc",
  "ok": true,
  "selected": 80,
  "selection_mode": "queued"
}
