=== domain 统计（含 ENTITY 细分）===
  classes      45
  combat       160
  creatures    72
  items        65
  narrative    54
  places       48
  resources    17
  society      38
  talents      217
  tech         2
  ui           12

=== 未映射（需人工）===

=== 声明 domain 与推导 domain 不同（advisory）===
  L195 'Life': combat → resources
  L196 'Positive energy': combat → resources
  L197 'Negative energy': combat → resources
  L198 'Souls': combat → resources
  L199 'Air': combat → resources
  L213 'corrupted': creatures → combat
  L262 'Ureslak': creatures → society

annotation written: /workspace/tome4-chinese-translation/.artifacts/i18n/terminology-audit/domain_annotation.json
