{"ambiguous":0,"artifact":"/workspace/tome4-chinese-translation/.artifacts/i18n/repair-window/window37-20260926-migration.json","base_commit":"4061b447db0e5320a86d4d50ee7428b6f3451f26","dispositions":{"revision_changed":25,"unchanged":29803},"migration_id":"0d087c7cad2d48953faf2b826bb30182a8a925a8acc5319159caeab2975d551b","new_catalog_id":"00d4950120d06e517727b73e5cd17ce47185a5765a9956a2dfc891cb10baf235","new_counts":{"entry_count":29828,"exclusion_count":480,"occurrence_count":30308},"ok":true,"old_catalog_id":"f0fbe9c67db4794be2c0d6dc6c63bd8e8fee48db4555eafec7a6b677c3c9ce06","old_counts":{"entry_count":29828,"exclusion_count":480,"occurrence_count":30308},"target_path":"evidence/production-review-v2-lite/migrations/0d087c7cad2d48953faf2b826bb30182a8a925a8acc5319159caeab2975d551b.json","unmapped":0}{"ambiguous":0,"artifact":".artifacts/i18n/repair-window/window37-20260926-migration.json","base_commit":"4061b447db0e5320a86d4d50ee7428b6f3451f26","dispositions":{"revision_changed":25,"unchanged":29803},"migration_id":"0d087c7cad2d48953faf2b826bb30182a8a925a8acc5319159caeab2975d551b","new_catalog_id":"00d4950120d06e517727b73e5cd17ce47185a5765a9956a2dfc891cb10baf235","new_counts":{"entry_count":29828,"exclusion_count":480,"occurrence_count":30308},"ok":true,"old_catalog_id":"f0fbe9c67db4794be2c0d6dc6c63bd8e8fee48db4555eafec7a6b677c3c9ce06","old_counts":{"entry_count":29828,"exclusion_count":480,"occurrence_count":30308},"target_path":"evidence/production-review-v2-lite/migrations/0d087c7cad2d48953faf2b826bb30182a8a925a8acc5319159caeab2975d551b.json","unmapped":0}{"ambiguous":0,"applied":true,"base_commit":"4061b447db0e5320a86d4d50ee7428b6f3451f26","dispositions":{"revision_changed":25,"unchanged":29803},"migration_id":"0d087c7cad2d48953faf2b826bb30182a8a925a8acc5319159caeab2975d551b","new_catalog_id":"00d4950120d06e517727b73e5cd17ce47185a5765a9956a2dfc891cb10baf235","new_counts":{"entry_count":29828,"exclusion_count":480,"occurrence_count":30308},"ok":true,"old_catalog_id":"f0fbe9c67db4794be2c0d6dc6c63bd8e8fee48db4555eafec7a6b677c3c9ce06","old_counts":{"entry_count":29828,"exclusion_count":480,"occurrence_count":30308},"queued_successors":25,"target_path":"evidence/production-review-v2-lite/migrations/0d087c7cad2d48953faf2b826bb30182a8a925a8acc5319159caeab2975d551b.json","unmapped":0}{
  "active_writer": true,
  "catalog_id": "f0fbe9c67db4794be2c0d6dc6c63bd8e8fee48db4555eafec7a6b677c3c9ce06",
  "evidence_head": "4061b447db0e5320a86d4d50ee7428b6f3451f26",
  "explicit_overrides": {
    "blocked": 45,
    "done": 26752,
    "repair_required": 26
  },
  "implicit_queued": 3005,
  "ok": true,
  "override_basis": "sqlite_state_codes",
  "progress": {
    "basis": "committed_evidence",
    "classification": [
      {
        "count": 3004,
        "deep_reviewed": false,
        "historical_revision_invalidated": false,
        "pending_repair": false,
        "surface_covered": false
      },
      {
        "count": 1,
        "deep_reviewed": false,
        "historical_revision_invalidated": true,
        "pending_repair": false,
        "surface_covered": false
      },
      {
        "count": 0,
        "deep_reviewed": false,
        "historical_revision_invalidated": false,
        "pending_repair": true,
        "surface_covered": false
      },
      {
        "count": 0,
        "deep_reviewed": false,
        "historical_revision_invalidated": true,
        "pending_repair": true,
        "surface_covered": false
      },
      {
        "count": 0,
        "deep_reviewed": true,
        "historical_revision_invalidated": false,
        "pending_repair": false,
        "surface_covered": false
      },
      {
        "count": 0,
        "deep_reviewed": true,
        "historical_revision_invalidated": true,
        "pending_repair": false,
        "surface_covered": false
      },
      {
        "count": 0,
        "deep_reviewed": true,
        "historical_revision_invalidated": false,
        "pending_repair": true,
        "surface_covered": false
      },
      {
        "count": 0,
        "deep_reviewed": true,
        "historical_revision_invalidated": true,
        "pending_repair": true,
        "surface_covered": false
      },
      {
        "count": 23982,
        "deep_reviewed": false,
        "historical_revision_invalidated": false,
        "pending_repair": false,
        "surface_covered": true
      },
      {
        "count": 1868,
        "deep_reviewed": false,
        "historical_revision_invalidated": true,
        "pending_repair": false,
        "surface_covered": true
      },
      {
        "count": 0,
        "deep_reviewed": false,
        "historical_revision_invalidated": false,
        "pending_repair": true,
        "surface_covered": true
      },
      {
        "count": 0,
        "deep_reviewed": false,
        "historical_revision_invalidated": true,
        "pending_repair": true,
        "surface_covered": true
      },
      {
        "count": 838,
        "deep_reviewed": true,
        "historical_revision_invalidated": false,
        "pending_repair": false,
        "surface_covered": true
      },
      {
        "count": 109,
        "deep_reviewed": true,
        "historical_revision_invalidated": true,
        "pending_repair": false,
        "surface_covered": true
      },
      {
        "count": 24,
        "deep_reviewed": true,
        "historical_revision_invalidated": false,
        "pending_repair": true,
        "surface_covered": true
      },
      {
        "count": 2,
        "deep_reviewed": true,
        "historical_revision_invalidated": true,
        "pending_repair": true,
        "surface_covered": true
      }
    ],
    "committed_done_by_completion_level": {
      "deep_reviewed": 908,
      "surface_only": 25844
    },
    "eligible": 29828,
    "invalidated_without_current_review": 1,
    "metrics": {
      "deep_reviewed": {
        "count": 973,
        "denominator": 29828,
        "ratio": 0.0326203567118144
      },
      "historical_revision_invalidated": {
        "count": 1980,
        "denominator": 29828,
        "ratio": 0.06638058200348666
      },
      "pending_repair": {
        "count": 26,
        "denominator": 29828,
        "ratio": 0.0008716642081265924
      },
      "surface_covered": {
        "count": 26823,
        "denominator": 29828,
        "ratio": 0.8992557328684457
      }
    }
  },
  "reconciliation_count": 29828
}
{
  "bytes": 35319569,
  "catalog_id": "00d4950120d06e517727b73e5cd17ce47185a5765a9956a2dfc891cb10baf235",
  "directory": ".artifacts/i18n/repair-window/window37-20260926-candidate-catalog",
  "entries": 29828,
  "exclusions": 480,
  "occurrences": 30308
}
