{"argv": ["python3", "-B", "tools/orchestration/run_batch_steps.py", "contextual-adjudication-chain", "--input", ".artifacts/i18n/continuation-20260923/review387-contextual-index.json", "--spec", ".artifacts/i18n/continuation-20260923/review387-host-decisions.json", "--output", ".artifacts/i18n/adjudication-chain/review387-20261003-attempt01.json", "--source-root", ".artifacts/i18n/continuation-20260923/review387-source-root"], "started_at": "2026-10-03T16:46:14.944661+00:00", "finished_at": "2026-10-03T16:49:04.901195+00:00", "wall_seconds": 169.9565327219898, "exit_code": 0, "log_path": ".artifacts/i18n/continuation-20260923/review387-adjudication-chain.log"}
claim-unit-tests.log)
PASS  04-semantic-claims-strict-registry (log: /workspace/tome4-chinese-translation/.artifacts/i18n/ci-gates/run.evulpzhs/04-semantic-claims-strict-registry.log)
PASS  05-contract-suite-unit-tests (log: /workspace/tome4-chinese-translation/.artifacts/i18n/ci-gates/run.evulpzhs/05-contract-suite-unit-tests.log)
PASS  05-production-shadow-surface-ledger-tests (log: /workspace/tome4-chinese-translation/.artifacts/i18n/ci-gates/run.evulpzhs/05-production-shadow-surface-ledger-tests.log)
PASS  06-runtime-collision-scan (log: /workspace/tome4-chinese-translation/.artifacts/i18n/ci-gates/run.evulpzhs/06-runtime-collision-scan.log)
PASS  07-runtime-key-classification (log: /workspace/tome4-chinese-translation/.artifacts/i18n/ci-gates/run.evulpzhs/07-runtime-key-classification.log)
PASS  08-terminology-static-audit (log: /workspace/tome4-chinese-translation/.artifacts/i18n/ci-gates/run.evulpzhs/08-terminology-static-audit.log)
PASS  09-terminology-dynamic-audit (log: /workspace/tome4-chinese-translation/.artifacts/i18n/ci-gates/run.evulpzhs/09-terminology-dynamic-audit.log)
PASS  10-domain-annotation (log: /workspace/tome4-chinese-translation/.artifacts/i18n/ci-gates/run.evulpzhs/10-domain-annotation.log)
PASS  11-worktree-whitespace (log: /workspace/tome4-chinese-translation/.artifacts/i18n/ci-gates/run.evulpzhs/11-worktree-whitespace.log)
PASS  11-staged-whitespace (log: /workspace/tome4-chinese-translation/.artifacts/i18n/ci-gates/run.evulpzhs/11-staged-whitespace.log)
PASS  12-core-addon-build (log: /workspace/tome4-chinese-translation/.artifacts/i18n/ci-gates/run.evulpzhs/12-core-addon-build.log)
ALL GATES PASSED
--- prepare-evidence: exit=0 elapsed=165.6s projections=0 projection_elapsed=0.0s
{
  "batch_id": "batch-96dcbe7098ab7a8a87f7",
  "ok": true,
  "prospective": "/workspace/tome4-chinese-translation/.artifacts/i18n/production-review-v2-lite/prospective/evidence/production-review-v2-lite/batches/batch-96dcbe7098ab7a8a87f7",
  "results": 80
}

