{"argv": ["python3", "-B", "tools/orchestration/run_batch_steps.py", "contextual-adjudication-chain", "--input", ".artifacts/i18n/continuation-20260923/review380-contextual-index.json", "--spec", ".artifacts/i18n/continuation-20260923/review380-host-decisions.json", "--output", ".artifacts/i18n/adjudication-chain/review380-20261001-attempt01.json", "--source-root", ".artifacts/i18n/continuation-20260923/review380-source-root"], "started_at": "2026-10-01T06:28:42.480857+00:00", "finished_at": "2026-10-01T06:31:28.125940+00:00", "wall_seconds": 165.6450919979834, "exit_code": 0, "log_path": ".artifacts/i18n/continuation-20260923/review380-adjudication-chain.log"}
claim-unit-tests.log)
PASS  04-semantic-claims-strict-registry (log: /workspace/tome4-chinese-translation/.artifacts/i18n/ci-gates/run.axb59sf7/04-semantic-claims-strict-registry.log)
PASS  05-contract-suite-unit-tests (log: /workspace/tome4-chinese-translation/.artifacts/i18n/ci-gates/run.axb59sf7/05-contract-suite-unit-tests.log)
PASS  05-production-shadow-surface-ledger-tests (log: /workspace/tome4-chinese-translation/.artifacts/i18n/ci-gates/run.axb59sf7/05-production-shadow-surface-ledger-tests.log)
PASS  06-runtime-collision-scan (log: /workspace/tome4-chinese-translation/.artifacts/i18n/ci-gates/run.axb59sf7/06-runtime-collision-scan.log)
PASS  07-runtime-key-classification (log: /workspace/tome4-chinese-translation/.artifacts/i18n/ci-gates/run.axb59sf7/07-runtime-key-classification.log)
PASS  08-terminology-static-audit (log: /workspace/tome4-chinese-translation/.artifacts/i18n/ci-gates/run.axb59sf7/08-terminology-static-audit.log)
PASS  09-terminology-dynamic-audit (log: /workspace/tome4-chinese-translation/.artifacts/i18n/ci-gates/run.axb59sf7/09-terminology-dynamic-audit.log)
PASS  10-domain-annotation (log: /workspace/tome4-chinese-translation/.artifacts/i18n/ci-gates/run.axb59sf7/10-domain-annotation.log)
PASS  11-worktree-whitespace (log: /workspace/tome4-chinese-translation/.artifacts/i18n/ci-gates/run.axb59sf7/11-worktree-whitespace.log)
PASS  11-staged-whitespace (log: /workspace/tome4-chinese-translation/.artifacts/i18n/ci-gates/run.axb59sf7/11-staged-whitespace.log)
PASS  12-core-addon-build (log: /workspace/tome4-chinese-translation/.artifacts/i18n/ci-gates/run.axb59sf7/12-core-addon-build.log)
ALL GATES PASSED
--- prepare-evidence: exit=0 elapsed=161.3s projections=0 projection_elapsed=0.0s
{
  "batch_id": "batch-1c8107aa6a8d3b70ae53",
  "ok": true,
  "prospective": "/workspace/tome4-chinese-translation/.artifacts/i18n/production-review-v2-lite/prospective/evidence/production-review-v2-lite/batches/batch-1c8107aa6a8d3b70ae53",
  "results": 38
}

