{"ambiguous":0,"artifact":"/workspace/tome4-chinese-translation/.artifacts/i18n/repair-window/window64-20261003-migration.json","base_commit":"80b359b0c7ed26d96869106ac8f2842d4b82eb2b","dispositions":{"revision_changed":26,"unchanged":29802},"migration_id":"629e3b1e9540e64f5cc19bfa4f7aca45551eaf750c7ca33fa194b90da397229a","new_catalog_id":"302702bb0c32c7523d675b2e385b412e6ea71045ae6758e6b7d19a89c681308e","new_counts":{"entry_count":29828,"exclusion_count":480,"occurrence_count":30308},"ok":true,"old_catalog_id":"c5d72508fd13ea589b9f3f37dd200b5096c71875d97d70882bf46a2d732e9e1b","old_counts":{"entry_count":29828,"exclusion_count":480,"occurrence_count":30308},"target_path":"evidence/production-review-v2-lite/migrations/629e3b1e9540e64f5cc19bfa4f7aca45551eaf750c7ca33fa194b90da397229a.json","unmapped":0}{"ambiguous":0,"artifact":".artifacts/i18n/repair-window/window64-20261003-migration.json","base_commit":"80b359b0c7ed26d96869106ac8f2842d4b82eb2b","dispositions":{"revision_changed":26,"unchanged":29802},"migration_id":"629e3b1e9540e64f5cc19bfa4f7aca45551eaf750c7ca33fa194b90da397229a","new_catalog_id":"302702bb0c32c7523d675b2e385b412e6ea71045ae6758e6b7d19a89c681308e","new_counts":{"entry_count":29828,"exclusion_count":480,"occurrence_count":30308},"ok":true,"old_catalog_id":"c5d72508fd13ea589b9f3f37dd200b5096c71875d97d70882bf46a2d732e9e1b","old_counts":{"entry_count":29828,"exclusion_count":480,"occurrence_count":30308},"target_path":"evidence/production-review-v2-lite/migrations/629e3b1e9540e64f5cc19bfa4f7aca45551eaf750c7ca33fa194b90da397229a.json","unmapped":0}{"ambiguous":0,"applied":true,"base_commit":"80b359b0c7ed26d96869106ac8f2842d4b82eb2b","dispositions":{"revision_changed":26,"unchanged":29802},"migration_id":"629e3b1e9540e64f5cc19bfa4f7aca45551eaf750c7ca33fa194b90da397229a","new_catalog_id":"302702bb0c32c7523d675b2e385b412e6ea71045ae6758e6b7d19a89c681308e","new_counts":{"entry_count":29828,"exclusion_count":480,"occurrence_count":30308},"ok":true,"old_catalog_id":"c5d72508fd13ea589b9f3f37dd200b5096c71875d97d70882bf46a2d732e9e1b","old_counts":{"entry_count":29828,"exclusion_count":480,"occurrence_count":30308},"queued_successors":26,"target_path":"evidence/production-review-v2-lite/migrations/629e3b1e9540e64f5cc19bfa4f7aca45551eaf750c7ca33fa194b90da397229a.json","unmapped":0}{
  "active_writer": true,
  "catalog_id": "c5d72508fd13ea589b9f3f37dd200b5096c71875d97d70882bf46a2d732e9e1b",
  "evidence_head": "80b359b0c7ed26d96869106ac8f2842d4b82eb2b",
  "explicit_overrides": {
    "blocked": 17,
    "done": 29513,
    "repair_required": 25
  },
  "implicit_queued": 273,
  "ok": true,
  "override_basis": "sqlite_state_codes",
  "progress": {
    "basis": "committed_evidence",
    "classification": [
      {
        "count": 0,
        "deep_reviewed": false,
        "historical_revision_invalidated": false,
        "pending_repair": false,
        "surface_covered": false
      },
      {
        "count": 273,
        "deep_reviewed": false,
        "historical_revision_invalidated": true,
        "pending_repair": false,
        "surface_covered": false
      },
      {
        "count": 0,
        "deep_reviewed": false,
        "historical_revision_invalidated": false,
        "pending_repair": true,
        "surface_covered": false
      },
      {
        "count": 0,
        "deep_reviewed": false,
        "historical_revision_invalidated": true,
        "pending_repair": true,
        "surface_covered": false
      },
      {
        "count": 0,
        "deep_reviewed": true,
        "historical_revision_invalidated": false,
        "pending_repair": false,
        "surface_covered": false
      },
      {
        "count": 0,
        "deep_reviewed": true,
        "historical_revision_invalidated": true,
        "pending_repair": false,
        "surface_covered": false
      },
      {
        "count": 0,
        "deep_reviewed": true,
        "historical_revision_invalidated": false,
        "pending_repair": true,
        "surface_covered": false
      },
      {
        "count": 0,
        "deep_reviewed": true,
        "historical_revision_invalidated": true,
        "pending_repair": true,
        "surface_covered": false
      },
      {
        "count": 25245,
        "deep_reviewed": false,
        "historical_revision_invalidated": false,
        "pending_repair": false,
        "surface_covered": true
      },
      {
        "count": 3297,
        "deep_reviewed": false,
        "historical_revision_invalidated": true,
        "pending_repair": false,
        "surface_covered": true
      },
      {
        "count": 0,
        "deep_reviewed": false,
        "historical_revision_invalidated": false,
        "pending_repair": true,
        "surface_covered": true
      },
      {
        "count": 0,
        "deep_reviewed": false,
        "historical_revision_invalidated": true,
        "pending_repair": true,
        "surface_covered": true
      },
      {
        "count": 861,
        "deep_reviewed": true,
        "historical_revision_invalidated": false,
        "pending_repair": false,
        "surface_covered": true
      },
      {
        "count": 127,
        "deep_reviewed": true,
        "historical_revision_invalidated": true,
        "pending_repair": false,
        "surface_covered": true
      },
      {
        "count": 0,
        "deep_reviewed": true,
        "historical_revision_invalidated": false,
        "pending_repair": true,
        "surface_covered": true
      },
      {
        "count": 25,
        "deep_reviewed": true,
        "historical_revision_invalidated": true,
        "pending_repair": true,
        "surface_covered": true
      }
    ],
    "committed_done_by_completion_level": {
      "deep_reviewed": 982,
      "surface_only": 28531
    },
    "eligible": 29828,
    "invalidated_without_current_review": 273,
    "metrics": {
      "deep_reviewed": {
        "count": 1013,
        "denominator": 29828,
        "ratio": 0.0339613785704707
      },
      "historical_revision_invalidated": {
        "count": 3722,
        "denominator": 29828,
        "ratio": 0.12478208394796836
      },
      "pending_repair": {
        "count": 25,
        "denominator": 29828,
        "ratio": 0.0008381386616601851
      },
      "surface_covered": {
        "count": 29555,
        "denominator": 29828,
        "ratio": 0.9908475258146707
      }
    }
  },
  "reconciliation_count": 29828
}
{
  "bytes": 35316421,
  "catalog_id": "302702bb0c32c7523d675b2e385b412e6ea71045ae6758e6b7d19a89c681308e",
  "directory": ".artifacts/i18n/repair-window/window64-20261003-candidate-catalog",
  "entries": 29828,
  "exclusions": 480,
  "occurrences": 30308
}
