--- contextual-import: exit=0 elapsed=1.6s projections=0 projection_elapsed=0.0s
--- generate-adjudication: exit=0 elapsed=1.3s projections=0 projection_elapsed=0.0s
--- adjudicate: exit=0 elapsed=1.3s projections=0 projection_elapsed=0.0s
{
  "batch_id": "batch-76f9078d25a218ccbe79",
  "imported": 19,
  "ok": true
}
25 条裁决 {'confirmed': 16, 'refuted': 6, 'advisory': 3} | repair 16
{
  "adjudicated": 19,
  "batch_id": "batch-76f9078d25a218ccbe79",
  "ok": true,
  "repair_required": 11
}
CI gate log directory: /workspace/tome4-chinese-translation/.artifacts/i18n/ci-gates/run.7sxrmdas
PASS  01-doctor (log: /workspace/tome4-chinese-translation/.artifacts/i18n/ci-gates/run.7sxrmdas/01-doctor.log)
PASS  02-strict-lint (log: /workspace/tome4-chinese-translation/.artifacts/i18n/ci-gates/run.7sxrmdas/02-strict-lint.log)
PASS  03-test-group-registration (log: /workspace/tome4-chinese-translation/.artifacts/i18n/ci-gates/run.7sxrmdas/03-test-group-registration.log)
PASS  03-toolchain-unit-tests (log: /workspace/tome4-chinese-translation/.artifacts/i18n/ci-gates/run.7sxrmdas/03-toolchain-unit-tests.log)
PASS  04-quality-facts-unit-tests (log: /workspace/tome4-chinese-translation/.artifacts/i18n/ci-gates/run.7sxrmdas/04-quality-facts-unit-tests.log)
PASS  04-semantic-claim-unit-tests (log: /workspace/tome4-chinese-translation/.artifacts/i18n/ci-gates/run.7sxrmdas/04-semantic-claim-unit-tests.log)
PASS  04-semantic-claims-strict-registry (log: /workspace/tome4-chinese-translation/.artifacts/i18n/ci-gates/run.7sxrmdas/04-semantic-claims-strict-registry.log)
PASS  05-contract-suite-unit-tests (log: /workspace/tome4-chinese-translation/.artifacts/i18n/ci-gates/run.7sxrmdas/05-contract-suite-unit-tests.log)
PASS  05-production-shadow-surface-ledger-tests (log: /workspace/tome4-chinese-translation/.artifacts/i18n/ci-gates/run.7sxrmdas/05-production-shadow-surface-ledger-tests.log)
PASS  06-runtime-collision-scan (log: /workspace/tome4-chinese-translation/.artifacts/i18n/ci-gates/run.7sxrmdas/06-runtime-collision-scan.log)
PASS  07-runtime-key-classification (log: /workspace/tome4-chinese-translation/.artifacts/i18n/ci-gates/run.7sxrmdas/07-runtime-key-classification.log)
PASS  08-terminology-static-audit (log: /workspace/tome4-chinese-translation/.artifacts/i18n/ci-gates/run.7sxrmdas/08-terminology-static-audit.log)
PASS  09-terminology-dynamic-audit (log: /workspace/tome4-chinese-translation/.artifacts/i18n/ci-gates/run.7sxrmdas/09-terminology-dynamic-audit.log)
PASS  10-domain-annotation (log: /workspace/tome4-chinese-translation/.artifacts/i18n/ci-gates/run.7sxrmdas/10-domain-annotation.log)
PASS  11-worktree-whitespace (log: /workspace/tome4-chinese-translation/.artifacts/i18n/ci-gates/run.7sxrmdas/11-worktree-whitespace.log)
PASS  11-staged-whitespace (log: /workspace/tome4-chinese-translation/.artifacts/i18n/ci-gates/run.7sxrmdas/11-staged-whitespace.log)
PASS  12-core-addon-build (log: /workspace/tome4-chinese-translation/.artifacts/i18n/ci-gates/run.7sxrmdas/12-core-addon-build.log)
ALL GATES PASSED
--- prepare-evidence: exit=0 elapsed=159.3s projections=0 projection_elapsed=0.0s
{
  "batch_id": "batch-76f9078d25a218ccbe79",
  "ok": true,
  "prospective": "/workspace/tome4-chinese-translation/.artifacts/i18n/production-review-v2-lite/prospective/evidence/production-review-v2-lite/batches/batch-76f9078d25a218ccbe79",
  "results": 80
}
