projection-cache: stored complete replay published
--- queue-rebuild: exit=0 elapsed=252.0s projections=1 projection_elapsed=251.0s
--- batch-start: exit=0 elapsed=1.4s projections=0 projection_elapsed=0.0s
{
  "active_writer": true,
  "catalog_id": "cdc76147d080c57a246273344897b397c53eded5051d701a3d7974dcb1f9e0f8",
  "evidence_head": "7b4e0d694937d997a4724aa605f043d851c260d2",
  "explicit_overrides": {
    "blocked": 38,
    "done": 24034,
    "repair_required": 1
  },
  "implicit_queued": 5755,
  "ok": true,
  "override_basis": "sqlite_state_codes",
  "progress": {
    "basis": "committed_evidence",
    "classification": [
      {
        "count": 5726,
        "deep_reviewed": false,
        "historical_revision_invalidated": false,
        "pending_repair": false,
        "surface_covered": false
      },
      {
        "count": 29,
        "deep_reviewed": false,
        "historical_revision_invalidated": true,
        "pending_repair": false,
        "surface_covered": false
      },
      {
        "count": 0,
        "deep_reviewed": false,
        "historical_revision_invalidated": false,
        "pending_repair": true,
        "surface_covered": false
      },
      {
        "count": 0,
        "deep_reviewed": false,
        "historical_revision_invalidated": true,
        "pending_repair": true,
        "surface_covered": false
      },
      {
        "count": 0,
        "deep_reviewed": true,
        "historical_revision_invalidated": false,
        "pending_repair": false,
        "surface_covered": false
      },
      {
        "count": 0,
        "deep_reviewed": true,
        "historical_revision_invalidated": true,
        "pending_repair": false,
        "surface_covered": false
      },
      {
        "count": 0,
        "deep_reviewed": true,
        "historical_revision_invalidated": false,
        "pending_repair": true,
        "surface_covered": false
      },
      {
        "count": 0,
        "deep_reviewed": true,
        "historical_revision_invalidated": true,
        "pending_repair": true,
        "surface_covered": false
      },
      {
        "count": 21654,
        "deep_reviewed": false,
        "historical_revision_invalidated": false,
        "pending_repair": false,
        "surface_covered": true
      },
      {
        "count": 1653,
        "deep_reviewed": false,
        "historical_revision_invalidated": true,
        "pending_repair": false,
        "surface_covered": true
      },
      {
        "count": 0,
        "deep_reviewed": false,
        "historical_revision_invalidated": false,
        "pending_repair": true,
        "surface_covered": true
      },
      {
        "count": 0,
        "deep_reviewed": false,
        "historical_revision_invalidated": true,
        "pending_repair": true,
        "surface_covered": true
      },
      {
        "count": 676,
        "deep_reviewed": true,
        "historical_revision_invalidated": false,
        "pending_repair": false,
        "surface_covered": true
      },
      {
        "count": 89,
        "deep_reviewed": true,
        "historical_revision_invalidated": true,
        "pending_repair": false,
        "surface_covered": true
      },
      {
        "count": 0,
        "deep_reviewed": true,
        "historical_revision_invalidated": false,
        "pending_repair": true,
        "surface_covered": true
      },
      {
        "count": 1,
        "deep_reviewed": true,
        "historical_revision_invalidated": true,
        "pending_repair": true,
        "surface_covered": true
      }
    ],
    "committed_done_by_completion_level": {
      "deep_reviewed": 733,
      "surface_only": 23301
    },
    "eligible": 29828,
    "invalidated_without_current_review": 29,
    "metrics": {
      "deep_reviewed": {
        "count": 766,
        "denominator": 29828,
        "ratio": 0.02568056859326807
      },
      "historical_revision_invalidated": {
        "count": 1772,
        "denominator": 29828,
        "ratio": 0.059407268338473915
      },
      "pending_repair": {
        "count": 1,
        "denominator": 29828,
        "ratio": 3.3525546466407405e-05
      },
      "surface_covered": {
        "count": 24073,
        "denominator": 29828,
        "ratio": 0.8070604800858254
      }
    }
  },
  "reconciliation_count": 29828
}
{
  "batch_id": "batch-2dd6d21e34b360ebb6d9",
  "ok": true,
  "selected": 80,
  "selection_mode": "queued"
}
