--- contextual-import: exit=0 elapsed=1.7s projections=0 projection_elapsed=0.0s
--- generate-adjudication: exit=0 elapsed=1.3s projections=0 projection_elapsed=0.0s
--- adjudicate: exit=0 elapsed=1.4s projections=0 projection_elapsed=0.0s
{
  "batch_id": "batch-3cfa49c3b0ee7cc07337",
  "imported": 15,
  "ok": true
}
19 条裁决 {'refuted': 8, 'advisory': 4, 'confirmed': 7} | repair 7
{
  "adjudicated": 15,
  "batch_id": "batch-3cfa49c3b0ee7cc07337",
  "ok": true,
  "repair_required": 6
}
CI gate log directory: /workspace/tome4-chinese-translation/.artifacts/i18n/ci-gates/run.gnrnm8k2
PASS  01-doctor (log: /workspace/tome4-chinese-translation/.artifacts/i18n/ci-gates/run.gnrnm8k2/01-doctor.log)
PASS  02-strict-lint (log: /workspace/tome4-chinese-translation/.artifacts/i18n/ci-gates/run.gnrnm8k2/02-strict-lint.log)
PASS  03-test-group-registration (log: /workspace/tome4-chinese-translation/.artifacts/i18n/ci-gates/run.gnrnm8k2/03-test-group-registration.log)
PASS  03-toolchain-unit-tests (log: /workspace/tome4-chinese-translation/.artifacts/i18n/ci-gates/run.gnrnm8k2/03-toolchain-unit-tests.log)
PASS  04-quality-facts-unit-tests (log: /workspace/tome4-chinese-translation/.artifacts/i18n/ci-gates/run.gnrnm8k2/04-quality-facts-unit-tests.log)
PASS  04-semantic-claim-unit-tests (log: /workspace/tome4-chinese-translation/.artifacts/i18n/ci-gates/run.gnrnm8k2/04-semantic-claim-unit-tests.log)
PASS  04-semantic-claims-strict-registry (log: /workspace/tome4-chinese-translation/.artifacts/i18n/ci-gates/run.gnrnm8k2/04-semantic-claims-strict-registry.log)
PASS  05-contract-suite-unit-tests (log: /workspace/tome4-chinese-translation/.artifacts/i18n/ci-gates/run.gnrnm8k2/05-contract-suite-unit-tests.log)
PASS  05-production-shadow-surface-ledger-tests (log: /workspace/tome4-chinese-translation/.artifacts/i18n/ci-gates/run.gnrnm8k2/05-production-shadow-surface-ledger-tests.log)
PASS  06-runtime-collision-scan (log: /workspace/tome4-chinese-translation/.artifacts/i18n/ci-gates/run.gnrnm8k2/06-runtime-collision-scan.log)
PASS  07-runtime-key-classification (log: /workspace/tome4-chinese-translation/.artifacts/i18n/ci-gates/run.gnrnm8k2/07-runtime-key-classification.log)
PASS  08-terminology-static-audit (log: /workspace/tome4-chinese-translation/.artifacts/i18n/ci-gates/run.gnrnm8k2/08-terminology-static-audit.log)
PASS  09-terminology-dynamic-audit (log: /workspace/tome4-chinese-translation/.artifacts/i18n/ci-gates/run.gnrnm8k2/09-terminology-dynamic-audit.log)
PASS  10-domain-annotation (log: /workspace/tome4-chinese-translation/.artifacts/i18n/ci-gates/run.gnrnm8k2/10-domain-annotation.log)
PASS  11-worktree-whitespace (log: /workspace/tome4-chinese-translation/.artifacts/i18n/ci-gates/run.gnrnm8k2/11-worktree-whitespace.log)
PASS  11-staged-whitespace (log: /workspace/tome4-chinese-translation/.artifacts/i18n/ci-gates/run.gnrnm8k2/11-staged-whitespace.log)
PASS  12-core-addon-build (log: /workspace/tome4-chinese-translation/.artifacts/i18n/ci-gates/run.gnrnm8k2/12-core-addon-build.log)
ALL GATES PASSED
--- prepare-evidence: exit=0 elapsed=164.4s projections=0 projection_elapsed=0.0s
{
  "batch_id": "batch-3cfa49c3b0ee7cc07337",
  "ok": true,
  "prospective": "/workspace/tome4-chinese-translation/.artifacts/i18n/production-review-v2-lite/prospective/evidence/production-review-v2-lite/batches/batch-3cfa49c3b0ee7cc07337",
  "results": 55
}
