test_listed_tasks_are_informational_only_and_unlisted_deficient_tasks_fail_contract (tests.i18n.test_ai_state_check.AdoptionBoundaryTests.test_listed_tasks_are_informational_only_and_unlisted_deficient_tasks_fail_contract) ... ok
test_manifest_schema_failures_are_contract_failures (tests.i18n.test_ai_state_check.AdoptionBoundaryTests.test_manifest_schema_failures_are_contract_failures) ... ok
test_tracked_manifest_is_strict_future_only_boundary (tests.i18n.test_ai_state_check.AdoptionBoundaryTests.test_tracked_manifest_is_strict_future_only_boundary) ... ok
test_candidate_byte_read_errors_are_input_errors (tests.i18n.test_ai_state_check.StateCheckerFixtureTests.test_candidate_byte_read_errors_are_input_errors) ... ok
test_cli_reports_every_stable_outcome_and_exit_code (tests.i18n.test_ai_state_check.StateCheckerFixtureTests.test_cli_reports_every_stable_outcome_and_exit_code) ... ok
test_completion_binding_checks_reviewer_purpose_and_identity_types (tests.i18n.test_ai_state_check.StateCheckerFixtureTests.test_completion_binding_checks_reviewer_purpose_and_identity_types) ... ok
test_completion_markers_use_the_terminal_vocabulary (tests.i18n.test_ai_state_check.StateCheckerFixtureTests.test_completion_markers_use_the_terminal_vocabulary) ... ok
test_contextual_binding_checks_record_dispatch_envelope_and_payload (tests.i18n.test_ai_state_check.StateCheckerFixtureTests.test_contextual_binding_checks_record_dispatch_envelope_and_payload) ... ok
test_contextual_metadata_types_are_checked_before_candidate_branch (tests.i18n.test_ai_state_check.StateCheckerFixtureTests.test_contextual_metadata_types_are_checked_before_candidate_branch) ... ok
test_contextual_v2_complete_lane_stage_cannot_be_latest (tests.i18n.test_ai_state_check.StateCheckerFixtureTests.test_contextual_v2_complete_lane_stage_cannot_be_latest) ... ok
test_contextual_v2_creation_lane_labels_accept_exact_strings_and_integer_history (tests.i18n.test_ai_state_check.StateCheckerFixtureTests.test_contextual_v2_creation_lane_labels_accept_exact_strings_and_integer_history) ... ok
test_contextual_v2_creation_lane_labels_fail_closed (tests.i18n.test_ai_state_check.StateCheckerFixtureTests.test_contextual_v2_creation_lane_labels_fail_closed) ... ok
test_contextual_v2_dispatch_prompt_is_gated_for_all_records (tests.i18n.test_ai_state_check.StateCheckerFixtureTests.test_contextual_v2_dispatch_prompt_is_gated_for_all_records) ... ok
test_contextual_v2_fixture_and_fail_closed_state_matrix (tests.i18n.test_ai_state_check.StateCheckerFixtureTests.test_contextual_v2_fixture_and_fail_closed_state_matrix) ... ok
test_contextual_v2_nested_shadow_artifacts_cannot_override_workspace_root (tests.i18n.test_ai_state_check.StateCheckerFixtureTests.test_contextual_v2_nested_shadow_artifacts_cannot_override_workspace_root) ... ok
test_contextual_v2_pointer_lane_index_remains_numeric (tests.i18n.test_ai_state_check.StateCheckerFixtureTests.test_contextual_v2_pointer_lane_index_remains_numeric) ... ok
test_contextual_v2_public_cli_uses_explicit_workspace_root (tests.i18n.test_ai_state_check.StateCheckerFixtureTests.test_contextual_v2_public_cli_uses_explicit_workspace_root) ... ok
test_contextual_v2_rejects_each_group_identifier_reused_across_stages (tests.i18n.test_ai_state_check.StateCheckerFixtureTests.test_contextual_v2_rejects_each_group_identifier_reused_across_stages) ... ok
test_contextual_v2_structural_lane_indices_reject_strings (tests.i18n.test_ai_state_check.StateCheckerFixtureTests.test_contextual_v2_structural_lane_indices_reject_strings) ... ok
test_contextual_v2_well_formed_closure_with_wrong_parent_is_rejected (tests.i18n.test_ai_state_check.StateCheckerFixtureTests.test_contextual_v2_well_formed_closure_with_wrong_parent_is_rejected) ... ok
test_done_predicate_fails_closed_for_each_load_bearing_relationship (tests.i18n.test_ai_state_check.StateCheckerFixtureTests.test_done_predicate_fails_closed_for_each_load_bearing_relationship) ... ok
test_evidence_binding_accepts_two_attempts_when_disk_is_latest (tests.i18n.test_ai_state_check.StateCheckerFixtureTests.test_evidence_binding_accepts_two_attempts_when_disk_is_latest) ... ok
test_evidence_binding_rejects_duplicate_new_file_and_handles_no_newline_marker (tests.i18n.test_ai_state_check.StateCheckerFixtureTests.test_evidence_binding_rejects_duplicate_new_file_and_handles_no_newline_marker) ... ok
test_evidence_citation_consistency_rejects_uncited_exact_review_path (tests.i18n.test_ai_state_check.StateCheckerFixtureTests.test_evidence_citation_consistency_rejects_uncited_exact_review_path) ... ok
test_evidence_e1_no_bound_record_fails_existing_closure_predicate (tests.i18n.test_ai_state_check.StateCheckerFixtureTests.test_evidence_e1_no_bound_record_fails_existing_closure_predicate) ... ok
test_evidence_e2_required_for_v3_review_only_infrastructure (tests.i18n.test_ai_state_check.StateCheckerFixtureTests.test_evidence_e2_required_for_v3_review_only_infrastructure) ... ok
test_evidence_e3_reviewer_must_not_be_orchestrator (tests.i18n.test_ai_state_check.StateCheckerFixtureTests.test_evidence_e3_reviewer_must_not_be_orchestrator) ... ok
test_evidence_f_is_candidate_bound_and_on_disk_sidecar_is_checked (tests.i18n.test_ai_state_check.StateCheckerFixtureTests.test_evidence_f_is_candidate_bound_and_on_disk_sidecar_is_checked) ... ok
test_evidence_latest_paired_records_must_have_identical_embedded_sidecar (tests.i18n.test_ai_state_check.StateCheckerFixtureTests.test_evidence_latest_paired_records_must_have_identical_embedded_sidecar) ... ok
test_evidence_latest_tied_records_must_derive_one_sidecar_path (tests.i18n.test_ai_state_check.StateCheckerFixtureTests.test_evidence_latest_tied_records_must_derive_one_sidecar_path) ... ok
test_evidence_schema_2_compatibility_and_implement_validate_if_present (tests.i18n.test_ai_state_check.StateCheckerFixtureTests.test_evidence_schema_2_compatibility_and_implement_validate_if_present) ... ok
test_evidence_schema_3_requires_valid_change_class_and_code_record (tests.i18n.test_ai_state_check.StateCheckerFixtureTests.test_evidence_schema_3_requires_valid_change_class_and_code_record) ... ok
test_evidence_scope_audit_is_checked_when_present_in_schema_3 (tests.i18n.test_ai_state_check.StateCheckerFixtureTests.test_evidence_scope_audit_is_checked_when_present_in_schema_3) ... ok
test_evidence_sidecar_task_id_must_match_state (tests.i18n.test_ai_state_check.StateCheckerFixtureTests.test_evidence_sidecar_task_id_must_match_state) ... ok
test_evidence_surface_colisting_never_waives_code_records (tests.i18n.test_ai_state_check.StateCheckerFixtureTests.test_evidence_surface_colisting_never_waives_code_records) ... ok
test_explicit_role_and_lifecycle_alias_matrix_is_reader_compatible (tests.i18n.test_ai_state_check.StateCheckerFixtureTests.test_explicit_role_and_lifecycle_alias_matrix_is_reader_compatible) ... ok
test_filename_binding_requires_exact_json_types (tests.i18n.test_ai_state_check.StateCheckerFixtureTests.test_filename_binding_requires_exact_json_types) ... ok
test_malformed_json_values_return_structured_results (tests.i18n.test_ai_state_check.StateCheckerFixtureTests.test_malformed_json_values_return_structured_results) ... ok
test_managed_wave_context_is_opt_in_and_workspace_bound (tests.i18n.test_ai_state_check.StateCheckerFixtureTests.test_managed_wave_context_is_opt_in_and_workspace_bound) ... ok
test_new_file_parser_ignores_rename_only_patch_without_sidecar (tests.i18n.test_ai_state_check.StateCheckerFixtureTests.test_new_file_parser_ignores_rename_only_patch_without_sidecar) ... ok
test_new_file_parser_reconstructs_real_git_patch_with_12_digit_index (tests.i18n.test_ai_state_check.StateCheckerFixtureTests.test_new_file_parser_reconstructs_real_git_patch_with_12_digit_index) ... ok
test_new_file_parser_rejects_truncation_crlf_bad_index_and_modification (tests.i18n.test_ai_state_check.StateCheckerFixtureTests.test_new_file_parser_rejects_truncation_crlf_bad_index_and_modification) ... ok
test_nul_candidate_vector_is_exact_and_not_the_obsolete_separator (tests.i18n.test_ai_state_check.StateCheckerFixtureTests.test_nul_candidate_vector_is_exact_and_not_the_obsolete_separator) ... ok
test_persisted_state_marker_is_required_and_canonical (tests.i18n.test_ai_state_check.StateCheckerFixtureTests.test_persisted_state_marker_is_required_and_canonical) ... ok
test_preflight_needs_target_and_cli_emits_structured_outcomes (tests.i18n.test_ai_state_check.StateCheckerFixtureTests.test_preflight_needs_target_and_cli_emits_structured_outcomes) ... ok
test_production_code_and_contextual_fixtures_are_done_verified (tests.i18n.test_ai_state_check.StateCheckerFixtureTests.test_production_code_and_contextual_fixtures_are_done_verified) ... ok
test_reader_aliases_and_legacy_record_mapping_remain_compatible (tests.i18n.test_ai_state_check.StateCheckerFixtureTests.test_reader_aliases_and_legacy_record_mapping_remain_compatible) ... ok
test_review_contracts_bind_to_purpose_before_candidate_validation (tests.i18n.test_ai_state_check.StateCheckerFixtureTests.test_review_contracts_bind_to_purpose_before_candidate_validation) ... ok
test_review_only_does_not_require_final_validation_and_stop_is_narrow (tests.i18n.test_ai_state_check.StateCheckerFixtureTests.test_review_only_does_not_require_final_validation_and_stop_is_narrow) ... ok
test_runtime_observation_exact_schema_and_placement (tests.i18n.test_ai_state_check.StateCheckerFixtureTests.test_runtime_observation_exact_schema_and_placement) ... ok
test_runtime_observation_is_optional_and_completion_neutral (tests.i18n.test_ai_state_check.StateCheckerFixtureTests.test_runtime_observation_is_optional_and_completion_neutral) ... ok
test_schema3_translation_implement_record_remains_compatible (tests.i18n.test_ai_state_check.StateCheckerFixtureTests.test_schema3_translation_implement_record_remains_compatible) ... ok
test_schema4_translation_adjudicated_pass_overrides_producer_status (tests.i18n.test_ai_state_check.StateCheckerFixtureTests.test_schema4_translation_adjudicated_pass_overrides_producer_status) ... ok
test_schema4_translation_closure_cannot_finish (tests.i18n.test_ai_state_check.StateCheckerFixtureTests.test_schema4_translation_closure_cannot_finish) ... ok
test_schema4_translation_closure_key_source_and_parent_drift_fail (tests.i18n.test_ai_state_check.StateCheckerFixtureTests.test_schema4_translation_closure_key_source_and_parent_drift_fail) ... ok
test_schema4_translation_closure_parent_must_be_latest_earlier_full (tests.i18n.test_ai_state_check.StateCheckerFixtureTests.test_schema4_translation_closure_parent_must_be_latest_earlier_full) ... ok
test_schema4_translation_failed_final_repair_successful_final_can_close (tests.i18n.test_ai_state_check.StateCheckerFixtureTests.test_schema4_translation_failed_final_repair_successful_final_can_close) ... ok
test_schema4_translation_full_closure_final_full_can_close (tests.i18n.test_ai_state_check.StateCheckerFixtureTests.test_schema4_translation_full_closure_final_full_can_close) ... ok
test_schema4_translation_max_cycles_default_and_authorization (tests.i18n.test_ai_state_check.StateCheckerFixtureTests.test_schema4_translation_max_cycles_default_and_authorization) ... ok
test_schema4_translation_record_cycles_are_state_and_limit_bounded (tests.i18n.test_ai_state_check.StateCheckerFixtureTests.test_schema4_translation_record_cycles_are_state_and_limit_bounded) ... ok
test_schema4_translation_stale_final_cannot_close_newer_state_cycle (tests.i18n.test_ai_state_check.StateCheckerFixtureTests.test_schema4_translation_stale_final_cannot_close_newer_state_cycle) ... ok
test_schema4_translation_stale_pass_cannot_hide_newer_failure (tests.i18n.test_ai_state_check.StateCheckerFixtureTests.test_schema4_translation_stale_pass_cannot_hide_newer_failure) ... ok
test_schema4_translation_terminal_phases_must_be_ordered (tests.i18n.test_ai_state_check.StateCheckerFixtureTests.test_schema4_translation_terminal_phases_must_be_ordered) ... ok
test_stop_ignores_unavailable_or_non_object_review_records (tests.i18n.test_ai_state_check.StateCheckerFixtureTests.test_stop_ignores_unavailable_or_non_object_review_records) ... ok
test_two_independent_attempts_recompute_distinct_candidates (tests.i18n.test_ai_state_check.StateCheckerFixtureTests.test_two_independent_attempts_recompute_distinct_candidates) ... ok
test_v1_canonical_payload_acceptance_is_unchanged (tests.i18n.test_ai_state_check.StateCheckerFixtureTests.test_v1_canonical_payload_acceptance_is_unchanged) ... ok
test_valid_record_plus_orphan_record_only_counts_the_valid_binding (tests.i18n.test_ai_state_check.StateCheckerFixtureTests.test_valid_record_plus_orphan_record_only_counts_the_valid_binding) ... ok
test_carry_over_artifact_binds_complete_original_workset (tests.i18n.test_ai_state_check.SurfaceScreenContractTests.test_carry_over_artifact_binds_complete_original_workset) ... ok
test_carry_over_binding_covers_first_eighty_only (tests.i18n.test_ai_state_check.SurfaceScreenContractTests.test_carry_over_binding_covers_first_eighty_only) ... ok
test_carry_over_drift_is_rejected (tests.i18n.test_ai_state_check.SurfaceScreenContractTests.test_carry_over_drift_is_rejected) ... ok
test_carry_terminal_binds_first80_projection_payload_semantics (tests.i18n.test_ai_state_check.SurfaceScreenContractTests.test_carry_terminal_binds_first80_projection_payload_semantics) ... ok
test_change_class_matrix_for_review_only_surface (tests.i18n.test_ai_state_check.SurfaceScreenContractTests.test_change_class_matrix_for_review_only_surface) ... ok
test_full_terminal_binds_complete_draft_payload_semantics (tests.i18n.test_ai_state_check.SurfaceScreenContractTests.test_full_terminal_binds_complete_draft_payload_semantics) ... ok
test_lane_terminal_binds_whole_workset_draft_projection (tests.i18n.test_ai_state_check.SurfaceScreenContractTests.test_lane_terminal_binds_whole_workset_draft_projection) ... ok
test_review_only_complete_lane_group_is_done_verified (tests.i18n.test_ai_state_check.SurfaceScreenContractTests.test_review_only_complete_lane_group_is_done_verified) ... ok
test_review_only_rejects_partial_lane_publication (tests.i18n.test_ai_state_check.SurfaceScreenContractTests.test_review_only_rejects_partial_lane_publication) ... ok
test_review_only_rejects_second_stage (tests.i18n.test_ai_state_check.SurfaceScreenContractTests.test_review_only_rejects_second_stage) ... ok
test_review_only_single_full_is_done_verified (tests.i18n.test_ai_state_check.SurfaceScreenContractTests.test_review_only_single_full_is_done_verified) ... ok
test_review_only_translation_workflow_surface_is_done_verified_without_code_terminal (tests.i18n.test_ai_state_check.SurfaceScreenContractTests.test_review_only_translation_workflow_surface_is_done_verified_without_code_terminal) ... ok
test_stop_bad_record_path_cannot_hide_surface_records (tests.i18n.test_ai_state_check.SurfaceScreenContractTests.test_stop_bad_record_path_cannot_hide_surface_records) ... ok
test_stop_record_loader_handles_each_path_independently (tests.i18n.test_ai_state_check.SurfaceScreenContractTests.test_stop_record_loader_handles_each_path_independently) ... ok
test_surface_cannot_mix_with_contextual_contracts_or_low_schema (tests.i18n.test_ai_state_check.SurfaceScreenContractTests.test_surface_cannot_mix_with_contextual_contracts_or_low_schema) ... ok
test_surface_convergence_fails_closed_without_contract_activation (tests.i18n.test_ai_state_check.SurfaceScreenContractTests.test_surface_convergence_fails_closed_without_contract_activation) ... ok
test_surface_creation_lane_labels_accept_exact_strings_and_integer_history (tests.i18n.test_ai_state_check.SurfaceScreenContractTests.test_surface_creation_lane_labels_accept_exact_strings_and_integer_history) ... ok
test_surface_creation_lane_labels_fail_closed (tests.i18n.test_ai_state_check.SurfaceScreenContractTests.test_surface_creation_lane_labels_fail_closed) ... ok
test_surface_evidence_binding_drift_fails_closed (tests.i18n.test_ai_state_check.SurfaceScreenContractTests.test_surface_evidence_binding_drift_fails_closed) ... ok
test_surface_evidence_binding_is_required_and_recomputed (tests.i18n.test_ai_state_check.SurfaceScreenContractTests.test_surface_evidence_binding_is_required_and_recomputed) ... ok
test_surface_failed_stage_group_reuse_fails_closed (tests.i18n.test_ai_state_check.SurfaceScreenContractTests.test_surface_failed_stage_group_reuse_fails_closed) ... ok
test_surface_failed_stage_reusing_orphan_group_fails_closed (tests.i18n.test_ai_state_check.SurfaceScreenContractTests.test_surface_failed_stage_reusing_orphan_group_fails_closed) ... ok
test_surface_full_stage_cardinality_is_enforced (tests.i18n.test_ai_state_check.SurfaceScreenContractTests.test_surface_full_stage_cardinality_is_enforced) ... ok
test_surface_group_phase_only_allows_review (tests.i18n.test_ai_state_check.SurfaceScreenContractTests.test_surface_group_phase_only_allows_review) ... ok
test_surface_lane_manifest_rejects_whole_stage_over_screen_limit (tests.i18n.test_ai_state_check.SurfaceScreenContractTests.test_surface_lane_manifest_rejects_whole_stage_over_screen_limit) ... ok
test_surface_manifest_binding_and_terminal_matrix (tests.i18n.test_ai_state_check.SurfaceScreenContractTests.test_surface_manifest_binding_and_terminal_matrix) ... ok
test_surface_n_zero_build_rejects_dispatch_inputs (tests.i18n.test_ai_state_check.SurfaceScreenContractTests.test_surface_n_zero_build_rejects_dispatch_inputs) ... ok
test_surface_orphan_attempt_must_precede_success (tests.i18n.test_ai_state_check.SurfaceScreenContractTests.test_surface_orphan_attempt_must_precede_success) ... ok
test_surface_orphan_failed_children_join_retry_history (tests.i18n.test_ai_state_check.SurfaceScreenContractTests.test_surface_orphan_failed_children_join_retry_history) ... ok
test_surface_orphan_group_manifest_path_reuse_fails_closed (tests.i18n.test_ai_state_check.SurfaceScreenContractTests.test_surface_orphan_group_manifest_path_reuse_fails_closed) ... ok
test_surface_orphan_identity_reuse_fails_closed (tests.i18n.test_ai_state_check.SurfaceScreenContractTests.test_surface_orphan_identity_reuse_fails_closed) ... ok
test_surface_orphan_inference_stays_bounded (tests.i18n.test_ai_state_check.SurfaceScreenContractTests.test_surface_orphan_inference_stays_bounded) ... ok
test_surface_partially_orphaned_failed_stage_then_success (tests.i18n.test_ai_state_check.SurfaceScreenContractTests.test_surface_partially_orphaned_failed_stage_then_success) ... ok
test_surface_purpose_relabeling_cannot_hide_orphan_children (tests.i18n.test_ai_state_check.SurfaceScreenContractTests.test_surface_purpose_relabeling_cannot_hide_orphan_children) ... ok
test_surface_rejects_borrowed_implement_convergence (tests.i18n.test_ai_state_check.SurfaceScreenContractTests.test_surface_rejects_borrowed_implement_convergence) ... ok
test_surface_requires_a_bound_completion_record (tests.i18n.test_ai_state_check.SurfaceScreenContractTests.test_surface_requires_a_bound_completion_record) ... ok
test_surface_retry_all_failed_history_cannot_close (tests.i18n.test_ai_state_check.SurfaceScreenContractTests.test_surface_retry_all_failed_history_cannot_close) ... ok
test_surface_retry_attempts_must_be_monotonic_and_precede_success (tests.i18n.test_ai_state_check.SurfaceScreenContractTests.test_surface_retry_attempts_must_be_monotonic_and_precede_success) ... ok
test_surface_retry_failed_lane_stage_members_share_one_group_tuple (tests.i18n.test_ai_state_check.SurfaceScreenContractTests.test_surface_retry_failed_lane_stage_members_share_one_group_tuple) ... ok
test_surface_retry_failed_stage_group_reuse_is_rejected (tests.i18n.test_ai_state_check.SurfaceScreenContractTests.test_surface_retry_failed_stage_group_reuse_is_rejected) ... ok
test_surface_retry_history_failed_then_success_is_done_verified (tests.i18n.test_ai_state_check.SurfaceScreenContractTests.test_surface_retry_history_failed_then_success_is_done_verified) ... ok
test_surface_retry_identity_freshness_predicate (tests.i18n.test_ai_state_check.SurfaceScreenContractTests.test_surface_retry_identity_freshness_predicate) ... ok
test_surface_stop_rejects_dispatched_screen (tests.i18n.test_ai_state_check.SurfaceScreenContractTests.test_surface_stop_rejects_dispatched_screen) ... ok
test_surface_stop_rejects_dispatched_screen_despite_tampering (tests.i18n.test_ai_state_check.SurfaceScreenContractTests.test_surface_stop_rejects_dispatched_screen_despite_tampering) ... ok
test_surface_stop_uses_the_all_source_activity_predicate (tests.i18n.test_ai_state_check.SurfaceScreenContractTests.test_surface_stop_uses_the_all_source_activity_predicate) ... ok
test_surface_structural_lane_indices_reject_strings (tests.i18n.test_ai_state_check.SurfaceScreenContractTests.test_surface_structural_lane_indices_reject_strings) ... ok
test_whole_screen_terminal_must_cover_the_bound_draft_exactly (tests.i18n.test_ai_state_check.SurfaceScreenContractTests.test_whole_screen_terminal_must_cover_the_bound_draft_exactly) ... ok
test_zero_artifact_binds_recomputable_empty_workset_identity (tests.i18n.test_ai_state_check.SurfaceScreenContractTests.test_zero_artifact_binds_recomputable_empty_workset_identity) ... ok
test_zero_artifact_negative_matrix (tests.i18n.test_ai_state_check.SurfaceScreenContractTests.test_zero_artifact_negative_matrix) ... ok
test_zero_no_dispatch_artifact_is_done_verified (tests.i18n.test_ai_state_check.SurfaceScreenContractTests.test_zero_no_dispatch_artifact_is_done_verified) ... ok
test_zero_terminal_requires_actual_empty_input_draft (tests.i18n.test_ai_state_check.SurfaceScreenContractTests.test_zero_terminal_requires_actual_empty_input_draft) ... ok
test_cli_exit_codes (tests.i18n.test_contextual_result_check.ContextualResultTests.test_cli_exit_codes) ... ok
test_cli_rejects_lone_surrogate_without_traceback (tests.i18n.test_contextual_result_check.ContextualResultTests.test_cli_rejects_lone_surrogate_without_traceback) ... ok
test_exact_compact_envelope_and_raw_bytes_are_required (tests.i18n.test_contextual_result_check.ContextualResultTests.test_exact_compact_envelope_and_raw_bytes_are_required) ... ok
test_minimal_vector_and_valid_result (tests.i18n.test_contextual_result_check.ContextualResultTests.test_minimal_vector_and_valid_result) ... ok
test_result_schema_negative_matrix (tests.i18n.test_contextual_result_check.ContextualResultTests.test_result_schema_negative_matrix) ... ok
test_strict_json_rejections (tests.i18n.test_contextual_result_check.ContextualResultTests.test_strict_json_rejections) ... ok
test_manifest_negative_matrix (tests.i18n.test_contextual_lane_manifest.LaneManifestTests.test_manifest_negative_matrix) ... ok
test_partition_and_manifest (tests.i18n.test_contextual_lane_manifest.LaneManifestTests.test_partition_and_manifest) ... ok
test_payload_rendered_briefing_is_not_a_dispatch_prompt_budget (tests.i18n.test_contextual_lane_manifest.LaneManifestTests.test_payload_rendered_briefing_is_not_a_dispatch_prompt_budget) ... ok
test_public_check_rejects_lone_surrogate_without_traceback (tests.i18n.test_contextual_lane_manifest.LaneManifestTests.test_public_check_rejects_lone_surrogate_without_traceback) ... ok
test_public_check_rejects_noncanonical_lane_envelope_bytes (tests.i18n.test_contextual_lane_manifest.LaneManifestTests.test_public_check_rejects_noncanonical_lane_envelope_bytes) ... ok
test_symlink_check_and_idempotent_write (tests.i18n.test_contextual_lane_manifest.LaneManifestTests.test_symlink_check_and_idempotent_write) ... ok
test_symlinked_publication_ancestor_is_rejected_before_write (tests.i18n.test_contextual_lane_manifest.LaneManifestTests.test_symlinked_publication_ancestor_is_rejected_before_write) ... ok

----------------------------------------------------------------------
Ran 131 tests in 1.392s

OK
