{"argv": ["python3", "-B", "tools/orchestration/run_batch_steps.py", "contextual-adjudication-chain", "--input", ".artifacts/i18n/continuation-20260923/review389-contextual-index.json", "--spec", ".artifacts/i18n/continuation-20260923/review389-host-decisions.json", "--output", ".artifacts/i18n/adjudication-chain/review389-20261003-attempt01.json", "--source-root", ".artifacts/i18n/continuation-20260923/review389-source-root"], "started_at": "2026-10-03T17:12:45.528496+00:00", "finished_at": "2026-10-03T17:15:32.736713+00:00", "wall_seconds": 167.2082146470202, "exit_code": 0, "log_path": ".artifacts/i18n/continuation-20260923/review389-adjudication-chain.log"}
claim-unit-tests.log)
PASS  04-semantic-claims-strict-registry (log: /workspace/tome4-chinese-translation/.artifacts/i18n/ci-gates/run.dwwaro3f/04-semantic-claims-strict-registry.log)
PASS  05-contract-suite-unit-tests (log: /workspace/tome4-chinese-translation/.artifacts/i18n/ci-gates/run.dwwaro3f/05-contract-suite-unit-tests.log)
PASS  05-production-shadow-surface-ledger-tests (log: /workspace/tome4-chinese-translation/.artifacts/i18n/ci-gates/run.dwwaro3f/05-production-shadow-surface-ledger-tests.log)
PASS  06-runtime-collision-scan (log: /workspace/tome4-chinese-translation/.artifacts/i18n/ci-gates/run.dwwaro3f/06-runtime-collision-scan.log)
PASS  07-runtime-key-classification (log: /workspace/tome4-chinese-translation/.artifacts/i18n/ci-gates/run.dwwaro3f/07-runtime-key-classification.log)
PASS  08-terminology-static-audit (log: /workspace/tome4-chinese-translation/.artifacts/i18n/ci-gates/run.dwwaro3f/08-terminology-static-audit.log)
PASS  09-terminology-dynamic-audit (log: /workspace/tome4-chinese-translation/.artifacts/i18n/ci-gates/run.dwwaro3f/09-terminology-dynamic-audit.log)
PASS  10-domain-annotation (log: /workspace/tome4-chinese-translation/.artifacts/i18n/ci-gates/run.dwwaro3f/10-domain-annotation.log)
PASS  11-worktree-whitespace (log: /workspace/tome4-chinese-translation/.artifacts/i18n/ci-gates/run.dwwaro3f/11-worktree-whitespace.log)
PASS  11-staged-whitespace (log: /workspace/tome4-chinese-translation/.artifacts/i18n/ci-gates/run.dwwaro3f/11-staged-whitespace.log)
PASS  12-core-addon-build (log: /workspace/tome4-chinese-translation/.artifacts/i18n/ci-gates/run.dwwaro3f/12-core-addon-build.log)
ALL GATES PASSED
--- prepare-evidence: exit=0 elapsed=162.8s projections=0 projection_elapsed=0.0s
{
  "batch_id": "batch-8ddbfa00da4d0d50cdaa",
  "ok": true,
  "prospective": "/workspace/tome4-chinese-translation/.artifacts/i18n/production-review-v2-lite/prospective/evidence/production-review-v2-lite/batches/batch-8ddbfa00da4d0d50cdaa",
  "results": 80
}

