{"ambiguous":0,"artifact":"/workspace/tome4-chinese-translation/.artifacts/i18n/placeholder-spacing-20261001/migration.json","base_commit":"a2a2d6b78682de7053383c603687f33554a2bf24","dispositions":{"revision_changed":390,"unchanged":29438},"migration_id":"893816953fb4dfcf0b6976590fd467f11d00fe83abb7f6590db1f1cb48bf36b7","new_catalog_id":"c88df57ccaac855978d5f6b71e7e004deb1fa71f3b81c10334a8e11df2fcdd3b","new_counts":{"entry_count":29828,"exclusion_count":480,"occurrence_count":30308},"ok":true,"old_catalog_id":"34b6eb1b93d977a0919cb2f67967632f079c88904afd5992e602b9d5587e9ecf","old_counts":{"entry_count":29828,"exclusion_count":480,"occurrence_count":30308},"target_path":"evidence/production-review-v2-lite/migrations/893816953fb4dfcf0b6976590fd467f11d00fe83abb7f6590db1f1cb48bf36b7.json","unmapped":0}{"ambiguous":0,"artifact":".artifacts/i18n/placeholder-spacing-20261001/migration.json","base_commit":"a2a2d6b78682de7053383c603687f33554a2bf24","dispositions":{"revision_changed":390,"unchanged":29438},"migration_id":"893816953fb4dfcf0b6976590fd467f11d00fe83abb7f6590db1f1cb48bf36b7","new_catalog_id":"c88df57ccaac855978d5f6b71e7e004deb1fa71f3b81c10334a8e11df2fcdd3b","new_counts":{"entry_count":29828,"exclusion_count":480,"occurrence_count":30308},"ok":true,"old_catalog_id":"34b6eb1b93d977a0919cb2f67967632f079c88904afd5992e602b9d5587e9ecf","old_counts":{"entry_count":29828,"exclusion_count":480,"occurrence_count":30308},"target_path":"evidence/production-review-v2-lite/migrations/893816953fb4dfcf0b6976590fd467f11d00fe83abb7f6590db1f1cb48bf36b7.json","unmapped":0}{"ambiguous":0,"applied":true,"base_commit":"a2a2d6b78682de7053383c603687f33554a2bf24","dispositions":{"revision_changed":390,"unchanged":29438},"migration_id":"893816953fb4dfcf0b6976590fd467f11d00fe83abb7f6590db1f1cb48bf36b7","new_catalog_id":"c88df57ccaac855978d5f6b71e7e004deb1fa71f3b81c10334a8e11df2fcdd3b","new_counts":{"entry_count":29828,"exclusion_count":480,"occurrence_count":30308},"ok":true,"old_catalog_id":"34b6eb1b93d977a0919cb2f67967632f079c88904afd5992e602b9d5587e9ecf","old_counts":{"entry_count":29828,"exclusion_count":480,"occurrence_count":30308},"queued_successors":390,"target_path":"evidence/production-review-v2-lite/migrations/893816953fb4dfcf0b6976590fd467f11d00fe83abb7f6590db1f1cb48bf36b7.json","unmapped":0}{
  "active_writer": true,
  "catalog_id": "34b6eb1b93d977a0919cb2f67967632f079c88904afd5992e602b9d5587e9ecf",
  "evidence_head": "a2a2d6b78682de7053383c603687f33554a2bf24",
  "explicit_overrides": {
    "blocked": 14,
    "done": 29811
  },
  "implicit_queued": 3,
  "ok": true,
  "override_basis": "sqlite_state_codes",
  "progress": {
    "basis": "committed_evidence",
    "classification": [
      {
        "count": 0,
        "deep_reviewed": false,
        "historical_revision_invalidated": false,
        "pending_repair": false,
        "surface_covered": false
      },
      {
        "count": 3,
        "deep_reviewed": false,
        "historical_revision_invalidated": true,
        "pending_repair": false,
        "surface_covered": false
      },
      {
        "count": 0,
        "deep_reviewed": false,
        "historical_revision_invalidated": false,
        "pending_repair": true,
        "surface_covered": false
      },
      {
        "count": 0,
        "deep_reviewed": false,
        "historical_revision_invalidated": true,
        "pending_repair": true,
        "surface_covered": false
      },
      {
        "count": 0,
        "deep_reviewed": true,
        "historical_revision_invalidated": false,
        "pending_repair": false,
        "surface_covered": false
      },
      {
        "count": 0,
        "deep_reviewed": true,
        "historical_revision_invalidated": true,
        "pending_repair": false,
        "surface_covered": false
      },
      {
        "count": 0,
        "deep_reviewed": true,
        "historical_revision_invalidated": false,
        "pending_repair": true,
        "surface_covered": false
      },
      {
        "count": 0,
        "deep_reviewed": true,
        "historical_revision_invalidated": true,
        "pending_repair": true,
        "surface_covered": false
      },
      {
        "count": 26237,
        "deep_reviewed": false,
        "historical_revision_invalidated": false,
        "pending_repair": false,
        "surface_covered": true
      },
      {
        "count": 2482,
        "deep_reviewed": false,
        "historical_revision_invalidated": true,
        "pending_repair": false,
        "surface_covered": true
      },
      {
        "count": 0,
        "deep_reviewed": false,
        "historical_revision_invalidated": false,
        "pending_repair": true,
        "surface_covered": true
      },
      {
        "count": 0,
        "deep_reviewed": false,
        "historical_revision_invalidated": true,
        "pending_repair": true,
        "surface_covered": true
      },
      {
        "count": 961,
        "deep_reviewed": true,
        "historical_revision_invalidated": false,
        "pending_repair": false,
        "surface_covered": true
      },
      {
        "count": 145,
        "deep_reviewed": true,
        "historical_revision_invalidated": true,
        "pending_repair": false,
        "surface_covered": true
      },
      {
        "count": 0,
        "deep_reviewed": true,
        "historical_revision_invalidated": false,
        "pending_repair": true,
        "surface_covered": true
      },
      {
        "count": 0,
        "deep_reviewed": true,
        "historical_revision_invalidated": true,
        "pending_repair": true,
        "surface_covered": true
      }
    ],
    "committed_done_by_completion_level": {
      "deep_reviewed": 1098,
      "surface_only": 28713
    },
    "eligible": 29828,
    "invalidated_without_current_review": 3,
    "metrics": {
      "deep_reviewed": {
        "count": 1106,
        "denominator": 29828,
        "ratio": 0.03707925439184659
      },
      "historical_revision_invalidated": {
        "count": 2630,
        "denominator": 29828,
        "ratio": 0.08817218720665147
      },
      "pending_repair": {
        "count": 0,
        "denominator": 29828,
        "ratio": 0.0
      },
      "surface_covered": {
        "count": 29825,
        "denominator": 29828,
        "ratio": 0.9998994233606008
      }
    }
  },
  "reconciliation_count": 29828
}
{
  "bytes": 35320204,
  "catalog_id": "c88df57ccaac855978d5f6b71e7e004deb1fa71f3b81c10334a8e11df2fcdd3b",
  "directory": ".artifacts/i18n/placeholder-spacing-20261001/candidate-catalog",
  "entries": 29828,
  "exclusions": 480,
  "occurrences": 30308
}
