{"ambiguous":0,"artifact":"/workspace/tome4-chinese-translation/.artifacts/i18n/repair-window/window38-20260926-migration.json","base_commit":"e34291e7ae890b3f4af1bc0a62b823732d018e2a","dispositions":{"revision_changed":24,"unchanged":29804},"migration_id":"c67c525de5411f674069c31420a67d1c370a3f820cb84f90aeb755ecbec7d57b","new_catalog_id":"d2b34cb7355c28f94293a3c5665fc46c0d61d3e06251d83b6f01dc42aef39441","new_counts":{"entry_count":29828,"exclusion_count":480,"occurrence_count":30308},"ok":true,"old_catalog_id":"00d4950120d06e517727b73e5cd17ce47185a5765a9956a2dfc891cb10baf235","old_counts":{"entry_count":29828,"exclusion_count":480,"occurrence_count":30308},"target_path":"evidence/production-review-v2-lite/migrations/c67c525de5411f674069c31420a67d1c370a3f820cb84f90aeb755ecbec7d57b.json","unmapped":0}{"ambiguous":0,"artifact":".artifacts/i18n/repair-window/window38-20260926-migration.json","base_commit":"e34291e7ae890b3f4af1bc0a62b823732d018e2a","dispositions":{"revision_changed":24,"unchanged":29804},"migration_id":"c67c525de5411f674069c31420a67d1c370a3f820cb84f90aeb755ecbec7d57b","new_catalog_id":"d2b34cb7355c28f94293a3c5665fc46c0d61d3e06251d83b6f01dc42aef39441","new_counts":{"entry_count":29828,"exclusion_count":480,"occurrence_count":30308},"ok":true,"old_catalog_id":"00d4950120d06e517727b73e5cd17ce47185a5765a9956a2dfc891cb10baf235","old_counts":{"entry_count":29828,"exclusion_count":480,"occurrence_count":30308},"target_path":"evidence/production-review-v2-lite/migrations/c67c525de5411f674069c31420a67d1c370a3f820cb84f90aeb755ecbec7d57b.json","unmapped":0}{"ambiguous":0,"applied":true,"base_commit":"e34291e7ae890b3f4af1bc0a62b823732d018e2a","dispositions":{"revision_changed":24,"unchanged":29804},"migration_id":"c67c525de5411f674069c31420a67d1c370a3f820cb84f90aeb755ecbec7d57b","new_catalog_id":"d2b34cb7355c28f94293a3c5665fc46c0d61d3e06251d83b6f01dc42aef39441","new_counts":{"entry_count":29828,"exclusion_count":480,"occurrence_count":30308},"ok":true,"old_catalog_id":"00d4950120d06e517727b73e5cd17ce47185a5765a9956a2dfc891cb10baf235","old_counts":{"entry_count":29828,"exclusion_count":480,"occurrence_count":30308},"queued_successors":24,"target_path":"evidence/production-review-v2-lite/migrations/c67c525de5411f674069c31420a67d1c370a3f820cb84f90aeb755ecbec7d57b.json","unmapped":0}{
  "active_writer": true,
  "catalog_id": "00d4950120d06e517727b73e5cd17ce47185a5765a9956a2dfc891cb10baf235",
  "evidence_head": "e34291e7ae890b3f4af1bc0a62b823732d018e2a",
  "explicit_overrides": {
    "blocked": 45,
    "done": 27128,
    "repair_required": 25
  },
  "implicit_queued": 2630,
  "ok": true,
  "override_basis": "sqlite_state_codes",
  "progress": {
    "basis": "committed_evidence",
    "classification": [
      {
        "count": 2612,
        "deep_reviewed": false,
        "historical_revision_invalidated": false,
        "pending_repair": false,
        "surface_covered": false
      },
      {
        "count": 18,
        "deep_reviewed": false,
        "historical_revision_invalidated": true,
        "pending_repair": false,
        "surface_covered": false
      },
      {
        "count": 0,
        "deep_reviewed": false,
        "historical_revision_invalidated": false,
        "pending_repair": true,
        "surface_covered": false
      },
      {
        "count": 0,
        "deep_reviewed": false,
        "historical_revision_invalidated": true,
        "pending_repair": true,
        "surface_covered": false
      },
      {
        "count": 0,
        "deep_reviewed": true,
        "historical_revision_invalidated": false,
        "pending_repair": false,
        "surface_covered": false
      },
      {
        "count": 0,
        "deep_reviewed": true,
        "historical_revision_invalidated": true,
        "pending_repair": false,
        "surface_covered": false
      },
      {
        "count": 0,
        "deep_reviewed": true,
        "historical_revision_invalidated": false,
        "pending_repair": true,
        "surface_covered": false
      },
      {
        "count": 0,
        "deep_reviewed": true,
        "historical_revision_invalidated": true,
        "pending_repair": true,
        "surface_covered": false
      },
      {
        "count": 24311,
        "deep_reviewed": false,
        "historical_revision_invalidated": false,
        "pending_repair": false,
        "surface_covered": true
      },
      {
        "count": 1874,
        "deep_reviewed": false,
        "historical_revision_invalidated": true,
        "pending_repair": false,
        "surface_covered": true
      },
      {
        "count": 0,
        "deep_reviewed": false,
        "historical_revision_invalidated": false,
        "pending_repair": true,
        "surface_covered": true
      },
      {
        "count": 0,
        "deep_reviewed": false,
        "historical_revision_invalidated": true,
        "pending_repair": true,
        "surface_covered": true
      },
      {
        "count": 879,
        "deep_reviewed": true,
        "historical_revision_invalidated": false,
        "pending_repair": false,
        "surface_covered": true
      },
      {
        "count": 109,
        "deep_reviewed": true,
        "historical_revision_invalidated": true,
        "pending_repair": false,
        "surface_covered": true
      },
      {
        "count": 22,
        "deep_reviewed": true,
        "historical_revision_invalidated": false,
        "pending_repair": true,
        "surface_covered": true
      },
      {
        "count": 3,
        "deep_reviewed": true,
        "historical_revision_invalidated": true,
        "pending_repair": true,
        "surface_covered": true
      }
    ],
    "committed_done_by_completion_level": {
      "deep_reviewed": 949,
      "surface_only": 26179
    },
    "eligible": 29828,
    "invalidated_without_current_review": 18,
    "metrics": {
      "deep_reviewed": {
        "count": 1013,
        "denominator": 29828,
        "ratio": 0.0339613785704707
      },
      "historical_revision_invalidated": {
        "count": 2004,
        "denominator": 29828,
        "ratio": 0.06718519511868043
      },
      "pending_repair": {
        "count": 25,
        "denominator": 29828,
        "ratio": 0.0008381386616601851
      },
      "surface_covered": {
        "count": 27198,
        "denominator": 29828,
        "ratio": 0.9118278127933486
      }
    }
  },
  "reconciliation_count": 29828
}
{
  "bytes": 35320072,
  "catalog_id": "d2b34cb7355c28f94293a3c5665fc46c0d61d3e06251d83b6f01dc42aef39441",
  "directory": ".artifacts/i18n/repair-window/window38-20260926-candidate-catalog",
  "entries": 29828,
  "exclusions": 480,
  "occurrences": 30308
}
