{"ambiguous":0,"artifact":"/workspace/tome4-chinese-translation/.artifacts/i18n/repair-window/window36-20260926-migration.json","base_commit":"a2c6c9797cfaec6ddd116935bae921a85448599d","dispositions":{"revision_changed":21,"unchanged":29807},"migration_id":"990fc0dd6fb331b5744ae5ccba7d972b033c93042199e6d8d009365e3c9c6bcc","new_catalog_id":"f0fbe9c67db4794be2c0d6dc6c63bd8e8fee48db4555eafec7a6b677c3c9ce06","new_counts":{"entry_count":29828,"exclusion_count":480,"occurrence_count":30308},"ok":true,"old_catalog_id":"687d896fc3a968806876ac4b4a452316768ed28277e1ffccf8a7ea39574df123","old_counts":{"entry_count":29828,"exclusion_count":480,"occurrence_count":30308},"target_path":"evidence/production-review-v2-lite/migrations/990fc0dd6fb331b5744ae5ccba7d972b033c93042199e6d8d009365e3c9c6bcc.json","unmapped":0}{"ambiguous":0,"artifact":".artifacts/i18n/repair-window/window36-20260926-migration.json","base_commit":"a2c6c9797cfaec6ddd116935bae921a85448599d","dispositions":{"revision_changed":21,"unchanged":29807},"migration_id":"990fc0dd6fb331b5744ae5ccba7d972b033c93042199e6d8d009365e3c9c6bcc","new_catalog_id":"f0fbe9c67db4794be2c0d6dc6c63bd8e8fee48db4555eafec7a6b677c3c9ce06","new_counts":{"entry_count":29828,"exclusion_count":480,"occurrence_count":30308},"ok":true,"old_catalog_id":"687d896fc3a968806876ac4b4a452316768ed28277e1ffccf8a7ea39574df123","old_counts":{"entry_count":29828,"exclusion_count":480,"occurrence_count":30308},"target_path":"evidence/production-review-v2-lite/migrations/990fc0dd6fb331b5744ae5ccba7d972b033c93042199e6d8d009365e3c9c6bcc.json","unmapped":0}{"ambiguous":0,"applied":true,"base_commit":"a2c6c9797cfaec6ddd116935bae921a85448599d","dispositions":{"revision_changed":21,"unchanged":29807},"migration_id":"990fc0dd6fb331b5744ae5ccba7d972b033c93042199e6d8d009365e3c9c6bcc","new_catalog_id":"f0fbe9c67db4794be2c0d6dc6c63bd8e8fee48db4555eafec7a6b677c3c9ce06","new_counts":{"entry_count":29828,"exclusion_count":480,"occurrence_count":30308},"ok":true,"old_catalog_id":"687d896fc3a968806876ac4b4a452316768ed28277e1ffccf8a7ea39574df123","old_counts":{"entry_count":29828,"exclusion_count":480,"occurrence_count":30308},"queued_successors":21,"target_path":"evidence/production-review-v2-lite/migrations/990fc0dd6fb331b5744ae5ccba7d972b033c93042199e6d8d009365e3c9c6bcc.json","unmapped":0}{
  "active_writer": true,
  "catalog_id": "687d896fc3a968806876ac4b4a452316768ed28277e1ffccf8a7ea39574df123",
  "evidence_head": "a2c6c9797cfaec6ddd116935bae921a85448599d",
  "explicit_overrides": {
    "blocked": 45,
    "done": 26377,
    "repair_required": 22
  },
  "implicit_queued": 3384,
  "ok": true,
  "override_basis": "sqlite_state_codes",
  "progress": {
    "basis": "committed_evidence",
    "classification": [
      {
        "count": 3378,
        "deep_reviewed": false,
        "historical_revision_invalidated": false,
        "pending_repair": false,
        "surface_covered": false
      },
      {
        "count": 6,
        "deep_reviewed": false,
        "historical_revision_invalidated": true,
        "pending_repair": false,
        "surface_covered": false
      },
      {
        "count": 0,
        "deep_reviewed": false,
        "historical_revision_invalidated": false,
        "pending_repair": true,
        "surface_covered": false
      },
      {
        "count": 0,
        "deep_reviewed": false,
        "historical_revision_invalidated": true,
        "pending_repair": true,
        "surface_covered": false
      },
      {
        "count": 0,
        "deep_reviewed": true,
        "historical_revision_invalidated": false,
        "pending_repair": false,
        "surface_covered": false
      },
      {
        "count": 0,
        "deep_reviewed": true,
        "historical_revision_invalidated": true,
        "pending_repair": false,
        "surface_covered": false
      },
      {
        "count": 0,
        "deep_reviewed": true,
        "historical_revision_invalidated": false,
        "pending_repair": true,
        "surface_covered": false
      },
      {
        "count": 0,
        "deep_reviewed": true,
        "historical_revision_invalidated": true,
        "pending_repair": true,
        "surface_covered": false
      },
      {
        "count": 23656,
        "deep_reviewed": false,
        "historical_revision_invalidated": false,
        "pending_repair": false,
        "surface_covered": true
      },
      {
        "count": 1844,
        "deep_reviewed": false,
        "historical_revision_invalidated": true,
        "pending_repair": false,
        "surface_covered": true
      },
      {
        "count": 0,
        "deep_reviewed": false,
        "historical_revision_invalidated": false,
        "pending_repair": true,
        "surface_covered": true
      },
      {
        "count": 0,
        "deep_reviewed": false,
        "historical_revision_invalidated": true,
        "pending_repair": true,
        "surface_covered": true
      },
      {
        "count": 814,
        "deep_reviewed": true,
        "historical_revision_invalidated": false,
        "pending_repair": false,
        "surface_covered": true
      },
      {
        "count": 108,
        "deep_reviewed": true,
        "historical_revision_invalidated": true,
        "pending_repair": false,
        "surface_covered": true
      },
      {
        "count": 20,
        "deep_reviewed": true,
        "historical_revision_invalidated": false,
        "pending_repair": true,
        "surface_covered": true
      },
      {
        "count": 2,
        "deep_reviewed": true,
        "historical_revision_invalidated": true,
        "pending_repair": true,
        "surface_covered": true
      }
    ],
    "committed_done_by_completion_level": {
      "deep_reviewed": 883,
      "surface_only": 25494
    },
    "eligible": 29828,
    "invalidated_without_current_review": 6,
    "metrics": {
      "deep_reviewed": {
        "count": 944,
        "denominator": 29828,
        "ratio": 0.03164811586428859
      },
      "historical_revision_invalidated": {
        "count": 1960,
        "denominator": 29828,
        "ratio": 0.06571007107415851
      },
      "pending_repair": {
        "count": 22,
        "denominator": 29828,
        "ratio": 0.0007375620222609628
      },
      "surface_covered": {
        "count": 26444,
        "denominator": 29828,
        "ratio": 0.8865495507576774
      }
    }
  },
  "reconciliation_count": 29828
}
{
  "bytes": 35319783,
  "catalog_id": "f0fbe9c67db4794be2c0d6dc6c63bd8e8fee48db4555eafec7a6b677c3c9ce06",
  "directory": ".artifacts/i18n/repair-window/window36-20260926-candidate-catalog",
  "entries": 29828,
  "exclusions": 480,
  "occurrences": 30308
}
