{"argv": ["python3", "-B", "tools/orchestration/run_batch_steps.py", "contextual-adjudication-chain", "--input", ".artifacts/i18n/continuation-20260923/review347-contextual-index.json", "--spec", ".artifacts/i18n/continuation-20260923/review347-host-decisions.json", "--output", ".artifacts/i18n/adjudication-chain/review347-20260927-attempt01.json", "--source-root", ".artifacts/i18n/continuation-20260923/review347-source-root"], "started_at": "2026-09-27T09:49:15.707153+00:00", "finished_at": "2026-09-27T09:52:08.985937+00:00", "wall_seconds": 173.27878963400144, "exit_code": 0, "log_path": ".artifacts/i18n/continuation-20260923/review347-adjudication-chain.log"}
claim-unit-tests.log)
PASS  04-semantic-claims-strict-registry (log: /workspace/tome4-chinese-translation/.artifacts/i18n/ci-gates/run.fb4isis4/04-semantic-claims-strict-registry.log)
PASS  05-contract-suite-unit-tests (log: /workspace/tome4-chinese-translation/.artifacts/i18n/ci-gates/run.fb4isis4/05-contract-suite-unit-tests.log)
PASS  05-production-shadow-surface-ledger-tests (log: /workspace/tome4-chinese-translation/.artifacts/i18n/ci-gates/run.fb4isis4/05-production-shadow-surface-ledger-tests.log)
PASS  06-runtime-collision-scan (log: /workspace/tome4-chinese-translation/.artifacts/i18n/ci-gates/run.fb4isis4/06-runtime-collision-scan.log)
PASS  07-runtime-key-classification (log: /workspace/tome4-chinese-translation/.artifacts/i18n/ci-gates/run.fb4isis4/07-runtime-key-classification.log)
PASS  08-terminology-static-audit (log: /workspace/tome4-chinese-translation/.artifacts/i18n/ci-gates/run.fb4isis4/08-terminology-static-audit.log)
PASS  09-terminology-dynamic-audit (log: /workspace/tome4-chinese-translation/.artifacts/i18n/ci-gates/run.fb4isis4/09-terminology-dynamic-audit.log)
PASS  10-domain-annotation (log: /workspace/tome4-chinese-translation/.artifacts/i18n/ci-gates/run.fb4isis4/10-domain-annotation.log)
PASS  11-worktree-whitespace (log: /workspace/tome4-chinese-translation/.artifacts/i18n/ci-gates/run.fb4isis4/11-worktree-whitespace.log)
PASS  11-staged-whitespace (log: /workspace/tome4-chinese-translation/.artifacts/i18n/ci-gates/run.fb4isis4/11-staged-whitespace.log)
PASS  12-core-addon-build (log: /workspace/tome4-chinese-translation/.artifacts/i18n/ci-gates/run.fb4isis4/12-core-addon-build.log)
ALL GATES PASSED
--- prepare-evidence: exit=0 elapsed=168.7s projections=0 projection_elapsed=0.0s
{
  "batch_id": "batch-6ba3aed2c3dec5c72216",
  "ok": true,
  "prospective": "/workspace/tome4-chinese-translation/.artifacts/i18n/production-review-v2-lite/prospective/evidence/production-review-v2-lite/batches/batch-6ba3aed2c3dec5c72216",
  "results": 80
}

