{"ambiguous":0,"artifact":"/workspace/tome4-chinese-translation/.artifacts/i18n/repair-window/window45-20260927-migration.json","base_commit":"41dbeade832bbf97b88ad43dc8b3d9b6440bfd14","dispositions":{"revision_changed":27,"unchanged":29801},"migration_id":"2866e76c1a7ebda59d6e5cfeab63713726a5a90aa25f6a6041d4f30c8409ab17","new_catalog_id":"d78ae4f3870aa9ce25dc60a1165755d58d7419c617b6859ad2a3018ca3ad4649","new_counts":{"entry_count":29828,"exclusion_count":480,"occurrence_count":30308},"ok":true,"old_catalog_id":"8a407b557a4a3924bc894e92a8a52148bbf2305bcb3c66951e2701b6672fa271","old_counts":{"entry_count":29828,"exclusion_count":480,"occurrence_count":30308},"target_path":"evidence/production-review-v2-lite/migrations/2866e76c1a7ebda59d6e5cfeab63713726a5a90aa25f6a6041d4f30c8409ab17.json","unmapped":0}{"ambiguous":0,"artifact":".artifacts/i18n/repair-window/window45-20260927-migration.json","base_commit":"41dbeade832bbf97b88ad43dc8b3d9b6440bfd14","dispositions":{"revision_changed":27,"unchanged":29801},"migration_id":"2866e76c1a7ebda59d6e5cfeab63713726a5a90aa25f6a6041d4f30c8409ab17","new_catalog_id":"d78ae4f3870aa9ce25dc60a1165755d58d7419c617b6859ad2a3018ca3ad4649","new_counts":{"entry_count":29828,"exclusion_count":480,"occurrence_count":30308},"ok":true,"old_catalog_id":"8a407b557a4a3924bc894e92a8a52148bbf2305bcb3c66951e2701b6672fa271","old_counts":{"entry_count":29828,"exclusion_count":480,"occurrence_count":30308},"target_path":"evidence/production-review-v2-lite/migrations/2866e76c1a7ebda59d6e5cfeab63713726a5a90aa25f6a6041d4f30c8409ab17.json","unmapped":0}{"ambiguous":0,"applied":true,"base_commit":"41dbeade832bbf97b88ad43dc8b3d9b6440bfd14","dispositions":{"revision_changed":27,"unchanged":29801},"migration_id":"2866e76c1a7ebda59d6e5cfeab63713726a5a90aa25f6a6041d4f30c8409ab17","new_catalog_id":"d78ae4f3870aa9ce25dc60a1165755d58d7419c617b6859ad2a3018ca3ad4649","new_counts":{"entry_count":29828,"exclusion_count":480,"occurrence_count":30308},"ok":true,"old_catalog_id":"8a407b557a4a3924bc894e92a8a52148bbf2305bcb3c66951e2701b6672fa271","old_counts":{"entry_count":29828,"exclusion_count":480,"occurrence_count":30308},"queued_successors":27,"target_path":"evidence/production-review-v2-lite/migrations/2866e76c1a7ebda59d6e5cfeab63713726a5a90aa25f6a6041d4f30c8409ab17.json","unmapped":0}{
  "active_writer": true,
  "catalog_id": "8a407b557a4a3924bc894e92a8a52148bbf2305bcb3c66951e2701b6672fa271",
  "evidence_head": "41dbeade832bbf97b88ad43dc8b3d9b6440bfd14",
  "explicit_overrides": {
    "blocked": 45,
    "done": 29595,
    "repair_required": 25
  },
  "implicit_queued": 163,
  "ok": true,
  "override_basis": "sqlite_state_codes",
  "progress": {
    "basis": "committed_evidence",
    "classification": [
      {
        "count": 147,
        "deep_reviewed": false,
        "historical_revision_invalidated": false,
        "pending_repair": false,
        "surface_covered": false
      },
      {
        "count": 16,
        "deep_reviewed": false,
        "historical_revision_invalidated": true,
        "pending_repair": false,
        "surface_covered": false
      },
      {
        "count": 0,
        "deep_reviewed": false,
        "historical_revision_invalidated": false,
        "pending_repair": true,
        "surface_covered": false
      },
      {
        "count": 0,
        "deep_reviewed": false,
        "historical_revision_invalidated": true,
        "pending_repair": true,
        "surface_covered": false
      },
      {
        "count": 0,
        "deep_reviewed": true,
        "historical_revision_invalidated": false,
        "pending_repair": false,
        "surface_covered": false
      },
      {
        "count": 0,
        "deep_reviewed": true,
        "historical_revision_invalidated": true,
        "pending_repair": false,
        "surface_covered": false
      },
      {
        "count": 0,
        "deep_reviewed": true,
        "historical_revision_invalidated": false,
        "pending_repair": true,
        "surface_covered": false
      },
      {
        "count": 0,
        "deep_reviewed": true,
        "historical_revision_invalidated": true,
        "pending_repair": true,
        "surface_covered": false
      },
      {
        "count": 26444,
        "deep_reviewed": false,
        "historical_revision_invalidated": false,
        "pending_repair": false,
        "surface_covered": true
      },
      {
        "count": 2044,
        "deep_reviewed": false,
        "historical_revision_invalidated": true,
        "pending_repair": false,
        "surface_covered": true
      },
      {
        "count": 0,
        "deep_reviewed": false,
        "historical_revision_invalidated": false,
        "pending_repair": true,
        "surface_covered": true
      },
      {
        "count": 0,
        "deep_reviewed": false,
        "historical_revision_invalidated": true,
        "pending_repair": true,
        "surface_covered": true
      },
      {
        "count": 1038,
        "deep_reviewed": true,
        "historical_revision_invalidated": false,
        "pending_repair": false,
        "surface_covered": true
      },
      {
        "count": 114,
        "deep_reviewed": true,
        "historical_revision_invalidated": true,
        "pending_repair": false,
        "surface_covered": true
      },
      {
        "count": 24,
        "deep_reviewed": true,
        "historical_revision_invalidated": false,
        "pending_repair": true,
        "surface_covered": true
      },
      {
        "count": 1,
        "deep_reviewed": true,
        "historical_revision_invalidated": true,
        "pending_repair": true,
        "surface_covered": true
      }
    ],
    "committed_done_by_completion_level": {
      "deep_reviewed": 1113,
      "surface_only": 28482
    },
    "eligible": 29828,
    "invalidated_without_current_review": 16,
    "metrics": {
      "deep_reviewed": {
        "count": 1177,
        "denominator": 29828,
        "ratio": 0.03945956819096151
      },
      "historical_revision_invalidated": {
        "count": 2175,
        "denominator": 29828,
        "ratio": 0.0729180635644361
      },
      "pending_repair": {
        "count": 25,
        "denominator": 29828,
        "ratio": 0.0008381386616601851
      },
      "surface_covered": {
        "count": 29665,
        "denominator": 29828,
        "ratio": 0.9945353359259755
      }
    }
  },
  "reconciliation_count": 29828
}
{
  "bytes": 35317533,
  "catalog_id": "d78ae4f3870aa9ce25dc60a1165755d58d7419c617b6859ad2a3018ca3ad4649",
  "directory": ".artifacts/i18n/repair-window/window45-20260927-candidate-catalog",
  "entries": 29828,
  "exclusions": 480,
  "occurrences": 30308
}
