{"argv": ["python3", "-B", "tools/orchestration/run_batch_steps.py", "contextual-adjudication-chain", "--input", ".artifacts/i18n/continuation-20260923/review376-contextual-index.json", "--spec", ".artifacts/i18n/continuation-20260923/review376-host-decisions.json", "--output", ".artifacts/i18n/adjudication-chain/review376-20261001-attempt01.json", "--source-root", ".artifacts/i18n/continuation-20260923/review376-source-root"], "started_at": "2026-10-01T02:08:46.615842+00:00", "finished_at": "2026-10-01T02:11:30.177918+00:00", "wall_seconds": 163.56207686598646, "exit_code": 0, "log_path": ".artifacts/i18n/continuation-20260923/review376-adjudication-chain.log"}
claim-unit-tests.log)
PASS  04-semantic-claims-strict-registry (log: /workspace/tome4-chinese-translation/.artifacts/i18n/ci-gates/run.0ytzrgqv/04-semantic-claims-strict-registry.log)
PASS  05-contract-suite-unit-tests (log: /workspace/tome4-chinese-translation/.artifacts/i18n/ci-gates/run.0ytzrgqv/05-contract-suite-unit-tests.log)
PASS  05-production-shadow-surface-ledger-tests (log: /workspace/tome4-chinese-translation/.artifacts/i18n/ci-gates/run.0ytzrgqv/05-production-shadow-surface-ledger-tests.log)
PASS  06-runtime-collision-scan (log: /workspace/tome4-chinese-translation/.artifacts/i18n/ci-gates/run.0ytzrgqv/06-runtime-collision-scan.log)
PASS  07-runtime-key-classification (log: /workspace/tome4-chinese-translation/.artifacts/i18n/ci-gates/run.0ytzrgqv/07-runtime-key-classification.log)
PASS  08-terminology-static-audit (log: /workspace/tome4-chinese-translation/.artifacts/i18n/ci-gates/run.0ytzrgqv/08-terminology-static-audit.log)
PASS  09-terminology-dynamic-audit (log: /workspace/tome4-chinese-translation/.artifacts/i18n/ci-gates/run.0ytzrgqv/09-terminology-dynamic-audit.log)
PASS  10-domain-annotation (log: /workspace/tome4-chinese-translation/.artifacts/i18n/ci-gates/run.0ytzrgqv/10-domain-annotation.log)
PASS  11-worktree-whitespace (log: /workspace/tome4-chinese-translation/.artifacts/i18n/ci-gates/run.0ytzrgqv/11-worktree-whitespace.log)
PASS  11-staged-whitespace (log: /workspace/tome4-chinese-translation/.artifacts/i18n/ci-gates/run.0ytzrgqv/11-staged-whitespace.log)
PASS  12-core-addon-build (log: /workspace/tome4-chinese-translation/.artifacts/i18n/ci-gates/run.0ytzrgqv/12-core-addon-build.log)
ALL GATES PASSED
--- prepare-evidence: exit=0 elapsed=159.2s projections=0 projection_elapsed=0.0s
{
  "batch_id": "batch-93dd0d869b4d3e8058dc",
  "ok": true,
  "prospective": "/workspace/tome4-chinese-translation/.artifacts/i18n/production-review-v2-lite/prospective/evidence/production-review-v2-lite/batches/batch-93dd0d869b4d3e8058dc",
  "results": 80
}

