{"ambiguous":0,"artifact":"/workspace/tome4-chinese-translation/.artifacts/i18n/reaudit-20261005/migration.json","base_commit":"e1e6425cd0edc17355814e5c0ed9ae6280a47090","dispositions":{"revision_changed":494,"unchanged":29334},"migration_id":"87fb68827c99166a0acf620f53072ff06efd65dbaefa74de7db74a537a85d01e","new_catalog_id":"47745eccd033aa7f5e082751190f5e86788685412abdc5b37eebd6173d44cf36","new_counts":{"entry_count":29828,"exclusion_count":480,"occurrence_count":30308},"ok":true,"old_catalog_id":"fa20187008d51eaab572200028302cc7cfdf7bc69a16a4270d1f71013db6bff4","old_counts":{"entry_count":29828,"exclusion_count":480,"occurrence_count":30308},"target_path":"evidence/production-review-v2-lite/migrations/87fb68827c99166a0acf620f53072ff06efd65dbaefa74de7db74a537a85d01e.json","unmapped":0}{"ambiguous":0,"artifact":".artifacts/i18n/reaudit-20261005/migration.json","base_commit":"e1e6425cd0edc17355814e5c0ed9ae6280a47090","dispositions":{"revision_changed":494,"unchanged":29334},"migration_id":"87fb68827c99166a0acf620f53072ff06efd65dbaefa74de7db74a537a85d01e","new_catalog_id":"47745eccd033aa7f5e082751190f5e86788685412abdc5b37eebd6173d44cf36","new_counts":{"entry_count":29828,"exclusion_count":480,"occurrence_count":30308},"ok":true,"old_catalog_id":"fa20187008d51eaab572200028302cc7cfdf7bc69a16a4270d1f71013db6bff4","old_counts":{"entry_count":29828,"exclusion_count":480,"occurrence_count":30308},"target_path":"evidence/production-review-v2-lite/migrations/87fb68827c99166a0acf620f53072ff06efd65dbaefa74de7db74a537a85d01e.json","unmapped":0}{"ambiguous":0,"applied":true,"base_commit":"e1e6425cd0edc17355814e5c0ed9ae6280a47090","dispositions":{"revision_changed":494,"unchanged":29334},"migration_id":"87fb68827c99166a0acf620f53072ff06efd65dbaefa74de7db74a537a85d01e","new_catalog_id":"47745eccd033aa7f5e082751190f5e86788685412abdc5b37eebd6173d44cf36","new_counts":{"entry_count":29828,"exclusion_count":480,"occurrence_count":30308},"ok":true,"old_catalog_id":"fa20187008d51eaab572200028302cc7cfdf7bc69a16a4270d1f71013db6bff4","old_counts":{"entry_count":29828,"exclusion_count":480,"occurrence_count":30308},"queued_successors":494,"target_path":"evidence/production-review-v2-lite/migrations/87fb68827c99166a0acf620f53072ff06efd65dbaefa74de7db74a537a85d01e.json","unmapped":0}{
  "active_writer": true,
  "catalog_id": "fa20187008d51eaab572200028302cc7cfdf7bc69a16a4270d1f71013db6bff4",
  "evidence_head": "e1e6425cd0edc17355814e5c0ed9ae6280a47090",
  "explicit_overrides": {
    "blocked": 17,
    "done": 29811
  },
  "implicit_queued": 0,
  "ok": true,
  "override_basis": "sqlite_state_codes",
  "progress": {
    "basis": "committed_evidence",
    "classification": [
      {
        "count": 0,
        "deep_reviewed": false,
        "historical_revision_invalidated": false,
        "pending_repair": false,
        "surface_covered": false
      },
      {
        "count": 0,
        "deep_reviewed": false,
        "historical_revision_invalidated": true,
        "pending_repair": false,
        "surface_covered": false
      },
      {
        "count": 0,
        "deep_reviewed": false,
        "historical_revision_invalidated": false,
        "pending_repair": true,
        "surface_covered": false
      },
      {
        "count": 0,
        "deep_reviewed": false,
        "historical_revision_invalidated": true,
        "pending_repair": true,
        "surface_covered": false
      },
      {
        "count": 0,
        "deep_reviewed": true,
        "historical_revision_invalidated": false,
        "pending_repair": false,
        "surface_covered": false
      },
      {
        "count": 0,
        "deep_reviewed": true,
        "historical_revision_invalidated": true,
        "pending_repair": false,
        "surface_covered": false
      },
      {
        "count": 0,
        "deep_reviewed": true,
        "historical_revision_invalidated": false,
        "pending_repair": true,
        "surface_covered": false
      },
      {
        "count": 0,
        "deep_reviewed": true,
        "historical_revision_invalidated": true,
        "pending_repair": true,
        "surface_covered": false
      },
      {
        "count": 25245,
        "deep_reviewed": false,
        "historical_revision_invalidated": false,
        "pending_repair": false,
        "surface_covered": true
      },
      {
        "count": 3583,
        "deep_reviewed": false,
        "historical_revision_invalidated": true,
        "pending_repair": false,
        "surface_covered": true
      },
      {
        "count": 0,
        "deep_reviewed": false,
        "historical_revision_invalidated": false,
        "pending_repair": true,
        "surface_covered": true
      },
      {
        "count": 0,
        "deep_reviewed": false,
        "historical_revision_invalidated": true,
        "pending_repair": true,
        "surface_covered": true
      },
      {
        "count": 860,
        "deep_reviewed": true,
        "historical_revision_invalidated": false,
        "pending_repair": false,
        "surface_covered": true
      },
      {
        "count": 140,
        "deep_reviewed": true,
        "historical_revision_invalidated": true,
        "pending_repair": false,
        "surface_covered": true
      },
      {
        "count": 0,
        "deep_reviewed": true,
        "historical_revision_invalidated": false,
        "pending_repair": true,
        "surface_covered": true
      },
      {
        "count": 0,
        "deep_reviewed": true,
        "historical_revision_invalidated": true,
        "pending_repair": true,
        "surface_covered": true
      }
    ],
    "committed_done_by_completion_level": {
      "deep_reviewed": 994,
      "surface_only": 28817
    },
    "eligible": 29828,
    "invalidated_without_current_review": 0,
    "metrics": {
      "deep_reviewed": {
        "count": 1000,
        "denominator": 29828,
        "ratio": 0.0335255464664074
      },
      "historical_revision_invalidated": {
        "count": 3723,
        "denominator": 29828,
        "ratio": 0.12481560949443476
      },
      "pending_repair": {
        "count": 0,
        "denominator": 29828,
        "ratio": 0.0
      },
      "surface_covered": {
        "count": 29828,
        "denominator": 29828,
        "ratio": 1.0
      }
    }
  },
  "reconciliation_count": 29828
}
{
  "bytes": 35308783,
  "catalog_id": "47745eccd033aa7f5e082751190f5e86788685412abdc5b37eebd6173d44cf36",
  "directory": ".artifacts/i18n/reaudit-20261005/candidate-catalog",
  "entries": 29828,
  "exclusions": 480,
  "occurrences": 30308
}
