{"argv": ["python3", "-B", "tools/orchestration/run_batch_steps.py", "contextual-adjudication-chain", "--input", ".artifacts/i18n/continuation-20260923/review396-contextual-index.json", "--spec", ".artifacts/i18n/continuation-20260923/review396-host-decisions.json", "--output", ".artifacts/i18n/adjudication-chain/review396-20261004-attempt01.json", "--source-root", ".artifacts/i18n/continuation-20260923/review396-source-root"], "started_at": "2026-10-04T01:04:56.450021+00:00", "finished_at": "2026-10-04T01:07:46.160473+00:00", "wall_seconds": 169.71045080799377, "exit_code": 0, "log_path": ".artifacts/i18n/continuation-20260923/review396-adjudication-chain.log"}
claim-unit-tests.log)
PASS  04-semantic-claims-strict-registry (log: /workspace/tome4-chinese-translation/.artifacts/i18n/ci-gates/run.7w3423ot/04-semantic-claims-strict-registry.log)
PASS  05-contract-suite-unit-tests (log: /workspace/tome4-chinese-translation/.artifacts/i18n/ci-gates/run.7w3423ot/05-contract-suite-unit-tests.log)
PASS  05-production-shadow-surface-ledger-tests (log: /workspace/tome4-chinese-translation/.artifacts/i18n/ci-gates/run.7w3423ot/05-production-shadow-surface-ledger-tests.log)
PASS  06-runtime-collision-scan (log: /workspace/tome4-chinese-translation/.artifacts/i18n/ci-gates/run.7w3423ot/06-runtime-collision-scan.log)
PASS  07-runtime-key-classification (log: /workspace/tome4-chinese-translation/.artifacts/i18n/ci-gates/run.7w3423ot/07-runtime-key-classification.log)
PASS  08-terminology-static-audit (log: /workspace/tome4-chinese-translation/.artifacts/i18n/ci-gates/run.7w3423ot/08-terminology-static-audit.log)
PASS  09-terminology-dynamic-audit (log: /workspace/tome4-chinese-translation/.artifacts/i18n/ci-gates/run.7w3423ot/09-terminology-dynamic-audit.log)
PASS  10-domain-annotation (log: /workspace/tome4-chinese-translation/.artifacts/i18n/ci-gates/run.7w3423ot/10-domain-annotation.log)
PASS  11-worktree-whitespace (log: /workspace/tome4-chinese-translation/.artifacts/i18n/ci-gates/run.7w3423ot/11-worktree-whitespace.log)
PASS  11-staged-whitespace (log: /workspace/tome4-chinese-translation/.artifacts/i18n/ci-gates/run.7w3423ot/11-staged-whitespace.log)
PASS  12-core-addon-build (log: /workspace/tome4-chinese-translation/.artifacts/i18n/ci-gates/run.7w3423ot/12-core-addon-build.log)
ALL GATES PASSED
--- prepare-evidence: exit=0 elapsed=165.3s projections=0 projection_elapsed=0.0s
{
  "batch_id": "batch-24e16a565d59243f9467",
  "ok": true,
  "prospective": "/workspace/tome4-chinese-translation/.artifacts/i18n/production-review-v2-lite/prospective/evidence/production-review-v2-lite/batches/batch-24e16a565d59243f9467",
  "results": 11
}

