{"argv": ["python3", "-B", "tools/orchestration/run_batch_steps.py", "contextual-adjudication-chain", "--input", ".artifacts/i18n/continuation-20260923/review304-contextual-index.json", "--spec", ".artifacts/i18n/continuation-20260923/review304-host-decisions.json", "--output", ".artifacts/i18n/adjudication-chain/review304-20260926-attempt01.json", "--source-root", ".artifacts/i18n/continuation-20260923/review304-source-root"], "started_at": "2026-09-26T07:19:40.529015+00:00", "finished_at": "2026-09-26T07:22:30.142255+00:00", "wall_seconds": 169.61323837199598, "exit_code": 0, "log_path": ".artifacts/i18n/continuation-20260923/review304-adjudication-chain.log"}
claim-unit-tests.log)
PASS  04-semantic-claims-strict-registry (log: /workspace/tome4-chinese-translation/.artifacts/i18n/ci-gates/run.woz1xzdf/04-semantic-claims-strict-registry.log)
PASS  05-contract-suite-unit-tests (log: /workspace/tome4-chinese-translation/.artifacts/i18n/ci-gates/run.woz1xzdf/05-contract-suite-unit-tests.log)
PASS  05-production-shadow-surface-ledger-tests (log: /workspace/tome4-chinese-translation/.artifacts/i18n/ci-gates/run.woz1xzdf/05-production-shadow-surface-ledger-tests.log)
PASS  06-runtime-collision-scan (log: /workspace/tome4-chinese-translation/.artifacts/i18n/ci-gates/run.woz1xzdf/06-runtime-collision-scan.log)
PASS  07-runtime-key-classification (log: /workspace/tome4-chinese-translation/.artifacts/i18n/ci-gates/run.woz1xzdf/07-runtime-key-classification.log)
PASS  08-terminology-static-audit (log: /workspace/tome4-chinese-translation/.artifacts/i18n/ci-gates/run.woz1xzdf/08-terminology-static-audit.log)
PASS  09-terminology-dynamic-audit (log: /workspace/tome4-chinese-translation/.artifacts/i18n/ci-gates/run.woz1xzdf/09-terminology-dynamic-audit.log)
PASS  10-domain-annotation (log: /workspace/tome4-chinese-translation/.artifacts/i18n/ci-gates/run.woz1xzdf/10-domain-annotation.log)
PASS  11-worktree-whitespace (log: /workspace/tome4-chinese-translation/.artifacts/i18n/ci-gates/run.woz1xzdf/11-worktree-whitespace.log)
PASS  11-staged-whitespace (log: /workspace/tome4-chinese-translation/.artifacts/i18n/ci-gates/run.woz1xzdf/11-staged-whitespace.log)
PASS  12-core-addon-build (log: /workspace/tome4-chinese-translation/.artifacts/i18n/ci-gates/run.woz1xzdf/12-core-addon-build.log)
ALL GATES PASSED
--- prepare-evidence: exit=0 elapsed=165.2s projections=0 projection_elapsed=0.0s
{
  "batch_id": "batch-d3c1ad725b3e20176046",
  "ok": true,
  "prospective": "/workspace/tome4-chinese-translation/.artifacts/i18n/production-review-v2-lite/prospective/evidence/production-review-v2-lite/batches/batch-d3c1ad725b3e20176046",
  "results": 80
}

