{"ambiguous":0,"artifact":"/workspace/tome4-chinese-translation/.artifacts/i18n/repair-window/window30-20260925-migration.json","base_commit":"941824e9642823b8a3575eee10bea5217be2afc5","dispositions":{"revision_changed":23,"unchanged":29805},"migration_id":"daf1db308df9338220de2ec659ddb41f69cbf7de75601f44d95dc1b20787baf8","new_catalog_id":"274ebb14863a03c5b126f0e6eae11007566251a2abf907c975d715c6523b4a54","new_counts":{"entry_count":29828,"exclusion_count":480,"occurrence_count":30308},"ok":true,"old_catalog_id":"595fa838eb8ae17f3d022c0f3cf9ab9af48eebe6ad7f4ea04160d51a255c1c8f","old_counts":{"entry_count":29828,"exclusion_count":480,"occurrence_count":30308},"target_path":"evidence/production-review-v2-lite/migrations/daf1db308df9338220de2ec659ddb41f69cbf7de75601f44d95dc1b20787baf8.json","unmapped":0}{"ambiguous":0,"artifact":".artifacts/i18n/repair-window/window30-20260925-migration.json","base_commit":"941824e9642823b8a3575eee10bea5217be2afc5","dispositions":{"revision_changed":23,"unchanged":29805},"migration_id":"daf1db308df9338220de2ec659ddb41f69cbf7de75601f44d95dc1b20787baf8","new_catalog_id":"274ebb14863a03c5b126f0e6eae11007566251a2abf907c975d715c6523b4a54","new_counts":{"entry_count":29828,"exclusion_count":480,"occurrence_count":30308},"ok":true,"old_catalog_id":"595fa838eb8ae17f3d022c0f3cf9ab9af48eebe6ad7f4ea04160d51a255c1c8f","old_counts":{"entry_count":29828,"exclusion_count":480,"occurrence_count":30308},"target_path":"evidence/production-review-v2-lite/migrations/daf1db308df9338220de2ec659ddb41f69cbf7de75601f44d95dc1b20787baf8.json","unmapped":0}{"ambiguous":0,"applied":true,"base_commit":"941824e9642823b8a3575eee10bea5217be2afc5","dispositions":{"revision_changed":23,"unchanged":29805},"migration_id":"daf1db308df9338220de2ec659ddb41f69cbf7de75601f44d95dc1b20787baf8","new_catalog_id":"274ebb14863a03c5b126f0e6eae11007566251a2abf907c975d715c6523b4a54","new_counts":{"entry_count":29828,"exclusion_count":480,"occurrence_count":30308},"ok":true,"old_catalog_id":"595fa838eb8ae17f3d022c0f3cf9ab9af48eebe6ad7f4ea04160d51a255c1c8f","old_counts":{"entry_count":29828,"exclusion_count":480,"occurrence_count":30308},"queued_successors":23,"target_path":"evidence/production-review-v2-lite/migrations/daf1db308df9338220de2ec659ddb41f69cbf7de75601f44d95dc1b20787baf8.json","unmapped":0}{
  "active_writer": true,
  "catalog_id": "595fa838eb8ae17f3d022c0f3cf9ab9af48eebe6ad7f4ea04160d51a255c1c8f",
  "evidence_head": "941824e9642823b8a3575eee10bea5217be2afc5",
  "explicit_overrides": {
    "blocked": 43,
    "done": 24681,
    "repair_required": 24
  },
  "implicit_queued": 5080,
  "ok": true,
  "override_basis": "sqlite_state_codes",
  "progress": {
    "basis": "committed_evidence",
    "classification": [
      {
        "count": 5075,
        "deep_reviewed": false,
        "historical_revision_invalidated": false,
        "pending_repair": false,
        "surface_covered": false
      },
      {
        "count": 5,
        "deep_reviewed": false,
        "historical_revision_invalidated": true,
        "pending_repair": false,
        "surface_covered": false
      },
      {
        "count": 0,
        "deep_reviewed": false,
        "historical_revision_invalidated": false,
        "pending_repair": true,
        "surface_covered": false
      },
      {
        "count": 0,
        "deep_reviewed": false,
        "historical_revision_invalidated": true,
        "pending_repair": true,
        "surface_covered": false
      },
      {
        "count": 0,
        "deep_reviewed": true,
        "historical_revision_invalidated": false,
        "pending_repair": false,
        "surface_covered": false
      },
      {
        "count": 0,
        "deep_reviewed": true,
        "historical_revision_invalidated": true,
        "pending_repair": false,
        "surface_covered": false
      },
      {
        "count": 0,
        "deep_reviewed": true,
        "historical_revision_invalidated": false,
        "pending_repair": true,
        "surface_covered": false
      },
      {
        "count": 0,
        "deep_reviewed": true,
        "historical_revision_invalidated": true,
        "pending_repair": true,
        "surface_covered": false
      },
      {
        "count": 22192,
        "deep_reviewed": false,
        "historical_revision_invalidated": false,
        "pending_repair": false,
        "surface_covered": true
      },
      {
        "count": 1714,
        "deep_reviewed": false,
        "historical_revision_invalidated": true,
        "pending_repair": false,
        "surface_covered": true
      },
      {
        "count": 0,
        "deep_reviewed": false,
        "historical_revision_invalidated": false,
        "pending_repair": true,
        "surface_covered": true
      },
      {
        "count": 0,
        "deep_reviewed": false,
        "historical_revision_invalidated": true,
        "pending_repair": true,
        "surface_covered": true
      },
      {
        "count": 721,
        "deep_reviewed": true,
        "historical_revision_invalidated": false,
        "pending_repair": false,
        "surface_covered": true
      },
      {
        "count": 97,
        "deep_reviewed": true,
        "historical_revision_invalidated": true,
        "pending_repair": false,
        "surface_covered": true
      },
      {
        "count": 23,
        "deep_reviewed": true,
        "historical_revision_invalidated": false,
        "pending_repair": true,
        "surface_covered": true
      },
      {
        "count": 1,
        "deep_reviewed": true,
        "historical_revision_invalidated": true,
        "pending_repair": true,
        "surface_covered": true
      }
    ],
    "committed_done_by_completion_level": {
      "deep_reviewed": 781,
      "surface_only": 23900
    },
    "eligible": 29828,
    "invalidated_without_current_review": 5,
    "metrics": {
      "deep_reviewed": {
        "count": 842,
        "denominator": 29828,
        "ratio": 0.028228510124715032
      },
      "historical_revision_invalidated": {
        "count": 1817,
        "denominator": 29828,
        "ratio": 0.06091591792946225
      },
      "pending_repair": {
        "count": 24,
        "denominator": 29828,
        "ratio": 0.0008046131151937776
      },
      "surface_covered": {
        "count": 24748,
        "denominator": 29828,
        "ratio": 0.8296902239506504
      }
    }
  },
  "reconciliation_count": 29828
}
{
  "bytes": 35322534,
  "catalog_id": "274ebb14863a03c5b126f0e6eae11007566251a2abf907c975d715c6523b4a54",
  "directory": ".artifacts/i18n/repair-window/window30-20260925-candidate-catalog",
  "entries": 29828,
  "exclusions": 480,
  "occurrences": 30308
}
