{
  "active_writer": true,
  "catalog_id": "f4d10da25eb9e968b74997635ef6bcb09cdaf25095caef96a3f220db494c660b",
  "evidence_head": "3a21f17035b51c61f592858e2b5ca7a6e9c51d6d",
  "explicit_overrides": {
    "blocked": 34,
    "done": 22919,
    "repair_required": 8
  },
  "implicit_queued": 6867,
  "ok": true,
  "override_basis": "sqlite_state_codes",
  "progress": {
    "basis": "committed_evidence",
    "classification": [
      {
        "count": 6789,
        "deep_reviewed": false,
        "historical_revision_invalidated": false,
        "pending_repair": false,
        "surface_covered": false
      },
      {
        "count": 78,
        "deep_reviewed": false,
        "historical_revision_invalidated": true,
        "pending_repair": false,
        "surface_covered": false
      },
      {
        "count": 0,
        "deep_reviewed": false,
        "historical_revision_invalidated": false,
        "pending_repair": true,
        "surface_covered": false
      },
      {
        "count": 0,
        "deep_reviewed": false,
        "historical_revision_invalidated": true,
        "pending_repair": true,
        "surface_covered": false
      },
      {
        "count": 0,
        "deep_reviewed": true,
        "historical_revision_invalidated": false,
        "pending_repair": false,
        "surface_covered": false
      },
      {
        "count": 0,
        "deep_reviewed": true,
        "historical_revision_invalidated": true,
        "pending_repair": false,
        "surface_covered": false
      },
      {
        "count": 0,
        "deep_reviewed": true,
        "historical_revision_invalidated": false,
        "pending_repair": true,
        "surface_covered": false
      },
      {
        "count": 0,
        "deep_reviewed": true,
        "historical_revision_invalidated": true,
        "pending_repair": true,
        "surface_covered": false
      },
      {
        "count": 20732,
        "deep_reviewed": false,
        "historical_revision_invalidated": false,
        "pending_repair": false,
        "surface_covered": true
      },
      {
        "count": 1526,
        "deep_reviewed": false,
        "historical_revision_invalidated": true,
        "pending_repair": false,
        "surface_covered": true
      },
      {
        "count": 0,
        "deep_reviewed": false,
        "historical_revision_invalidated": false,
        "pending_repair": true,
        "surface_covered": true
      },
      {
        "count": 0,
        "deep_reviewed": false,
        "historical_revision_invalidated": true,
        "pending_repair": true,
        "surface_covered": true
      },
      {
        "count": 613,
        "deep_reviewed": true,
        "historical_revision_invalidated": false,
        "pending_repair": false,
        "surface_covered": true
      },
      {
        "count": 82,
        "deep_reviewed": true,
        "historical_revision_invalidated": true,
        "pending_repair": false,
        "surface_covered": true
      },
      {
        "count": 4,
        "deep_reviewed": true,
        "historical_revision_invalidated": false,
        "pending_repair": true,
        "surface_covered": true
      },
      {
        "count": 4,
        "deep_reviewed": true,
        "historical_revision_invalidated": true,
        "pending_repair": true,
        "surface_covered": true
      }
    ],
    "committed_done_by_completion_level": {
      "deep_reviewed": 667,
      "surface_only": 22252
    },
    "eligible": 29828,
    "invalidated_without_current_review": 78,
    "metrics": {
      "deep_reviewed": {
        "count": 703,
        "denominator": 29828,
        "ratio": 0.023568459165884403
      },
      "historical_revision_invalidated": {
        "count": 1690,
        "denominator": 29828,
        "ratio": 0.05665817352822851
      },
      "pending_repair": {
        "count": 8,
        "denominator": 29828,
        "ratio": 0.00026820437173125924
      },
      "surface_covered": {
        "count": 22961,
        "denominator": 29828,
        "ratio": 0.7697800724151803
      }
    }
  },
  "reconciliation_count": 29828
}
