{"ambiguous":0,"artifact":"/workspace/tome4-chinese-translation/.artifacts/i18n/repair-window/window57-20260930-migration.json","base_commit":"95b566f83cccd57d0102af7908158c07684bb5c8","dispositions":{"revision_changed":87,"unchanged":29741},"migration_id":"f312e80bbb644d441ac98b8c7e91a992d92ec7c25f48557d6d79571d7a7a8882","new_catalog_id":"9d42642844e5a69a7df762ac7fdf72279aff578704ba268d734b92584fd269f6","new_counts":{"entry_count":29828,"exclusion_count":480,"occurrence_count":30308},"ok":true,"old_catalog_id":"6e7507ffc2cc35293e9b71fa5c05c115bfdf2ea85c75e00c787e25917b7ede11","old_counts":{"entry_count":29828,"exclusion_count":480,"occurrence_count":30308},"target_path":"evidence/production-review-v2-lite/migrations/f312e80bbb644d441ac98b8c7e91a992d92ec7c25f48557d6d79571d7a7a8882.json","unmapped":0}{"ambiguous":0,"artifact":".artifacts/i18n/repair-window/window57-20260930-migration.json","base_commit":"95b566f83cccd57d0102af7908158c07684bb5c8","dispositions":{"revision_changed":87,"unchanged":29741},"migration_id":"f312e80bbb644d441ac98b8c7e91a992d92ec7c25f48557d6d79571d7a7a8882","new_catalog_id":"9d42642844e5a69a7df762ac7fdf72279aff578704ba268d734b92584fd269f6","new_counts":{"entry_count":29828,"exclusion_count":480,"occurrence_count":30308},"ok":true,"old_catalog_id":"6e7507ffc2cc35293e9b71fa5c05c115bfdf2ea85c75e00c787e25917b7ede11","old_counts":{"entry_count":29828,"exclusion_count":480,"occurrence_count":30308},"target_path":"evidence/production-review-v2-lite/migrations/f312e80bbb644d441ac98b8c7e91a992d92ec7c25f48557d6d79571d7a7a8882.json","unmapped":0}{"ambiguous":0,"applied":true,"base_commit":"95b566f83cccd57d0102af7908158c07684bb5c8","dispositions":{"revision_changed":87,"unchanged":29741},"migration_id":"f312e80bbb644d441ac98b8c7e91a992d92ec7c25f48557d6d79571d7a7a8882","new_catalog_id":"9d42642844e5a69a7df762ac7fdf72279aff578704ba268d734b92584fd269f6","new_counts":{"entry_count":29828,"exclusion_count":480,"occurrence_count":30308},"ok":true,"old_catalog_id":"6e7507ffc2cc35293e9b71fa5c05c115bfdf2ea85c75e00c787e25917b7ede11","old_counts":{"entry_count":29828,"exclusion_count":480,"occurrence_count":30308},"queued_successors":87,"target_path":"evidence/production-review-v2-lite/migrations/f312e80bbb644d441ac98b8c7e91a992d92ec7c25f48557d6d79571d7a7a8882.json","unmapped":0}{
  "active_writer": true,
  "catalog_id": "6e7507ffc2cc35293e9b71fa5c05c115bfdf2ea85c75e00c787e25917b7ede11",
  "evidence_head": "95b566f83cccd57d0102af7908158c07684bb5c8",
  "explicit_overrides": {
    "blocked": 16,
    "done": 29812
  },
  "implicit_queued": 0,
  "ok": true,
  "override_basis": "sqlite_state_codes",
  "progress": {
    "basis": "committed_evidence",
    "classification": [
      {
        "count": 0,
        "deep_reviewed": false,
        "historical_revision_invalidated": false,
        "pending_repair": false,
        "surface_covered": false
      },
      {
        "count": 0,
        "deep_reviewed": false,
        "historical_revision_invalidated": true,
        "pending_repair": false,
        "surface_covered": false
      },
      {
        "count": 0,
        "deep_reviewed": false,
        "historical_revision_invalidated": false,
        "pending_repair": true,
        "surface_covered": false
      },
      {
        "count": 0,
        "deep_reviewed": false,
        "historical_revision_invalidated": true,
        "pending_repair": true,
        "surface_covered": false
      },
      {
        "count": 0,
        "deep_reviewed": true,
        "historical_revision_invalidated": false,
        "pending_repair": false,
        "surface_covered": false
      },
      {
        "count": 0,
        "deep_reviewed": true,
        "historical_revision_invalidated": true,
        "pending_repair": false,
        "surface_covered": false
      },
      {
        "count": 0,
        "deep_reviewed": true,
        "historical_revision_invalidated": false,
        "pending_repair": true,
        "surface_covered": false
      },
      {
        "count": 0,
        "deep_reviewed": true,
        "historical_revision_invalidated": true,
        "pending_repair": true,
        "surface_covered": false
      },
      {
        "count": 26240,
        "deep_reviewed": false,
        "historical_revision_invalidated": false,
        "pending_repair": false,
        "surface_covered": true
      },
      {
        "count": 2485,
        "deep_reviewed": false,
        "historical_revision_invalidated": true,
        "pending_repair": false,
        "surface_covered": true
      },
      {
        "count": 0,
        "deep_reviewed": false,
        "historical_revision_invalidated": false,
        "pending_repair": true,
        "surface_covered": true
      },
      {
        "count": 0,
        "deep_reviewed": false,
        "historical_revision_invalidated": true,
        "pending_repair": true,
        "surface_covered": true
      },
      {
        "count": 962,
        "deep_reviewed": true,
        "historical_revision_invalidated": false,
        "pending_repair": false,
        "surface_covered": true
      },
      {
        "count": 141,
        "deep_reviewed": true,
        "historical_revision_invalidated": true,
        "pending_repair": false,
        "surface_covered": true
      },
      {
        "count": 0,
        "deep_reviewed": true,
        "historical_revision_invalidated": false,
        "pending_repair": true,
        "surface_covered": true
      },
      {
        "count": 0,
        "deep_reviewed": true,
        "historical_revision_invalidated": true,
        "pending_repair": true,
        "surface_covered": true
      }
    ],
    "committed_done_by_completion_level": {
      "deep_reviewed": 1094,
      "surface_only": 28718
    },
    "eligible": 29828,
    "invalidated_without_current_review": 0,
    "metrics": {
      "deep_reviewed": {
        "count": 1103,
        "denominator": 29828,
        "ratio": 0.03697867775244736
      },
      "historical_revision_invalidated": {
        "count": 2626,
        "denominator": 29828,
        "ratio": 0.08803808502078583
      },
      "pending_repair": {
        "count": 0,
        "denominator": 29828,
        "ratio": 0.0
      },
      "surface_covered": {
        "count": 29828,
        "denominator": 29828,
        "ratio": 1.0
      }
    }
  },
  "reconciliation_count": 29828
}
{
  "bytes": 35319601,
  "catalog_id": "9d42642844e5a69a7df762ac7fdf72279aff578704ba268d734b92584fd269f6",
  "directory": ".artifacts/i18n/repair-window/window57-20260930-candidate-catalog",
  "entries": 29828,
  "exclusions": 480,
  "occurrences": 30308
}
