{"ambiguous":0,"artifact":"/workspace/tome4-chinese-translation/.artifacts/i18n/repair-window/window33-20260926-migration.json","base_commit":"bf6862841e08fb2791d61cbc2d1bea90bae41cff","dispositions":{"revision_changed":21,"unchanged":29807},"migration_id":"36102218c9582721a8ce510865b0bcf3f76192366b0491b96f8ae43aa54c7e4d","new_catalog_id":"4e2f012517a766201d625309209c49c3684c2213ec70b54f40848ca9a9d9a330","new_counts":{"entry_count":29828,"exclusion_count":480,"occurrence_count":30308},"ok":true,"old_catalog_id":"a15b2104c19bc1eaa3a3a3351c651712b55b30234a2acfaf52dd9933f71ef29e","old_counts":{"entry_count":29828,"exclusion_count":480,"occurrence_count":30308},"target_path":"evidence/production-review-v2-lite/migrations/36102218c9582721a8ce510865b0bcf3f76192366b0491b96f8ae43aa54c7e4d.json","unmapped":0}{"ambiguous":0,"artifact":".artifacts/i18n/repair-window/window33-20260926-migration.json","base_commit":"bf6862841e08fb2791d61cbc2d1bea90bae41cff","dispositions":{"revision_changed":21,"unchanged":29807},"migration_id":"36102218c9582721a8ce510865b0bcf3f76192366b0491b96f8ae43aa54c7e4d","new_catalog_id":"4e2f012517a766201d625309209c49c3684c2213ec70b54f40848ca9a9d9a330","new_counts":{"entry_count":29828,"exclusion_count":480,"occurrence_count":30308},"ok":true,"old_catalog_id":"a15b2104c19bc1eaa3a3a3351c651712b55b30234a2acfaf52dd9933f71ef29e","old_counts":{"entry_count":29828,"exclusion_count":480,"occurrence_count":30308},"target_path":"evidence/production-review-v2-lite/migrations/36102218c9582721a8ce510865b0bcf3f76192366b0491b96f8ae43aa54c7e4d.json","unmapped":0}{"ambiguous":0,"applied":true,"base_commit":"bf6862841e08fb2791d61cbc2d1bea90bae41cff","dispositions":{"revision_changed":21,"unchanged":29807},"migration_id":"36102218c9582721a8ce510865b0bcf3f76192366b0491b96f8ae43aa54c7e4d","new_catalog_id":"4e2f012517a766201d625309209c49c3684c2213ec70b54f40848ca9a9d9a330","new_counts":{"entry_count":29828,"exclusion_count":480,"occurrence_count":30308},"ok":true,"old_catalog_id":"a15b2104c19bc1eaa3a3a3351c651712b55b30234a2acfaf52dd9933f71ef29e","old_counts":{"entry_count":29828,"exclusion_count":480,"occurrence_count":30308},"queued_successors":21,"target_path":"evidence/production-review-v2-lite/migrations/36102218c9582721a8ce510865b0bcf3f76192366b0491b96f8ae43aa54c7e4d.json","unmapped":0}{
  "active_writer": true,
  "catalog_id": "a15b2104c19bc1eaa3a3a3351c651712b55b30234a2acfaf52dd9933f71ef29e",
  "evidence_head": "bf6862841e08fb2791d61cbc2d1bea90bae41cff",
  "explicit_overrides": {
    "blocked": 45,
    "done": 25489,
    "repair_required": 22
  },
  "implicit_queued": 4272,
  "ok": true,
  "override_basis": "sqlite_state_codes",
  "progress": {
    "basis": "committed_evidence",
    "classification": [
      {
        "count": 4244,
        "deep_reviewed": false,
        "historical_revision_invalidated": false,
        "pending_repair": false,
        "surface_covered": false
      },
      {
        "count": 28,
        "deep_reviewed": false,
        "historical_revision_invalidated": true,
        "pending_repair": false,
        "surface_covered": false
      },
      {
        "count": 0,
        "deep_reviewed": false,
        "historical_revision_invalidated": false,
        "pending_repair": true,
        "surface_covered": false
      },
      {
        "count": 0,
        "deep_reviewed": false,
        "historical_revision_invalidated": true,
        "pending_repair": true,
        "surface_covered": false
      },
      {
        "count": 0,
        "deep_reviewed": true,
        "historical_revision_invalidated": false,
        "pending_repair": false,
        "surface_covered": false
      },
      {
        "count": 0,
        "deep_reviewed": true,
        "historical_revision_invalidated": true,
        "pending_repair": false,
        "surface_covered": false
      },
      {
        "count": 0,
        "deep_reviewed": true,
        "historical_revision_invalidated": false,
        "pending_repair": true,
        "surface_covered": false
      },
      {
        "count": 0,
        "deep_reviewed": true,
        "historical_revision_invalidated": true,
        "pending_repair": true,
        "surface_covered": false
      },
      {
        "count": 22911,
        "deep_reviewed": false,
        "historical_revision_invalidated": false,
        "pending_repair": false,
        "surface_covered": true
      },
      {
        "count": 1758,
        "deep_reviewed": false,
        "historical_revision_invalidated": true,
        "pending_repair": false,
        "surface_covered": true
      },
      {
        "count": 0,
        "deep_reviewed": false,
        "historical_revision_invalidated": false,
        "pending_repair": true,
        "surface_covered": true
      },
      {
        "count": 0,
        "deep_reviewed": false,
        "historical_revision_invalidated": true,
        "pending_repair": true,
        "surface_covered": true
      },
      {
        "count": 763,
        "deep_reviewed": true,
        "historical_revision_invalidated": false,
        "pending_repair": false,
        "surface_covered": true
      },
      {
        "count": 102,
        "deep_reviewed": true,
        "historical_revision_invalidated": true,
        "pending_repair": false,
        "surface_covered": true
      },
      {
        "count": 21,
        "deep_reviewed": true,
        "historical_revision_invalidated": false,
        "pending_repair": true,
        "surface_covered": true
      },
      {
        "count": 1,
        "deep_reviewed": true,
        "historical_revision_invalidated": true,
        "pending_repair": true,
        "surface_covered": true
      }
    ],
    "committed_done_by_completion_level": {
      "deep_reviewed": 826,
      "surface_only": 24663
    },
    "eligible": 29828,
    "invalidated_without_current_review": 28,
    "metrics": {
      "deep_reviewed": {
        "count": 887,
        "denominator": 29828,
        "ratio": 0.029737159715703367
      },
      "historical_revision_invalidated": {
        "count": 1889,
        "denominator": 29828,
        "ratio": 0.06332975727504359
      },
      "pending_repair": {
        "count": 22,
        "denominator": 29828,
        "ratio": 0.0007375620222609628
      },
      "surface_covered": {
        "count": 25556,
        "denominator": 29828,
        "ratio": 0.8567788654955075
      }
    }
  },
  "reconciliation_count": 29828
}
{
  "bytes": 35320864,
  "catalog_id": "4e2f012517a766201d625309209c49c3684c2213ec70b54f40848ca9a9d9a330",
  "directory": ".artifacts/i18n/repair-window/window33-20260926-candidate-catalog",
  "entries": 29828,
  "exclusions": 480,
  "occurrences": 30308
}
