{"ambiguous":0,"artifact":"/workspace/tome4-chinese-translation/.artifacts/i18n/reaudit-20261003/migration.json","base_commit":"ca558992e0697d304ce7db82875c1a0c7d951b9f","dispositions":{"revision_changed":993,"unchanged":28835},"migration_id":"22b293c475cc9a132ae6955c2a366e3c1624001ef7e21ff44bc5d894ed643316","new_catalog_id":"c5d72508fd13ea589b9f3f37dd200b5096c71875d97d70882bf46a2d732e9e1b","new_counts":{"entry_count":29828,"exclusion_count":480,"occurrence_count":30308},"ok":true,"old_catalog_id":"d33f8ddd7a549757946beed25f832e2b945b12d26868df9b3acbd13a5a207c50","old_counts":{"entry_count":29828,"exclusion_count":480,"occurrence_count":30308},"target_path":"evidence/production-review-v2-lite/migrations/22b293c475cc9a132ae6955c2a366e3c1624001ef7e21ff44bc5d894ed643316.json","unmapped":0}{"ambiguous":0,"artifact":".artifacts/i18n/reaudit-20261003/migration.json","base_commit":"ca558992e0697d304ce7db82875c1a0c7d951b9f","dispositions":{"revision_changed":993,"unchanged":28835},"migration_id":"22b293c475cc9a132ae6955c2a366e3c1624001ef7e21ff44bc5d894ed643316","new_catalog_id":"c5d72508fd13ea589b9f3f37dd200b5096c71875d97d70882bf46a2d732e9e1b","new_counts":{"entry_count":29828,"exclusion_count":480,"occurrence_count":30308},"ok":true,"old_catalog_id":"d33f8ddd7a549757946beed25f832e2b945b12d26868df9b3acbd13a5a207c50","old_counts":{"entry_count":29828,"exclusion_count":480,"occurrence_count":30308},"target_path":"evidence/production-review-v2-lite/migrations/22b293c475cc9a132ae6955c2a366e3c1624001ef7e21ff44bc5d894ed643316.json","unmapped":0}{"ambiguous":0,"applied":true,"base_commit":"ca558992e0697d304ce7db82875c1a0c7d951b9f","dispositions":{"revision_changed":993,"unchanged":28835},"migration_id":"22b293c475cc9a132ae6955c2a366e3c1624001ef7e21ff44bc5d894ed643316","new_catalog_id":"c5d72508fd13ea589b9f3f37dd200b5096c71875d97d70882bf46a2d732e9e1b","new_counts":{"entry_count":29828,"exclusion_count":480,"occurrence_count":30308},"ok":true,"old_catalog_id":"d33f8ddd7a549757946beed25f832e2b945b12d26868df9b3acbd13a5a207c50","old_counts":{"entry_count":29828,"exclusion_count":480,"occurrence_count":30308},"queued_successors":993,"target_path":"evidence/production-review-v2-lite/migrations/22b293c475cc9a132ae6955c2a366e3c1624001ef7e21ff44bc5d894ed643316.json","unmapped":0}{
  "active_writer": true,
  "catalog_id": "d33f8ddd7a549757946beed25f832e2b945b12d26868df9b3acbd13a5a207c50",
  "evidence_head": "ca558992e0697d304ce7db82875c1a0c7d951b9f",
  "explicit_overrides": {
    "blocked": 15,
    "done": 29813
  },
  "implicit_queued": 0,
  "ok": true,
  "override_basis": "sqlite_state_codes",
  "progress": {
    "basis": "committed_evidence",
    "classification": [
      {
        "count": 0,
        "deep_reviewed": false,
        "historical_revision_invalidated": false,
        "pending_repair": false,
        "surface_covered": false
      },
      {
        "count": 0,
        "deep_reviewed": false,
        "historical_revision_invalidated": true,
        "pending_repair": false,
        "surface_covered": false
      },
      {
        "count": 0,
        "deep_reviewed": false,
        "historical_revision_invalidated": false,
        "pending_repair": true,
        "surface_covered": false
      },
      {
        "count": 0,
        "deep_reviewed": false,
        "historical_revision_invalidated": true,
        "pending_repair": true,
        "surface_covered": false
      },
      {
        "count": 0,
        "deep_reviewed": true,
        "historical_revision_invalidated": false,
        "pending_repair": false,
        "surface_covered": false
      },
      {
        "count": 0,
        "deep_reviewed": true,
        "historical_revision_invalidated": true,
        "pending_repair": false,
        "surface_covered": false
      },
      {
        "count": 0,
        "deep_reviewed": true,
        "historical_revision_invalidated": false,
        "pending_repair": true,
        "surface_covered": false
      },
      {
        "count": 0,
        "deep_reviewed": true,
        "historical_revision_invalidated": true,
        "pending_repair": true,
        "surface_covered": false
      },
      {
        "count": 25896,
        "deep_reviewed": false,
        "historical_revision_invalidated": false,
        "pending_repair": false,
        "surface_covered": true
      },
      {
        "count": 2840,
        "deep_reviewed": false,
        "historical_revision_invalidated": true,
        "pending_repair": false,
        "surface_covered": true
      },
      {
        "count": 0,
        "deep_reviewed": false,
        "historical_revision_invalidated": false,
        "pending_repair": true,
        "surface_covered": true
      },
      {
        "count": 0,
        "deep_reviewed": false,
        "historical_revision_invalidated": true,
        "pending_repair": true,
        "surface_covered": true
      },
      {
        "count": 938,
        "deep_reviewed": true,
        "historical_revision_invalidated": false,
        "pending_repair": false,
        "surface_covered": true
      },
      {
        "count": 154,
        "deep_reviewed": true,
        "historical_revision_invalidated": true,
        "pending_repair": false,
        "surface_covered": true
      },
      {
        "count": 0,
        "deep_reviewed": true,
        "historical_revision_invalidated": false,
        "pending_repair": true,
        "surface_covered": true
      },
      {
        "count": 0,
        "deep_reviewed": true,
        "historical_revision_invalidated": true,
        "pending_repair": true,
        "surface_covered": true
      }
    ],
    "committed_done_by_completion_level": {
      "deep_reviewed": 1084,
      "surface_only": 28729
    },
    "eligible": 29828,
    "invalidated_without_current_review": 0,
    "metrics": {
      "deep_reviewed": {
        "count": 1092,
        "denominator": 29828,
        "ratio": 0.036609896741316886
      },
      "historical_revision_invalidated": {
        "count": 2994,
        "denominator": 29828,
        "ratio": 0.10037548612042377
      },
      "pending_repair": {
        "count": 0,
        "denominator": 29828,
        "ratio": 0.0
      },
      "surface_covered": {
        "count": 29828,
        "denominator": 29828,
        "ratio": 1.0
      }
    }
  },
  "reconciliation_count": 29828
}
{
  "bytes": 35316237,
  "catalog_id": "c5d72508fd13ea589b9f3f37dd200b5096c71875d97d70882bf46a2d732e9e1b",
  "directory": ".artifacts/i18n/reaudit-20261003/candidate-catalog",
  "entries": 29828,
  "exclusions": 480,
  "occurrences": 30308
}
