{"ambiguous":0,"artifact":"/workspace/tome4-chinese-translation/.artifacts/i18n/repair-window/window66-20261005-migration.json","base_commit":"fd7c6a613caa2f8fbf61bdc0f5bb3043427bc1fb","dispositions":{"revision_changed":25,"unchanged":29803},"migration_id":"defcd152d0e8ae9f9333fe13b2ae428d3e5363af4a9b18bccab8f557b3ab8c23","new_catalog_id":"ef31a0ea5bf16f8e410b260c8ba90e7fe6b468e3394cbd32ea875936629a8fe4","new_counts":{"entry_count":29828,"exclusion_count":480,"occurrence_count":30308},"ok":true,"old_catalog_id":"47745eccd033aa7f5e082751190f5e86788685412abdc5b37eebd6173d44cf36","old_counts":{"entry_count":29828,"exclusion_count":480,"occurrence_count":30308},"target_path":"evidence/production-review-v2-lite/migrations/defcd152d0e8ae9f9333fe13b2ae428d3e5363af4a9b18bccab8f557b3ab8c23.json","unmapped":0}{"ambiguous":0,"artifact":".artifacts/i18n/repair-window/window66-20261005-migration.json","base_commit":"fd7c6a613caa2f8fbf61bdc0f5bb3043427bc1fb","dispositions":{"revision_changed":25,"unchanged":29803},"migration_id":"defcd152d0e8ae9f9333fe13b2ae428d3e5363af4a9b18bccab8f557b3ab8c23","new_catalog_id":"ef31a0ea5bf16f8e410b260c8ba90e7fe6b468e3394cbd32ea875936629a8fe4","new_counts":{"entry_count":29828,"exclusion_count":480,"occurrence_count":30308},"ok":true,"old_catalog_id":"47745eccd033aa7f5e082751190f5e86788685412abdc5b37eebd6173d44cf36","old_counts":{"entry_count":29828,"exclusion_count":480,"occurrence_count":30308},"target_path":"evidence/production-review-v2-lite/migrations/defcd152d0e8ae9f9333fe13b2ae428d3e5363af4a9b18bccab8f557b3ab8c23.json","unmapped":0}{"ambiguous":0,"applied":true,"base_commit":"fd7c6a613caa2f8fbf61bdc0f5bb3043427bc1fb","dispositions":{"revision_changed":25,"unchanged":29803},"migration_id":"defcd152d0e8ae9f9333fe13b2ae428d3e5363af4a9b18bccab8f557b3ab8c23","new_catalog_id":"ef31a0ea5bf16f8e410b260c8ba90e7fe6b468e3394cbd32ea875936629a8fe4","new_counts":{"entry_count":29828,"exclusion_count":480,"occurrence_count":30308},"ok":true,"old_catalog_id":"47745eccd033aa7f5e082751190f5e86788685412abdc5b37eebd6173d44cf36","old_counts":{"entry_count":29828,"exclusion_count":480,"occurrence_count":30308},"queued_successors":25,"target_path":"evidence/production-review-v2-lite/migrations/defcd152d0e8ae9f9333fe13b2ae428d3e5363af4a9b18bccab8f557b3ab8c23.json","unmapped":0}{
  "active_writer": true,
  "catalog_id": "47745eccd033aa7f5e082751190f5e86788685412abdc5b37eebd6173d44cf36",
  "evidence_head": "fd7c6a613caa2f8fbf61bdc0f5bb3043427bc1fb",
  "explicit_overrides": {
    "blocked": 17,
    "done": 29795,
    "repair_required": 16
  },
  "implicit_queued": 0,
  "ok": true,
  "override_basis": "sqlite_state_codes",
  "progress": {
    "basis": "committed_evidence",
    "classification": [
      {
        "count": 0,
        "deep_reviewed": false,
        "historical_revision_invalidated": false,
        "pending_repair": false,
        "surface_covered": false
      },
      {
        "count": 0,
        "deep_reviewed": false,
        "historical_revision_invalidated": true,
        "pending_repair": false,
        "surface_covered": false
      },
      {
        "count": 0,
        "deep_reviewed": false,
        "historical_revision_invalidated": false,
        "pending_repair": true,
        "surface_covered": false
      },
      {
        "count": 0,
        "deep_reviewed": false,
        "historical_revision_invalidated": true,
        "pending_repair": true,
        "surface_covered": false
      },
      {
        "count": 0,
        "deep_reviewed": true,
        "historical_revision_invalidated": false,
        "pending_repair": false,
        "surface_covered": false
      },
      {
        "count": 0,
        "deep_reviewed": true,
        "historical_revision_invalidated": true,
        "pending_repair": false,
        "surface_covered": false
      },
      {
        "count": 0,
        "deep_reviewed": true,
        "historical_revision_invalidated": false,
        "pending_repair": true,
        "surface_covered": false
      },
      {
        "count": 0,
        "deep_reviewed": true,
        "historical_revision_invalidated": true,
        "pending_repair": true,
        "surface_covered": false
      },
      {
        "count": 24950,
        "deep_reviewed": false,
        "historical_revision_invalidated": false,
        "pending_repair": false,
        "surface_covered": true
      },
      {
        "count": 3878,
        "deep_reviewed": false,
        "historical_revision_invalidated": true,
        "pending_repair": false,
        "surface_covered": true
      },
      {
        "count": 0,
        "deep_reviewed": false,
        "historical_revision_invalidated": false,
        "pending_repair": true,
        "surface_covered": true
      },
      {
        "count": 0,
        "deep_reviewed": false,
        "historical_revision_invalidated": true,
        "pending_repair": true,
        "surface_covered": true
      },
      {
        "count": 840,
        "deep_reviewed": true,
        "historical_revision_invalidated": false,
        "pending_repair": false,
        "surface_covered": true
      },
      {
        "count": 144,
        "deep_reviewed": true,
        "historical_revision_invalidated": true,
        "pending_repair": false,
        "surface_covered": true
      },
      {
        "count": 0,
        "deep_reviewed": true,
        "historical_revision_invalidated": false,
        "pending_repair": true,
        "surface_covered": true
      },
      {
        "count": 16,
        "deep_reviewed": true,
        "historical_revision_invalidated": true,
        "pending_repair": true,
        "surface_covered": true
      }
    ],
    "committed_done_by_completion_level": {
      "deep_reviewed": 978,
      "surface_only": 28817
    },
    "eligible": 29828,
    "invalidated_without_current_review": 0,
    "metrics": {
      "deep_reviewed": {
        "count": 1000,
        "denominator": 29828,
        "ratio": 0.0335255464664074
      },
      "historical_revision_invalidated": {
        "count": 4038,
        "denominator": 29828,
        "ratio": 0.13537615663135308
      },
      "pending_repair": {
        "count": 16,
        "denominator": 29828,
        "ratio": 0.0005364087434625185
      },
      "surface_covered": {
        "count": 29828,
        "denominator": 29828,
        "ratio": 1.0
      }
    }
  },
  "reconciliation_count": 29828
}
{
  "bytes": 35308787,
  "catalog_id": "ef31a0ea5bf16f8e410b260c8ba90e7fe6b468e3394cbd32ea875936629a8fe4",
  "directory": ".artifacts/i18n/repair-window/window66-20261005-candidate-catalog",
  "entries": 29828,
  "exclusions": 480,
  "occurrences": 30308
}
