{"ambiguous":0,"artifact":"/workspace/tome4-chinese-translation/.artifacts/i18n/repair-window/window63-20261001-migration.json","base_commit":"7a7d8653fddf9e6d5928d307b96635cef48d6913","dispositions":{"revision_changed":1,"unchanged":29827},"migration_id":"f0e5ef721375a80abb44981c8cc204332302b26cef449626f81eb8022cddc8ee","new_catalog_id":"d33f8ddd7a549757946beed25f832e2b945b12d26868df9b3acbd13a5a207c50","new_counts":{"entry_count":29828,"exclusion_count":480,"occurrence_count":30308},"ok":true,"old_catalog_id":"8051f4edc57ac47c811ee73dc5cf1ec51044df25e2ee5db991fbf3e111b12027","old_counts":{"entry_count":29828,"exclusion_count":480,"occurrence_count":30308},"target_path":"evidence/production-review-v2-lite/migrations/f0e5ef721375a80abb44981c8cc204332302b26cef449626f81eb8022cddc8ee.json","unmapped":0}{"ambiguous":0,"artifact":".artifacts/i18n/repair-window/window63-20261001-migration.json","base_commit":"7a7d8653fddf9e6d5928d307b96635cef48d6913","dispositions":{"revision_changed":1,"unchanged":29827},"migration_id":"f0e5ef721375a80abb44981c8cc204332302b26cef449626f81eb8022cddc8ee","new_catalog_id":"d33f8ddd7a549757946beed25f832e2b945b12d26868df9b3acbd13a5a207c50","new_counts":{"entry_count":29828,"exclusion_count":480,"occurrence_count":30308},"ok":true,"old_catalog_id":"8051f4edc57ac47c811ee73dc5cf1ec51044df25e2ee5db991fbf3e111b12027","old_counts":{"entry_count":29828,"exclusion_count":480,"occurrence_count":30308},"target_path":"evidence/production-review-v2-lite/migrations/f0e5ef721375a80abb44981c8cc204332302b26cef449626f81eb8022cddc8ee.json","unmapped":0}{"ambiguous":0,"applied":true,"base_commit":"7a7d8653fddf9e6d5928d307b96635cef48d6913","dispositions":{"revision_changed":1,"unchanged":29827},"migration_id":"f0e5ef721375a80abb44981c8cc204332302b26cef449626f81eb8022cddc8ee","new_catalog_id":"d33f8ddd7a549757946beed25f832e2b945b12d26868df9b3acbd13a5a207c50","new_counts":{"entry_count":29828,"exclusion_count":480,"occurrence_count":30308},"ok":true,"old_catalog_id":"8051f4edc57ac47c811ee73dc5cf1ec51044df25e2ee5db991fbf3e111b12027","old_counts":{"entry_count":29828,"exclusion_count":480,"occurrence_count":30308},"queued_successors":1,"target_path":"evidence/production-review-v2-lite/migrations/f0e5ef721375a80abb44981c8cc204332302b26cef449626f81eb8022cddc8ee.json","unmapped":0}{
  "active_writer": true,
  "catalog_id": "8051f4edc57ac47c811ee73dc5cf1ec51044df25e2ee5db991fbf3e111b12027",
  "evidence_head": "7a7d8653fddf9e6d5928d307b96635cef48d6913",
  "explicit_overrides": {
    "blocked": 15,
    "done": 29812,
    "repair_required": 1
  },
  "implicit_queued": 0,
  "ok": true,
  "override_basis": "sqlite_state_codes",
  "progress": {
    "basis": "committed_evidence",
    "classification": [
      {
        "count": 0,
        "deep_reviewed": false,
        "historical_revision_invalidated": false,
        "pending_repair": false,
        "surface_covered": false
      },
      {
        "count": 0,
        "deep_reviewed": false,
        "historical_revision_invalidated": true,
        "pending_repair": false,
        "surface_covered": false
      },
      {
        "count": 0,
        "deep_reviewed": false,
        "historical_revision_invalidated": false,
        "pending_repair": true,
        "surface_covered": false
      },
      {
        "count": 0,
        "deep_reviewed": false,
        "historical_revision_invalidated": true,
        "pending_repair": true,
        "surface_covered": false
      },
      {
        "count": 0,
        "deep_reviewed": true,
        "historical_revision_invalidated": false,
        "pending_repair": false,
        "surface_covered": false
      },
      {
        "count": 0,
        "deep_reviewed": true,
        "historical_revision_invalidated": true,
        "pending_repair": false,
        "surface_covered": false
      },
      {
        "count": 0,
        "deep_reviewed": true,
        "historical_revision_invalidated": false,
        "pending_repair": true,
        "surface_covered": false
      },
      {
        "count": 0,
        "deep_reviewed": true,
        "historical_revision_invalidated": true,
        "pending_repair": true,
        "surface_covered": false
      },
      {
        "count": 25896,
        "deep_reviewed": false,
        "historical_revision_invalidated": false,
        "pending_repair": false,
        "surface_covered": true
      },
      {
        "count": 2839,
        "deep_reviewed": false,
        "historical_revision_invalidated": true,
        "pending_repair": false,
        "surface_covered": true
      },
      {
        "count": 0,
        "deep_reviewed": false,
        "historical_revision_invalidated": false,
        "pending_repair": true,
        "surface_covered": true
      },
      {
        "count": 0,
        "deep_reviewed": false,
        "historical_revision_invalidated": true,
        "pending_repair": true,
        "surface_covered": true
      },
      {
        "count": 938,
        "deep_reviewed": true,
        "historical_revision_invalidated": false,
        "pending_repair": false,
        "surface_covered": true
      },
      {
        "count": 154,
        "deep_reviewed": true,
        "historical_revision_invalidated": true,
        "pending_repair": false,
        "surface_covered": true
      },
      {
        "count": 0,
        "deep_reviewed": true,
        "historical_revision_invalidated": false,
        "pending_repair": true,
        "surface_covered": true
      },
      {
        "count": 1,
        "deep_reviewed": true,
        "historical_revision_invalidated": true,
        "pending_repair": true,
        "surface_covered": true
      }
    ],
    "committed_done_by_completion_level": {
      "deep_reviewed": 1084,
      "surface_only": 28728
    },
    "eligible": 29828,
    "invalidated_without_current_review": 0,
    "metrics": {
      "deep_reviewed": {
        "count": 1093,
        "denominator": 29828,
        "ratio": 0.03664342228778329
      },
      "historical_revision_invalidated": {
        "count": 2994,
        "denominator": 29828,
        "ratio": 0.10037548612042377
      },
      "pending_repair": {
        "count": 1,
        "denominator": 29828,
        "ratio": 3.3525546466407405e-05
      },
      "surface_covered": {
        "count": 29828,
        "denominator": 29828,
        "ratio": 1.0
      }
    }
  },
  "reconciliation_count": 29828
}
{
  "bytes": 35320570,
  "catalog_id": "d33f8ddd7a549757946beed25f832e2b945b12d26868df9b3acbd13a5a207c50",
  "directory": ".artifacts/i18n/repair-window/window63-20261001-candidate-catalog",
  "entries": 29828,
  "exclusions": 480,
  "occurrences": 30308
}
