{"ambiguous":0,"artifact":"/workspace/tome4-chinese-translation/.artifacts/i18n/repair-window/window62-20261001-migration.json","base_commit":"1f4395f69e5d8bbe0fc328e9cb7db1da2148f022","dispositions":{"revision_changed":53,"unchanged":29775},"migration_id":"67a73acfc5b796718ea8628dc6cdc6781f7388488e2959930023d868090404ec","new_catalog_id":"8051f4edc57ac47c811ee73dc5cf1ec51044df25e2ee5db991fbf3e111b12027","new_counts":{"entry_count":29828,"exclusion_count":480,"occurrence_count":30308},"ok":true,"old_catalog_id":"b47c0ca115581428911c65baf9c48e7bcdbe4d050a4320c998f88763b931f18a","old_counts":{"entry_count":29828,"exclusion_count":480,"occurrence_count":30308},"target_path":"evidence/production-review-v2-lite/migrations/67a73acfc5b796718ea8628dc6cdc6781f7388488e2959930023d868090404ec.json","unmapped":0}{"ambiguous":0,"artifact":".artifacts/i18n/repair-window/window62-20261001-migration.json","base_commit":"1f4395f69e5d8bbe0fc328e9cb7db1da2148f022","dispositions":{"revision_changed":53,"unchanged":29775},"migration_id":"67a73acfc5b796718ea8628dc6cdc6781f7388488e2959930023d868090404ec","new_catalog_id":"8051f4edc57ac47c811ee73dc5cf1ec51044df25e2ee5db991fbf3e111b12027","new_counts":{"entry_count":29828,"exclusion_count":480,"occurrence_count":30308},"ok":true,"old_catalog_id":"b47c0ca115581428911c65baf9c48e7bcdbe4d050a4320c998f88763b931f18a","old_counts":{"entry_count":29828,"exclusion_count":480,"occurrence_count":30308},"target_path":"evidence/production-review-v2-lite/migrations/67a73acfc5b796718ea8628dc6cdc6781f7388488e2959930023d868090404ec.json","unmapped":0}{"ambiguous":0,"applied":true,"base_commit":"1f4395f69e5d8bbe0fc328e9cb7db1da2148f022","dispositions":{"revision_changed":53,"unchanged":29775},"migration_id":"67a73acfc5b796718ea8628dc6cdc6781f7388488e2959930023d868090404ec","new_catalog_id":"8051f4edc57ac47c811ee73dc5cf1ec51044df25e2ee5db991fbf3e111b12027","new_counts":{"entry_count":29828,"exclusion_count":480,"occurrence_count":30308},"ok":true,"old_catalog_id":"b47c0ca115581428911c65baf9c48e7bcdbe4d050a4320c998f88763b931f18a","old_counts":{"entry_count":29828,"exclusion_count":480,"occurrence_count":30308},"queued_successors":53,"target_path":"evidence/production-review-v2-lite/migrations/67a73acfc5b796718ea8628dc6cdc6781f7388488e2959930023d868090404ec.json","unmapped":0}{
  "active_writer": true,
  "catalog_id": "b47c0ca115581428911c65baf9c48e7bcdbe4d050a4320c998f88763b931f18a",
  "evidence_head": "1f4395f69e5d8bbe0fc328e9cb7db1da2148f022",
  "explicit_overrides": {
    "blocked": 15,
    "done": 29791
  },
  "implicit_queued": 22,
  "ok": true,
  "override_basis": "sqlite_state_codes",
  "progress": {
    "basis": "committed_evidence",
    "classification": [
      {
        "count": 0,
        "deep_reviewed": false,
        "historical_revision_invalidated": false,
        "pending_repair": false,
        "surface_covered": false
      },
      {
        "count": 22,
        "deep_reviewed": false,
        "historical_revision_invalidated": true,
        "pending_repair": false,
        "surface_covered": false
      },
      {
        "count": 0,
        "deep_reviewed": false,
        "historical_revision_invalidated": false,
        "pending_repair": true,
        "surface_covered": false
      },
      {
        "count": 0,
        "deep_reviewed": false,
        "historical_revision_invalidated": true,
        "pending_repair": true,
        "surface_covered": false
      },
      {
        "count": 0,
        "deep_reviewed": true,
        "historical_revision_invalidated": false,
        "pending_repair": false,
        "surface_covered": false
      },
      {
        "count": 0,
        "deep_reviewed": true,
        "historical_revision_invalidated": true,
        "pending_repair": false,
        "surface_covered": false
      },
      {
        "count": 0,
        "deep_reviewed": true,
        "historical_revision_invalidated": false,
        "pending_repair": true,
        "surface_covered": false
      },
      {
        "count": 0,
        "deep_reviewed": true,
        "historical_revision_invalidated": true,
        "pending_repair": true,
        "surface_covered": false
      },
      {
        "count": 25942,
        "deep_reviewed": false,
        "historical_revision_invalidated": false,
        "pending_repair": false,
        "surface_covered": true
      },
      {
        "count": 2770,
        "deep_reviewed": false,
        "historical_revision_invalidated": true,
        "pending_repair": false,
        "surface_covered": true
      },
      {
        "count": 0,
        "deep_reviewed": false,
        "historical_revision_invalidated": false,
        "pending_repair": true,
        "surface_covered": true
      },
      {
        "count": 0,
        "deep_reviewed": false,
        "historical_revision_invalidated": true,
        "pending_repair": true,
        "surface_covered": true
      },
      {
        "count": 940,
        "deep_reviewed": true,
        "historical_revision_invalidated": false,
        "pending_repair": false,
        "surface_covered": true
      },
      {
        "count": 154,
        "deep_reviewed": true,
        "historical_revision_invalidated": true,
        "pending_repair": false,
        "surface_covered": true
      },
      {
        "count": 0,
        "deep_reviewed": true,
        "historical_revision_invalidated": false,
        "pending_repair": true,
        "surface_covered": true
      },
      {
        "count": 0,
        "deep_reviewed": true,
        "historical_revision_invalidated": true,
        "pending_repair": true,
        "surface_covered": true
      }
    ],
    "committed_done_by_completion_level": {
      "deep_reviewed": 1086,
      "surface_only": 28705
    },
    "eligible": 29828,
    "invalidated_without_current_review": 22,
    "metrics": {
      "deep_reviewed": {
        "count": 1094,
        "denominator": 29828,
        "ratio": 0.0366769478342497
      },
      "historical_revision_invalidated": {
        "count": 2946,
        "denominator": 29828,
        "ratio": 0.0987662598900362
      },
      "pending_repair": {
        "count": 0,
        "denominator": 29828,
        "ratio": 0.0
      },
      "surface_covered": {
        "count": 29806,
        "denominator": 29828,
        "ratio": 0.9992624379777391
      }
    }
  },
  "reconciliation_count": 29828
}
{
  "bytes": 35320562,
  "catalog_id": "8051f4edc57ac47c811ee73dc5cf1ec51044df25e2ee5db991fbf3e111b12027",
  "directory": ".artifacts/i18n/repair-window/window62-20261001-candidate-catalog",
  "entries": 29828,
  "exclusions": 480,
  "occurrences": 30308
}
