{"ambiguous":0,"artifact":"/workspace/tome4-chinese-translation/.artifacts/i18n/repair-window/window29-20260925-migration.json","base_commit":"67a3a394b02b92a60a32b21c5df203ac08a1651e","dispositions":{"revision_changed":21,"unchanged":29807},"migration_id":"33667e0f131e372a7f313763a9e2bbac876a263a88eb1784c9c063a2f50da619","new_catalog_id":"595fa838eb8ae17f3d022c0f3cf9ab9af48eebe6ad7f4ea04160d51a255c1c8f","new_counts":{"entry_count":29828,"exclusion_count":480,"occurrence_count":30308},"ok":true,"old_catalog_id":"14da6ac25310ff098f018e62cd3b4cbf7fffa94762152c21a94c7705882c9f0f","old_counts":{"entry_count":29828,"exclusion_count":480,"occurrence_count":30308},"target_path":"evidence/production-review-v2-lite/migrations/33667e0f131e372a7f313763a9e2bbac876a263a88eb1784c9c063a2f50da619.json","unmapped":0}{"ambiguous":0,"artifact":".artifacts/i18n/repair-window/window29-20260925-migration.json","base_commit":"67a3a394b02b92a60a32b21c5df203ac08a1651e","dispositions":{"revision_changed":21,"unchanged":29807},"migration_id":"33667e0f131e372a7f313763a9e2bbac876a263a88eb1784c9c063a2f50da619","new_catalog_id":"595fa838eb8ae17f3d022c0f3cf9ab9af48eebe6ad7f4ea04160d51a255c1c8f","new_counts":{"entry_count":29828,"exclusion_count":480,"occurrence_count":30308},"ok":true,"old_catalog_id":"14da6ac25310ff098f018e62cd3b4cbf7fffa94762152c21a94c7705882c9f0f","old_counts":{"entry_count":29828,"exclusion_count":480,"occurrence_count":30308},"target_path":"evidence/production-review-v2-lite/migrations/33667e0f131e372a7f313763a9e2bbac876a263a88eb1784c9c063a2f50da619.json","unmapped":0}{"ambiguous":0,"applied":true,"base_commit":"67a3a394b02b92a60a32b21c5df203ac08a1651e","dispositions":{"revision_changed":21,"unchanged":29807},"migration_id":"33667e0f131e372a7f313763a9e2bbac876a263a88eb1784c9c063a2f50da619","new_catalog_id":"595fa838eb8ae17f3d022c0f3cf9ab9af48eebe6ad7f4ea04160d51a255c1c8f","new_counts":{"entry_count":29828,"exclusion_count":480,"occurrence_count":30308},"ok":true,"old_catalog_id":"14da6ac25310ff098f018e62cd3b4cbf7fffa94762152c21a94c7705882c9f0f","old_counts":{"entry_count":29828,"exclusion_count":480,"occurrence_count":30308},"queued_successors":21,"target_path":"evidence/production-review-v2-lite/migrations/33667e0f131e372a7f313763a9e2bbac876a263a88eb1784c9c063a2f50da619.json","unmapped":0}{
  "active_writer": true,
  "catalog_id": "14da6ac25310ff098f018e62cd3b4cbf7fffa94762152c21a94c7705882c9f0f",
  "evidence_head": "67a3a394b02b92a60a32b21c5df203ac08a1651e",
  "explicit_overrides": {
    "blocked": 40,
    "done": 24467,
    "repair_required": 22
  },
  "implicit_queued": 5299,
  "ok": true,
  "override_basis": "sqlite_state_codes",
  "progress": {
    "basis": "committed_evidence",
    "classification": [
      {
        "count": 5290,
        "deep_reviewed": false,
        "historical_revision_invalidated": false,
        "pending_repair": false,
        "surface_covered": false
      },
      {
        "count": 9,
        "deep_reviewed": false,
        "historical_revision_invalidated": true,
        "pending_repair": false,
        "surface_covered": false
      },
      {
        "count": 0,
        "deep_reviewed": false,
        "historical_revision_invalidated": false,
        "pending_repair": true,
        "surface_covered": false
      },
      {
        "count": 0,
        "deep_reviewed": false,
        "historical_revision_invalidated": true,
        "pending_repair": true,
        "surface_covered": false
      },
      {
        "count": 0,
        "deep_reviewed": true,
        "historical_revision_invalidated": false,
        "pending_repair": false,
        "surface_covered": false
      },
      {
        "count": 0,
        "deep_reviewed": true,
        "historical_revision_invalidated": true,
        "pending_repair": false,
        "surface_covered": false
      },
      {
        "count": 0,
        "deep_reviewed": true,
        "historical_revision_invalidated": false,
        "pending_repair": true,
        "surface_covered": false
      },
      {
        "count": 0,
        "deep_reviewed": true,
        "historical_revision_invalidated": true,
        "pending_repair": true,
        "surface_covered": false
      },
      {
        "count": 22013,
        "deep_reviewed": false,
        "historical_revision_invalidated": false,
        "pending_repair": false,
        "surface_covered": true
      },
      {
        "count": 1692,
        "deep_reviewed": false,
        "historical_revision_invalidated": true,
        "pending_repair": false,
        "surface_covered": true
      },
      {
        "count": 0,
        "deep_reviewed": false,
        "historical_revision_invalidated": false,
        "pending_repair": true,
        "surface_covered": true
      },
      {
        "count": 0,
        "deep_reviewed": false,
        "historical_revision_invalidated": true,
        "pending_repair": true,
        "surface_covered": true
      },
      {
        "count": 708,
        "deep_reviewed": true,
        "historical_revision_invalidated": false,
        "pending_repair": false,
        "surface_covered": true
      },
      {
        "count": 94,
        "deep_reviewed": true,
        "historical_revision_invalidated": true,
        "pending_repair": false,
        "surface_covered": true
      },
      {
        "count": 21,
        "deep_reviewed": true,
        "historical_revision_invalidated": false,
        "pending_repair": true,
        "surface_covered": true
      },
      {
        "count": 1,
        "deep_reviewed": true,
        "historical_revision_invalidated": true,
        "pending_repair": true,
        "surface_covered": true
      }
    ],
    "committed_done_by_completion_level": {
      "deep_reviewed": 768,
      "surface_only": 23699
    },
    "eligible": 29828,
    "invalidated_without_current_review": 9,
    "metrics": {
      "deep_reviewed": {
        "count": 824,
        "denominator": 29828,
        "ratio": 0.0276250502883197
      },
      "historical_revision_invalidated": {
        "count": 1796,
        "denominator": 29828,
        "ratio": 0.060211881453667696
      },
      "pending_repair": {
        "count": 22,
        "denominator": 29828,
        "ratio": 0.0007375620222609628
      },
      "surface_covered": {
        "count": 24529,
        "denominator": 29828,
        "ratio": 0.8223481292745072
      }
    }
  },
  "reconciliation_count": 29828
}
{
  "bytes": 35323105,
  "catalog_id": "595fa838eb8ae17f3d022c0f3cf9ab9af48eebe6ad7f4ea04160d51a255c1c8f",
  "directory": ".artifacts/i18n/repair-window/window29-20260925-candidate-catalog",
  "entries": 29828,
  "exclusions": 480,
  "occurrences": 30308
}
