{"ambiguous":0,"artifact":"/workspace/tome4-chinese-translation/.artifacts/i18n/repair-window/window47a-20260927-migration.json","base_commit":"78123847745c86c76033048b0b07b63cb89cc4f1","dispositions":{"revision_changed":77,"unchanged":29751},"migration_id":"ac10dc6364c2c5edafce574d5b15610cb800a2d4551f61f5f76db4ddd056b7c2","new_catalog_id":"c7abbba1362d6924552bd273e7d7e5466876f9a7921185fa6aacf6cd86790481","new_counts":{"entry_count":29828,"exclusion_count":480,"occurrence_count":30308},"ok":true,"old_catalog_id":"a579d2d431de461ef2533cb4f102033abff721c86d24d5697a5eb4761d611883","old_counts":{"entry_count":29828,"exclusion_count":480,"occurrence_count":30308},"target_path":"evidence/production-review-v2-lite/migrations/ac10dc6364c2c5edafce574d5b15610cb800a2d4551f61f5f76db4ddd056b7c2.json","unmapped":0}{"ambiguous":0,"artifact":".artifacts/i18n/repair-window/window47a-20260927-migration.json","base_commit":"78123847745c86c76033048b0b07b63cb89cc4f1","dispositions":{"revision_changed":77,"unchanged":29751},"migration_id":"ac10dc6364c2c5edafce574d5b15610cb800a2d4551f61f5f76db4ddd056b7c2","new_catalog_id":"c7abbba1362d6924552bd273e7d7e5466876f9a7921185fa6aacf6cd86790481","new_counts":{"entry_count":29828,"exclusion_count":480,"occurrence_count":30308},"ok":true,"old_catalog_id":"a579d2d431de461ef2533cb4f102033abff721c86d24d5697a5eb4761d611883","old_counts":{"entry_count":29828,"exclusion_count":480,"occurrence_count":30308},"target_path":"evidence/production-review-v2-lite/migrations/ac10dc6364c2c5edafce574d5b15610cb800a2d4551f61f5f76db4ddd056b7c2.json","unmapped":0}{"ambiguous":0,"applied":true,"base_commit":"78123847745c86c76033048b0b07b63cb89cc4f1","dispositions":{"revision_changed":77,"unchanged":29751},"migration_id":"ac10dc6364c2c5edafce574d5b15610cb800a2d4551f61f5f76db4ddd056b7c2","new_catalog_id":"c7abbba1362d6924552bd273e7d7e5466876f9a7921185fa6aacf6cd86790481","new_counts":{"entry_count":29828,"exclusion_count":480,"occurrence_count":30308},"ok":true,"old_catalog_id":"a579d2d431de461ef2533cb4f102033abff721c86d24d5697a5eb4761d611883","old_counts":{"entry_count":29828,"exclusion_count":480,"occurrence_count":30308},"queued_successors":77,"target_path":"evidence/production-review-v2-lite/migrations/ac10dc6364c2c5edafce574d5b15610cb800a2d4551f61f5f76db4ddd056b7c2.json","unmapped":0}{
  "active_writer": true,
  "catalog_id": "a579d2d431de461ef2533cb4f102033abff721c86d24d5697a5eb4761d611883",
  "evidence_head": "78123847745c86c76033048b0b07b63cb89cc4f1",
  "explicit_overrides": {
    "blocked": 45,
    "done": 29781,
    "repair_required": 2
  },
  "implicit_queued": 0,
  "ok": true,
  "override_basis": "sqlite_state_codes",
  "progress": {
    "basis": "committed_evidence",
    "classification": [
      {
        "count": 0,
        "deep_reviewed": false,
        "historical_revision_invalidated": false,
        "pending_repair": false,
        "surface_covered": false
      },
      {
        "count": 0,
        "deep_reviewed": false,
        "historical_revision_invalidated": true,
        "pending_repair": false,
        "surface_covered": false
      },
      {
        "count": 0,
        "deep_reviewed": false,
        "historical_revision_invalidated": false,
        "pending_repair": true,
        "surface_covered": false
      },
      {
        "count": 0,
        "deep_reviewed": false,
        "historical_revision_invalidated": true,
        "pending_repair": true,
        "surface_covered": false
      },
      {
        "count": 0,
        "deep_reviewed": true,
        "historical_revision_invalidated": false,
        "pending_repair": false,
        "surface_covered": false
      },
      {
        "count": 0,
        "deep_reviewed": true,
        "historical_revision_invalidated": true,
        "pending_repair": false,
        "surface_covered": false
      },
      {
        "count": 0,
        "deep_reviewed": true,
        "historical_revision_invalidated": false,
        "pending_repair": true,
        "surface_covered": false
      },
      {
        "count": 0,
        "deep_reviewed": true,
        "historical_revision_invalidated": true,
        "pending_repair": true,
        "surface_covered": false
      },
      {
        "count": 26564,
        "deep_reviewed": false,
        "historical_revision_invalidated": false,
        "pending_repair": false,
        "surface_covered": true
      },
      {
        "count": 2097,
        "deep_reviewed": false,
        "historical_revision_invalidated": true,
        "pending_repair": false,
        "surface_covered": true
      },
      {
        "count": 0,
        "deep_reviewed": false,
        "historical_revision_invalidated": false,
        "pending_repair": true,
        "surface_covered": true
      },
      {
        "count": 0,
        "deep_reviewed": false,
        "historical_revision_invalidated": true,
        "pending_repair": true,
        "surface_covered": true
      },
      {
        "count": 1048,
        "deep_reviewed": true,
        "historical_revision_invalidated": false,
        "pending_repair": false,
        "surface_covered": true
      },
      {
        "count": 117,
        "deep_reviewed": true,
        "historical_revision_invalidated": true,
        "pending_repair": false,
        "surface_covered": true
      },
      {
        "count": 0,
        "deep_reviewed": true,
        "historical_revision_invalidated": false,
        "pending_repair": true,
        "surface_covered": true
      },
      {
        "count": 2,
        "deep_reviewed": true,
        "historical_revision_invalidated": true,
        "pending_repair": true,
        "surface_covered": true
      }
    ],
    "committed_done_by_completion_level": {
      "deep_reviewed": 1126,
      "surface_only": 28655
    },
    "eligible": 29828,
    "invalidated_without_current_review": 0,
    "metrics": {
      "deep_reviewed": {
        "count": 1167,
        "denominator": 29828,
        "ratio": 0.03912431272629744
      },
      "historical_revision_invalidated": {
        "count": 2216,
        "denominator": 29828,
        "ratio": 0.0742926109695588
      },
      "pending_repair": {
        "count": 2,
        "denominator": 29828,
        "ratio": 6.705109293281481e-05
      },
      "surface_covered": {
        "count": 29828,
        "denominator": 29828,
        "ratio": 1.0
      }
    }
  },
  "reconciliation_count": 29828
}
{
  "bytes": 35317898,
  "catalog_id": "c7abbba1362d6924552bd273e7d7e5466876f9a7921185fa6aacf6cd86790481",
  "directory": ".artifacts/i18n/repair-window/window47a-20260927-candidate-catalog",
  "entries": 29828,
  "exclusions": 480,
  "occurrences": 30308
}
