{"argv": ["python3", "-B", "tools/orchestration/run_batch_steps.py", "contextual-adjudication-chain", "--input", ".artifacts/i18n/continuation-20260923/review375-contextual-index.json", "--spec", ".artifacts/i18n/continuation-20260923/review375-host-decisions.json", "--output", ".artifacts/i18n/adjudication-chain/review375-20261001-attempt01.json", "--source-root", ".artifacts/i18n/continuation-20260923/review375-source-root"], "started_at": "2026-10-01T01:52:05.475035+00:00", "finished_at": "2026-10-01T01:54:48.937216+00:00", "wall_seconds": 163.46218331798445, "exit_code": 0, "log_path": ".artifacts/i18n/continuation-20260923/review375-adjudication-chain.log"}
claim-unit-tests.log)
PASS  04-semantic-claims-strict-registry (log: /workspace/tome4-chinese-translation/.artifacts/i18n/ci-gates/run.e9stx2da/04-semantic-claims-strict-registry.log)
PASS  05-contract-suite-unit-tests (log: /workspace/tome4-chinese-translation/.artifacts/i18n/ci-gates/run.e9stx2da/05-contract-suite-unit-tests.log)
PASS  05-production-shadow-surface-ledger-tests (log: /workspace/tome4-chinese-translation/.artifacts/i18n/ci-gates/run.e9stx2da/05-production-shadow-surface-ledger-tests.log)
PASS  06-runtime-collision-scan (log: /workspace/tome4-chinese-translation/.artifacts/i18n/ci-gates/run.e9stx2da/06-runtime-collision-scan.log)
PASS  07-runtime-key-classification (log: /workspace/tome4-chinese-translation/.artifacts/i18n/ci-gates/run.e9stx2da/07-runtime-key-classification.log)
PASS  08-terminology-static-audit (log: /workspace/tome4-chinese-translation/.artifacts/i18n/ci-gates/run.e9stx2da/08-terminology-static-audit.log)
PASS  09-terminology-dynamic-audit (log: /workspace/tome4-chinese-translation/.artifacts/i18n/ci-gates/run.e9stx2da/09-terminology-dynamic-audit.log)
PASS  10-domain-annotation (log: /workspace/tome4-chinese-translation/.artifacts/i18n/ci-gates/run.e9stx2da/10-domain-annotation.log)
PASS  11-worktree-whitespace (log: /workspace/tome4-chinese-translation/.artifacts/i18n/ci-gates/run.e9stx2da/11-worktree-whitespace.log)
PASS  11-staged-whitespace (log: /workspace/tome4-chinese-translation/.artifacts/i18n/ci-gates/run.e9stx2da/11-staged-whitespace.log)
PASS  12-core-addon-build (log: /workspace/tome4-chinese-translation/.artifacts/i18n/ci-gates/run.e9stx2da/12-core-addon-build.log)
ALL GATES PASSED
--- prepare-evidence: exit=0 elapsed=159.2s projections=0 projection_elapsed=0.0s
{
  "batch_id": "batch-9da6a86a32b67cc82ddf",
  "ok": true,
  "prospective": "/workspace/tome4-chinese-translation/.artifacts/i18n/production-review-v2-lite/prospective/evidence/production-review-v2-lite/batches/batch-9da6a86a32b67cc82ddf",
  "results": 80
}

