{"ambiguous":0,"artifact":"/workspace/tome4-chinese-translation/.artifacts/i18n/repair-window/window49-20260928-migration.json","base_commit":"8782cdf37f7a2b4df3e80c7e914045b409124a66","dispositions":{"revision_changed":2,"unchanged":29826},"migration_id":"aec182045f0c9c3e6239285d1f3c5fa7b2ddef316ab34bff2af0bfad9a2fe851","new_catalog_id":"1e92b9c03ee8e5d7b2ce7b769014b850c458b5b012dbcde22786434da2e661f0","new_counts":{"entry_count":29828,"exclusion_count":480,"occurrence_count":30308},"ok":true,"old_catalog_id":"f1f3f7a2ef1022ced9224f77b7f3462c147878f10c9f587608d273c97560bb7d","old_counts":{"entry_count":29828,"exclusion_count":480,"occurrence_count":30308},"target_path":"evidence/production-review-v2-lite/migrations/aec182045f0c9c3e6239285d1f3c5fa7b2ddef316ab34bff2af0bfad9a2fe851.json","unmapped":0}{"ambiguous":0,"artifact":".artifacts/i18n/repair-window/window49-20260928-migration.json","base_commit":"8782cdf37f7a2b4df3e80c7e914045b409124a66","dispositions":{"revision_changed":2,"unchanged":29826},"migration_id":"aec182045f0c9c3e6239285d1f3c5fa7b2ddef316ab34bff2af0bfad9a2fe851","new_catalog_id":"1e92b9c03ee8e5d7b2ce7b769014b850c458b5b012dbcde22786434da2e661f0","new_counts":{"entry_count":29828,"exclusion_count":480,"occurrence_count":30308},"ok":true,"old_catalog_id":"f1f3f7a2ef1022ced9224f77b7f3462c147878f10c9f587608d273c97560bb7d","old_counts":{"entry_count":29828,"exclusion_count":480,"occurrence_count":30308},"target_path":"evidence/production-review-v2-lite/migrations/aec182045f0c9c3e6239285d1f3c5fa7b2ddef316ab34bff2af0bfad9a2fe851.json","unmapped":0}{"ambiguous":0,"applied":true,"base_commit":"8782cdf37f7a2b4df3e80c7e914045b409124a66","dispositions":{"revision_changed":2,"unchanged":29826},"migration_id":"aec182045f0c9c3e6239285d1f3c5fa7b2ddef316ab34bff2af0bfad9a2fe851","new_catalog_id":"1e92b9c03ee8e5d7b2ce7b769014b850c458b5b012dbcde22786434da2e661f0","new_counts":{"entry_count":29828,"exclusion_count":480,"occurrence_count":30308},"ok":true,"old_catalog_id":"f1f3f7a2ef1022ced9224f77b7f3462c147878f10c9f587608d273c97560bb7d","old_counts":{"entry_count":29828,"exclusion_count":480,"occurrence_count":30308},"queued_successors":2,"target_path":"evidence/production-review-v2-lite/migrations/aec182045f0c9c3e6239285d1f3c5fa7b2ddef316ab34bff2af0bfad9a2fe851.json","unmapped":0}{
  "active_writer": true,
  "catalog_id": "f1f3f7a2ef1022ced9224f77b7f3462c147878f10c9f587608d273c97560bb7d",
  "evidence_head": "8782cdf37f7a2b4df3e80c7e914045b409124a66",
  "explicit_overrides": {
    "blocked": 25,
    "done": 29800,
    "repair_required": 3
  },
  "implicit_queued": 0,
  "ok": true,
  "override_basis": "sqlite_state_codes",
  "progress": {
    "basis": "committed_evidence",
    "classification": [
      {
        "count": 0,
        "deep_reviewed": false,
        "historical_revision_invalidated": false,
        "pending_repair": false,
        "surface_covered": false
      },
      {
        "count": 0,
        "deep_reviewed": false,
        "historical_revision_invalidated": true,
        "pending_repair": false,
        "surface_covered": false
      },
      {
        "count": 0,
        "deep_reviewed": false,
        "historical_revision_invalidated": false,
        "pending_repair": true,
        "surface_covered": false
      },
      {
        "count": 0,
        "deep_reviewed": false,
        "historical_revision_invalidated": true,
        "pending_repair": true,
        "surface_covered": false
      },
      {
        "count": 0,
        "deep_reviewed": true,
        "historical_revision_invalidated": false,
        "pending_repair": false,
        "surface_covered": false
      },
      {
        "count": 0,
        "deep_reviewed": true,
        "historical_revision_invalidated": true,
        "pending_repair": false,
        "surface_covered": false
      },
      {
        "count": 0,
        "deep_reviewed": true,
        "historical_revision_invalidated": false,
        "pending_repair": true,
        "surface_covered": false
      },
      {
        "count": 0,
        "deep_reviewed": true,
        "historical_revision_invalidated": true,
        "pending_repair": true,
        "surface_covered": false
      },
      {
        "count": 26484,
        "deep_reviewed": false,
        "historical_revision_invalidated": false,
        "pending_repair": false,
        "surface_covered": true
      },
      {
        "count": 2206,
        "deep_reviewed": false,
        "historical_revision_invalidated": true,
        "pending_repair": false,
        "surface_covered": true
      },
      {
        "count": 0,
        "deep_reviewed": false,
        "historical_revision_invalidated": false,
        "pending_repair": true,
        "surface_covered": true
      },
      {
        "count": 0,
        "deep_reviewed": false,
        "historical_revision_invalidated": true,
        "pending_repair": true,
        "surface_covered": true
      },
      {
        "count": 1012,
        "deep_reviewed": true,
        "historical_revision_invalidated": false,
        "pending_repair": false,
        "surface_covered": true
      },
      {
        "count": 123,
        "deep_reviewed": true,
        "historical_revision_invalidated": true,
        "pending_repair": false,
        "surface_covered": true
      },
      {
        "count": 0,
        "deep_reviewed": true,
        "historical_revision_invalidated": false,
        "pending_repair": true,
        "surface_covered": true
      },
      {
        "count": 3,
        "deep_reviewed": true,
        "historical_revision_invalidated": true,
        "pending_repair": true,
        "surface_covered": true
      }
    ],
    "committed_done_by_completion_level": {
      "deep_reviewed": 1116,
      "surface_only": 28684
    },
    "eligible": 29828,
    "invalidated_without_current_review": 0,
    "metrics": {
      "deep_reviewed": {
        "count": 1138,
        "denominator": 29828,
        "ratio": 0.03815207187877162
      },
      "historical_revision_invalidated": {
        "count": 2332,
        "denominator": 29828,
        "ratio": 0.07818157435966207
      },
      "pending_repair": {
        "count": 3,
        "denominator": 29828,
        "ratio": 0.0001005766393992222
      },
      "surface_covered": {
        "count": 29828,
        "denominator": 29828,
        "ratio": 1.0
      }
    }
  },
  "reconciliation_count": 29828
}
{
  "bytes": 35318020,
  "catalog_id": "1e92b9c03ee8e5d7b2ce7b769014b850c458b5b012dbcde22786434da2e661f0",
  "directory": ".artifacts/i18n/repair-window/window49-20260928-candidate-catalog",
  "entries": 29828,
  "exclusions": 480,
  "occurrences": 30308
}
