{"ambiguous":0,"artifact":"/workspace/tome4-chinese-translation/.artifacts/i18n/repair-window/window55-20260929-migration.json","base_commit":"7211f717a1a5090eb731b698880be14891c30c8b","dispositions":{"revision_changed":7,"unchanged":29821},"migration_id":"9035e3de23f2851fbbce54f87c03197884b02bbfdb752a7f01043f05244a3935","new_catalog_id":"12eb193599a4221c02a6c9b4a652645600e0e37b3276bda99af6a7534aab3e84","new_counts":{"entry_count":29828,"exclusion_count":480,"occurrence_count":30308},"ok":true,"old_catalog_id":"ebe486ffb056ac2cca21fe0ab396d0360fac55fa7ba76bae549cac0f96fa1d57","old_counts":{"entry_count":29828,"exclusion_count":480,"occurrence_count":30308},"target_path":"evidence/production-review-v2-lite/migrations/9035e3de23f2851fbbce54f87c03197884b02bbfdb752a7f01043f05244a3935.json","unmapped":0}{"ambiguous":0,"artifact":".artifacts/i18n/repair-window/window55-20260929-migration.json","base_commit":"7211f717a1a5090eb731b698880be14891c30c8b","dispositions":{"revision_changed":7,"unchanged":29821},"migration_id":"9035e3de23f2851fbbce54f87c03197884b02bbfdb752a7f01043f05244a3935","new_catalog_id":"12eb193599a4221c02a6c9b4a652645600e0e37b3276bda99af6a7534aab3e84","new_counts":{"entry_count":29828,"exclusion_count":480,"occurrence_count":30308},"ok":true,"old_catalog_id":"ebe486ffb056ac2cca21fe0ab396d0360fac55fa7ba76bae549cac0f96fa1d57","old_counts":{"entry_count":29828,"exclusion_count":480,"occurrence_count":30308},"target_path":"evidence/production-review-v2-lite/migrations/9035e3de23f2851fbbce54f87c03197884b02bbfdb752a7f01043f05244a3935.json","unmapped":0}{"ambiguous":0,"applied":true,"base_commit":"7211f717a1a5090eb731b698880be14891c30c8b","dispositions":{"revision_changed":7,"unchanged":29821},"migration_id":"9035e3de23f2851fbbce54f87c03197884b02bbfdb752a7f01043f05244a3935","new_catalog_id":"12eb193599a4221c02a6c9b4a652645600e0e37b3276bda99af6a7534aab3e84","new_counts":{"entry_count":29828,"exclusion_count":480,"occurrence_count":30308},"ok":true,"old_catalog_id":"ebe486ffb056ac2cca21fe0ab396d0360fac55fa7ba76bae549cac0f96fa1d57","old_counts":{"entry_count":29828,"exclusion_count":480,"occurrence_count":30308},"queued_successors":7,"target_path":"evidence/production-review-v2-lite/migrations/9035e3de23f2851fbbce54f87c03197884b02bbfdb752a7f01043f05244a3935.json","unmapped":0}{
  "active_writer": true,
  "catalog_id": "ebe486ffb056ac2cca21fe0ab396d0360fac55fa7ba76bae549cac0f96fa1d57",
  "evidence_head": "7211f717a1a5090eb731b698880be14891c30c8b",
  "explicit_overrides": {
    "blocked": 26,
    "done": 29802
  },
  "implicit_queued": 0,
  "ok": true,
  "override_basis": "sqlite_state_codes",
  "progress": {
    "basis": "committed_evidence",
    "classification": [
      {
        "count": 0,
        "deep_reviewed": false,
        "historical_revision_invalidated": false,
        "pending_repair": false,
        "surface_covered": false
      },
      {
        "count": 0,
        "deep_reviewed": false,
        "historical_revision_invalidated": true,
        "pending_repair": false,
        "surface_covered": false
      },
      {
        "count": 0,
        "deep_reviewed": false,
        "historical_revision_invalidated": false,
        "pending_repair": true,
        "surface_covered": false
      },
      {
        "count": 0,
        "deep_reviewed": false,
        "historical_revision_invalidated": true,
        "pending_repair": true,
        "surface_covered": false
      },
      {
        "count": 0,
        "deep_reviewed": true,
        "historical_revision_invalidated": false,
        "pending_repair": false,
        "surface_covered": false
      },
      {
        "count": 0,
        "deep_reviewed": true,
        "historical_revision_invalidated": true,
        "pending_repair": false,
        "surface_covered": false
      },
      {
        "count": 0,
        "deep_reviewed": true,
        "historical_revision_invalidated": false,
        "pending_repair": true,
        "surface_covered": false
      },
      {
        "count": 0,
        "deep_reviewed": true,
        "historical_revision_invalidated": true,
        "pending_repair": true,
        "surface_covered": false
      },
      {
        "count": 26263,
        "deep_reviewed": false,
        "historical_revision_invalidated": false,
        "pending_repair": false,
        "surface_covered": true
      },
      {
        "count": 2454,
        "deep_reviewed": false,
        "historical_revision_invalidated": true,
        "pending_repair": false,
        "surface_covered": true
      },
      {
        "count": 0,
        "deep_reviewed": false,
        "historical_revision_invalidated": false,
        "pending_repair": true,
        "surface_covered": true
      },
      {
        "count": 0,
        "deep_reviewed": false,
        "historical_revision_invalidated": true,
        "pending_repair": true,
        "surface_covered": true
      },
      {
        "count": 972,
        "deep_reviewed": true,
        "historical_revision_invalidated": false,
        "pending_repair": false,
        "surface_covered": true
      },
      {
        "count": 139,
        "deep_reviewed": true,
        "historical_revision_invalidated": true,
        "pending_repair": false,
        "surface_covered": true
      },
      {
        "count": 0,
        "deep_reviewed": true,
        "historical_revision_invalidated": false,
        "pending_repair": true,
        "surface_covered": true
      },
      {
        "count": 0,
        "deep_reviewed": true,
        "historical_revision_invalidated": true,
        "pending_repair": true,
        "surface_covered": true
      }
    ],
    "committed_done_by_completion_level": {
      "deep_reviewed": 1092,
      "surface_only": 28710
    },
    "eligible": 29828,
    "invalidated_without_current_review": 0,
    "metrics": {
      "deep_reviewed": {
        "count": 1111,
        "denominator": 29828,
        "ratio": 0.03724688212417862
      },
      "historical_revision_invalidated": {
        "count": 2593,
        "denominator": 29828,
        "ratio": 0.0869317419873944
      },
      "pending_repair": {
        "count": 0,
        "denominator": 29828,
        "ratio": 0.0
      },
      "surface_covered": {
        "count": 29828,
        "denominator": 29828,
        "ratio": 1.0
      }
    }
  },
  "reconciliation_count": 29828
}
{
  "bytes": 35319116,
  "catalog_id": "12eb193599a4221c02a6c9b4a652645600e0e37b3276bda99af6a7534aab3e84",
  "directory": ".artifacts/i18n/repair-window/window55-20260929-candidate-catalog",
  "entries": 29828,
  "exclusions": 480,
  "occurrences": 30308
}
