=== domain 统计（含 ENTITY 细分）===
  classes      45
  combat       169
  creatures    84
  items        75
  narrative    58
  places       49
  resources    18
  society      56
  talents      347
  tech         2
  ui           12

=== 未映射（需人工）===

=== 声明 domain 与推导 domain 不同（advisory）===
  L204 'Life': combat → resources
  L205 'Positive energy': combat → resources
  L206 'Negative energy': combat → resources
  L207 'Souls': combat → resources
  L208 'Air': combat → resources
  L222 'corrupted': creatures → combat
  L271 'Ureslak': creatures → society

annotation written: /workspace/tome4-chinese-translation/.artifacts/i18n/terminology-audit/domain_annotation.json
