{"ambiguous":0,"artifact":"/workspace/tome4-chinese-translation/.artifacts/i18n/repair-window/window51-20260928-migration.json","base_commit":"c1f7bc5ef439c710db9b3e657f3ab91f14a17bb7","dispositions":{"revision_changed":2,"unchanged":29826},"migration_id":"687fcef22dcc96338d3b422e84269100c17f5f45ac2c8aa51b4152e18b6b56ab","new_catalog_id":"52f38b69945e3eb37146095d6f30b01e607e91fe53a8f6c75e0cb895fbc6c9fe","new_counts":{"entry_count":29828,"exclusion_count":480,"occurrence_count":30308},"ok":true,"old_catalog_id":"19d3fa4cc1b61cda24d1d9995d74d02a0458d32d7b6d180c18940c42b12e24fa","old_counts":{"entry_count":29828,"exclusion_count":480,"occurrence_count":30308},"target_path":"evidence/production-review-v2-lite/migrations/687fcef22dcc96338d3b422e84269100c17f5f45ac2c8aa51b4152e18b6b56ab.json","unmapped":0}{"ambiguous":0,"artifact":".artifacts/i18n/repair-window/window51-20260928-migration.json","base_commit":"c1f7bc5ef439c710db9b3e657f3ab91f14a17bb7","dispositions":{"revision_changed":2,"unchanged":29826},"migration_id":"687fcef22dcc96338d3b422e84269100c17f5f45ac2c8aa51b4152e18b6b56ab","new_catalog_id":"52f38b69945e3eb37146095d6f30b01e607e91fe53a8f6c75e0cb895fbc6c9fe","new_counts":{"entry_count":29828,"exclusion_count":480,"occurrence_count":30308},"ok":true,"old_catalog_id":"19d3fa4cc1b61cda24d1d9995d74d02a0458d32d7b6d180c18940c42b12e24fa","old_counts":{"entry_count":29828,"exclusion_count":480,"occurrence_count":30308},"target_path":"evidence/production-review-v2-lite/migrations/687fcef22dcc96338d3b422e84269100c17f5f45ac2c8aa51b4152e18b6b56ab.json","unmapped":0}{"ambiguous":0,"applied":true,"base_commit":"c1f7bc5ef439c710db9b3e657f3ab91f14a17bb7","dispositions":{"revision_changed":2,"unchanged":29826},"migration_id":"687fcef22dcc96338d3b422e84269100c17f5f45ac2c8aa51b4152e18b6b56ab","new_catalog_id":"52f38b69945e3eb37146095d6f30b01e607e91fe53a8f6c75e0cb895fbc6c9fe","new_counts":{"entry_count":29828,"exclusion_count":480,"occurrence_count":30308},"ok":true,"old_catalog_id":"19d3fa4cc1b61cda24d1d9995d74d02a0458d32d7b6d180c18940c42b12e24fa","old_counts":{"entry_count":29828,"exclusion_count":480,"occurrence_count":30308},"queued_successors":2,"target_path":"evidence/production-review-v2-lite/migrations/687fcef22dcc96338d3b422e84269100c17f5f45ac2c8aa51b4152e18b6b56ab.json","unmapped":0}{
  "active_writer": true,
  "catalog_id": "19d3fa4cc1b61cda24d1d9995d74d02a0458d32d7b6d180c18940c42b12e24fa",
  "evidence_head": "c1f7bc5ef439c710db9b3e657f3ab91f14a17bb7",
  "explicit_overrides": {
    "blocked": 25,
    "done": 29801,
    "repair_required": 2
  },
  "implicit_queued": 0,
  "ok": true,
  "override_basis": "sqlite_state_codes",
  "progress": {
    "basis": "committed_evidence",
    "classification": [
      {
        "count": 0,
        "deep_reviewed": false,
        "historical_revision_invalidated": false,
        "pending_repair": false,
        "surface_covered": false
      },
      {
        "count": 0,
        "deep_reviewed": false,
        "historical_revision_invalidated": true,
        "pending_repair": false,
        "surface_covered": false
      },
      {
        "count": 0,
        "deep_reviewed": false,
        "historical_revision_invalidated": false,
        "pending_repair": true,
        "surface_covered": false
      },
      {
        "count": 0,
        "deep_reviewed": false,
        "historical_revision_invalidated": true,
        "pending_repair": true,
        "surface_covered": false
      },
      {
        "count": 0,
        "deep_reviewed": true,
        "historical_revision_invalidated": false,
        "pending_repair": false,
        "surface_covered": false
      },
      {
        "count": 0,
        "deep_reviewed": true,
        "historical_revision_invalidated": true,
        "pending_repair": false,
        "surface_covered": false
      },
      {
        "count": 0,
        "deep_reviewed": true,
        "historical_revision_invalidated": false,
        "pending_repair": true,
        "surface_covered": false
      },
      {
        "count": 0,
        "deep_reviewed": true,
        "historical_revision_invalidated": true,
        "pending_repair": true,
        "surface_covered": false
      },
      {
        "count": 26468,
        "deep_reviewed": false,
        "historical_revision_invalidated": false,
        "pending_repair": false,
        "surface_covered": true
      },
      {
        "count": 2229,
        "deep_reviewed": false,
        "historical_revision_invalidated": true,
        "pending_repair": false,
        "surface_covered": true
      },
      {
        "count": 0,
        "deep_reviewed": false,
        "historical_revision_invalidated": false,
        "pending_repair": true,
        "surface_covered": true
      },
      {
        "count": 0,
        "deep_reviewed": false,
        "historical_revision_invalidated": true,
        "pending_repair": true,
        "surface_covered": true
      },
      {
        "count": 1003,
        "deep_reviewed": true,
        "historical_revision_invalidated": false,
        "pending_repair": false,
        "surface_covered": true
      },
      {
        "count": 126,
        "deep_reviewed": true,
        "historical_revision_invalidated": true,
        "pending_repair": false,
        "surface_covered": true
      },
      {
        "count": 0,
        "deep_reviewed": true,
        "historical_revision_invalidated": false,
        "pending_repair": true,
        "surface_covered": true
      },
      {
        "count": 2,
        "deep_reviewed": true,
        "historical_revision_invalidated": true,
        "pending_repair": true,
        "surface_covered": true
      }
    ],
    "committed_done_by_completion_level": {
      "deep_reviewed": 1110,
      "surface_only": 28691
    },
    "eligible": 29828,
    "invalidated_without_current_review": 0,
    "metrics": {
      "deep_reviewed": {
        "count": 1131,
        "denominator": 29828,
        "ratio": 0.03791739305350677
      },
      "historical_revision_invalidated": {
        "count": 2357,
        "denominator": 29828,
        "ratio": 0.07901971302132224
      },
      "pending_repair": {
        "count": 2,
        "denominator": 29828,
        "ratio": 6.705109293281481e-05
      },
      "surface_covered": {
        "count": 29828,
        "denominator": 29828,
        "ratio": 1.0
      }
    }
  },
  "reconciliation_count": 29828
}
{
  "bytes": 35318078,
  "catalog_id": "52f38b69945e3eb37146095d6f30b01e607e91fe53a8f6c75e0cb895fbc6c9fe",
  "directory": ".artifacts/i18n/repair-window/window51-20260928-candidate-catalog",
  "entries": 29828,
  "exclusions": 480,
  "occurrences": 30308
}
