{"ambiguous":0,"artifact":"/workspace/tome4-chinese-translation/.artifacts/i18n/repair-window/window32-20260925-migration.json","base_commit":"cfc207c1eb27b6209fe8de608935fcb4909eeffb","dispositions":{"revision_changed":26,"unchanged":29802},"migration_id":"da80ce55e962bb196d2e462f673ff03d0100218a03f5d577ddb40ef11104f416","new_catalog_id":"a15b2104c19bc1eaa3a3a3351c651712b55b30234a2acfaf52dd9933f71ef29e","new_counts":{"entry_count":29828,"exclusion_count":480,"occurrence_count":30308},"ok":true,"old_catalog_id":"537aef5ca467c11995bb2405b5b1b8b7e2b8268469d00262509769e3c4d3fc53","old_counts":{"entry_count":29828,"exclusion_count":480,"occurrence_count":30308},"target_path":"evidence/production-review-v2-lite/migrations/da80ce55e962bb196d2e462f673ff03d0100218a03f5d577ddb40ef11104f416.json","unmapped":0}{"ambiguous":0,"artifact":".artifacts/i18n/repair-window/window32-20260925-migration.json","base_commit":"cfc207c1eb27b6209fe8de608935fcb4909eeffb","dispositions":{"revision_changed":26,"unchanged":29802},"migration_id":"da80ce55e962bb196d2e462f673ff03d0100218a03f5d577ddb40ef11104f416","new_catalog_id":"a15b2104c19bc1eaa3a3a3351c651712b55b30234a2acfaf52dd9933f71ef29e","new_counts":{"entry_count":29828,"exclusion_count":480,"occurrence_count":30308},"ok":true,"old_catalog_id":"537aef5ca467c11995bb2405b5b1b8b7e2b8268469d00262509769e3c4d3fc53","old_counts":{"entry_count":29828,"exclusion_count":480,"occurrence_count":30308},"target_path":"evidence/production-review-v2-lite/migrations/da80ce55e962bb196d2e462f673ff03d0100218a03f5d577ddb40ef11104f416.json","unmapped":0}{"ambiguous":0,"applied":true,"base_commit":"cfc207c1eb27b6209fe8de608935fcb4909eeffb","dispositions":{"revision_changed":26,"unchanged":29802},"migration_id":"da80ce55e962bb196d2e462f673ff03d0100218a03f5d577ddb40ef11104f416","new_catalog_id":"a15b2104c19bc1eaa3a3a3351c651712b55b30234a2acfaf52dd9933f71ef29e","new_counts":{"entry_count":29828,"exclusion_count":480,"occurrence_count":30308},"ok":true,"old_catalog_id":"537aef5ca467c11995bb2405b5b1b8b7e2b8268469d00262509769e3c4d3fc53","old_counts":{"entry_count":29828,"exclusion_count":480,"occurrence_count":30308},"queued_successors":26,"target_path":"evidence/production-review-v2-lite/migrations/da80ce55e962bb196d2e462f673ff03d0100218a03f5d577ddb40ef11104f416.json","unmapped":0}{
  "active_writer": true,
  "catalog_id": "537aef5ca467c11995bb2405b5b1b8b7e2b8268469d00262509769e3c4d3fc53",
  "evidence_head": "cfc207c1eb27b6209fe8de608935fcb4909eeffb",
  "explicit_overrides": {
    "blocked": 45,
    "done": 25190,
    "repair_required": 27
  },
  "implicit_queued": 4566,
  "ok": true,
  "override_basis": "sqlite_state_codes",
  "progress": {
    "basis": "committed_evidence",
    "classification": [
      {
        "count": 4555,
        "deep_reviewed": false,
        "historical_revision_invalidated": false,
        "pending_repair": false,
        "surface_covered": false
      },
      {
        "count": 11,
        "deep_reviewed": false,
        "historical_revision_invalidated": true,
        "pending_repair": false,
        "surface_covered": false
      },
      {
        "count": 0,
        "deep_reviewed": false,
        "historical_revision_invalidated": false,
        "pending_repair": true,
        "surface_covered": false
      },
      {
        "count": 0,
        "deep_reviewed": false,
        "historical_revision_invalidated": true,
        "pending_repair": true,
        "surface_covered": false
      },
      {
        "count": 0,
        "deep_reviewed": true,
        "historical_revision_invalidated": false,
        "pending_repair": false,
        "surface_covered": false
      },
      {
        "count": 0,
        "deep_reviewed": true,
        "historical_revision_invalidated": true,
        "pending_repair": false,
        "surface_covered": false
      },
      {
        "count": 0,
        "deep_reviewed": true,
        "historical_revision_invalidated": false,
        "pending_repair": true,
        "surface_covered": false
      },
      {
        "count": 0,
        "deep_reviewed": true,
        "historical_revision_invalidated": true,
        "pending_repair": true,
        "surface_covered": false
      },
      {
        "count": 22641,
        "deep_reviewed": false,
        "historical_revision_invalidated": false,
        "pending_repair": false,
        "surface_covered": true
      },
      {
        "count": 1750,
        "deep_reviewed": false,
        "historical_revision_invalidated": true,
        "pending_repair": false,
        "surface_covered": true
      },
      {
        "count": 0,
        "deep_reviewed": false,
        "historical_revision_invalidated": false,
        "pending_repair": true,
        "surface_covered": true
      },
      {
        "count": 0,
        "deep_reviewed": false,
        "historical_revision_invalidated": true,
        "pending_repair": true,
        "surface_covered": true
      },
      {
        "count": 743,
        "deep_reviewed": true,
        "historical_revision_invalidated": false,
        "pending_repair": false,
        "surface_covered": true
      },
      {
        "count": 101,
        "deep_reviewed": true,
        "historical_revision_invalidated": true,
        "pending_repair": false,
        "surface_covered": true
      },
      {
        "count": 26,
        "deep_reviewed": true,
        "historical_revision_invalidated": false,
        "pending_repair": true,
        "surface_covered": true
      },
      {
        "count": 1,
        "deep_reviewed": true,
        "historical_revision_invalidated": true,
        "pending_repair": true,
        "surface_covered": true
      }
    ],
    "committed_done_by_completion_level": {
      "deep_reviewed": 805,
      "surface_only": 24385
    },
    "eligible": 29828,
    "invalidated_without_current_review": 11,
    "metrics": {
      "deep_reviewed": {
        "count": 871,
        "denominator": 29828,
        "ratio": 0.029200750972240848
      },
      "historical_revision_invalidated": {
        "count": 1863,
        "denominator": 29828,
        "ratio": 0.06245809306691699
      },
      "pending_repair": {
        "count": 27,
        "denominator": 29828,
        "ratio": 0.0009051897545929999
      },
      "surface_covered": {
        "count": 25262,
        "denominator": 29828,
        "ratio": 0.8469223548343838
      }
    }
  },
  "reconciliation_count": 29828
}
{
  "bytes": 35320985,
  "catalog_id": "a15b2104c19bc1eaa3a3a3351c651712b55b30234a2acfaf52dd9933f71ef29e",
  "directory": ".artifacts/i18n/repair-window/window32-20260925-candidate-catalog",
  "entries": 29828,
  "exclusions": 480,
  "occurrences": 30308
}
