{"ambiguous":0,"artifact":"/workspace/tome4-chinese-translation/.artifacts/i18n/repair-window/window40-20260927-migration.json","base_commit":"acae1e6d74fec03894d7e50ce531625da3b215c9","dispositions":{"revision_changed":25,"unchanged":29803},"migration_id":"5b6b372f3fa4e03b2c7fb46ffacfa62fd1e3a1b98ee4272fa7875084ae5a6d3e","new_catalog_id":"a1da5518961a538373c3b21cdca9ee57055372a5da9b5580549e9e85b1e838c5","new_counts":{"entry_count":29828,"exclusion_count":480,"occurrence_count":30308},"ok":true,"old_catalog_id":"7158f4b0958a74fb8acc01f732dc0f97a4ac6fad159f6cf1051687db04cc12f0","old_counts":{"entry_count":29828,"exclusion_count":480,"occurrence_count":30308},"target_path":"evidence/production-review-v2-lite/migrations/5b6b372f3fa4e03b2c7fb46ffacfa62fd1e3a1b98ee4272fa7875084ae5a6d3e.json","unmapped":0}{"ambiguous":0,"artifact":".artifacts/i18n/repair-window/window40-20260927-migration.json","base_commit":"acae1e6d74fec03894d7e50ce531625da3b215c9","dispositions":{"revision_changed":25,"unchanged":29803},"migration_id":"5b6b372f3fa4e03b2c7fb46ffacfa62fd1e3a1b98ee4272fa7875084ae5a6d3e","new_catalog_id":"a1da5518961a538373c3b21cdca9ee57055372a5da9b5580549e9e85b1e838c5","new_counts":{"entry_count":29828,"exclusion_count":480,"occurrence_count":30308},"ok":true,"old_catalog_id":"7158f4b0958a74fb8acc01f732dc0f97a4ac6fad159f6cf1051687db04cc12f0","old_counts":{"entry_count":29828,"exclusion_count":480,"occurrence_count":30308},"target_path":"evidence/production-review-v2-lite/migrations/5b6b372f3fa4e03b2c7fb46ffacfa62fd1e3a1b98ee4272fa7875084ae5a6d3e.json","unmapped":0}{"ambiguous":0,"applied":true,"base_commit":"acae1e6d74fec03894d7e50ce531625da3b215c9","dispositions":{"revision_changed":25,"unchanged":29803},"migration_id":"5b6b372f3fa4e03b2c7fb46ffacfa62fd1e3a1b98ee4272fa7875084ae5a6d3e","new_catalog_id":"a1da5518961a538373c3b21cdca9ee57055372a5da9b5580549e9e85b1e838c5","new_counts":{"entry_count":29828,"exclusion_count":480,"occurrence_count":30308},"ok":true,"old_catalog_id":"7158f4b0958a74fb8acc01f732dc0f97a4ac6fad159f6cf1051687db04cc12f0","old_counts":{"entry_count":29828,"exclusion_count":480,"occurrence_count":30308},"queued_successors":25,"target_path":"evidence/production-review-v2-lite/migrations/5b6b372f3fa4e03b2c7fb46ffacfa62fd1e3a1b98ee4272fa7875084ae5a6d3e.json","unmapped":0}{
  "active_writer": true,
  "catalog_id": "7158f4b0958a74fb8acc01f732dc0f97a4ac6fad159f6cf1051687db04cc12f0",
  "evidence_head": "acae1e6d74fec03894d7e50ce531625da3b215c9",
  "explicit_overrides": {
    "blocked": 45,
    "done": 27717,
    "repair_required": 22
  },
  "implicit_queued": 2044,
  "ok": true,
  "override_basis": "sqlite_state_codes",
  "progress": {
    "basis": "committed_evidence",
    "classification": [
      {
        "count": 1999,
        "deep_reviewed": false,
        "historical_revision_invalidated": false,
        "pending_repair": false,
        "surface_covered": false
      },
      {
        "count": 45,
        "deep_reviewed": false,
        "historical_revision_invalidated": true,
        "pending_repair": false,
        "surface_covered": false
      },
      {
        "count": 0,
        "deep_reviewed": false,
        "historical_revision_invalidated": false,
        "pending_repair": true,
        "surface_covered": false
      },
      {
        "count": 0,
        "deep_reviewed": false,
        "historical_revision_invalidated": true,
        "pending_repair": true,
        "surface_covered": false
      },
      {
        "count": 0,
        "deep_reviewed": true,
        "historical_revision_invalidated": false,
        "pending_repair": false,
        "surface_covered": false
      },
      {
        "count": 0,
        "deep_reviewed": true,
        "historical_revision_invalidated": true,
        "pending_repair": false,
        "surface_covered": false
      },
      {
        "count": 0,
        "deep_reviewed": true,
        "historical_revision_invalidated": false,
        "pending_repair": true,
        "surface_covered": false
      },
      {
        "count": 0,
        "deep_reviewed": true,
        "historical_revision_invalidated": true,
        "pending_repair": true,
        "surface_covered": false
      },
      {
        "count": 24828,
        "deep_reviewed": false,
        "historical_revision_invalidated": false,
        "pending_repair": false,
        "surface_covered": true
      },
      {
        "count": 1899,
        "deep_reviewed": false,
        "historical_revision_invalidated": true,
        "pending_repair": false,
        "surface_covered": true
      },
      {
        "count": 0,
        "deep_reviewed": false,
        "historical_revision_invalidated": false,
        "pending_repair": true,
        "surface_covered": true
      },
      {
        "count": 0,
        "deep_reviewed": false,
        "historical_revision_invalidated": true,
        "pending_repair": true,
        "surface_covered": true
      },
      {
        "count": 924,
        "deep_reviewed": true,
        "historical_revision_invalidated": false,
        "pending_repair": false,
        "surface_covered": true
      },
      {
        "count": 111,
        "deep_reviewed": true,
        "historical_revision_invalidated": true,
        "pending_repair": false,
        "surface_covered": true
      },
      {
        "count": 21,
        "deep_reviewed": true,
        "historical_revision_invalidated": false,
        "pending_repair": true,
        "surface_covered": true
      },
      {
        "count": 1,
        "deep_reviewed": true,
        "historical_revision_invalidated": true,
        "pending_repair": true,
        "surface_covered": true
      }
    ],
    "committed_done_by_completion_level": {
      "deep_reviewed": 996,
      "surface_only": 26721
    },
    "eligible": 29828,
    "invalidated_without_current_review": 45,
    "metrics": {
      "deep_reviewed": {
        "count": 1057,
        "denominator": 29828,
        "ratio": 0.03543650261499262
      },
      "historical_revision_invalidated": {
        "count": 2056,
        "denominator": 29828,
        "ratio": 0.06892852353493362
      },
      "pending_repair": {
        "count": 22,
        "denominator": 29828,
        "ratio": 0.0007375620222609628
      },
      "surface_covered": {
        "count": 27784,
        "denominator": 29828,
        "ratio": 0.9314737830226633
      }
    }
  },
  "reconciliation_count": 29828
}
{
  "bytes": 35320775,
  "catalog_id": "a1da5518961a538373c3b21cdca9ee57055372a5da9b5580549e9e85b1e838c5",
  "directory": ".artifacts/i18n/repair-window/window40-20260927-candidate-catalog",
  "entries": 29828,
  "exclusions": 480,
  "occurrences": 30308
}
