{"ambiguous":0,"artifact":"/workspace/tome4-chinese-translation/.artifacts/i18n/repair-window/window52-20260928-migration.json","base_commit":"9362911053e2ff022f3ed7d7e80cab07459ed930","dispositions":{"revision_changed":4,"unchanged":29824},"migration_id":"6b75b260078d4a5d606542869f59a04240f16e70cfb732fdb05013734159bb44","new_catalog_id":"538a4d20024882e2bf0908ca25a3185a0de5d60fa78eb92bff1f852aa55f0d13","new_counts":{"entry_count":29828,"exclusion_count":480,"occurrence_count":30308},"ok":true,"old_catalog_id":"52f38b69945e3eb37146095d6f30b01e607e91fe53a8f6c75e0cb895fbc6c9fe","old_counts":{"entry_count":29828,"exclusion_count":480,"occurrence_count":30308},"target_path":"evidence/production-review-v2-lite/migrations/6b75b260078d4a5d606542869f59a04240f16e70cfb732fdb05013734159bb44.json","unmapped":0}{"ambiguous":0,"artifact":".artifacts/i18n/repair-window/window52-20260928-migration.json","base_commit":"9362911053e2ff022f3ed7d7e80cab07459ed930","dispositions":{"revision_changed":4,"unchanged":29824},"migration_id":"6b75b260078d4a5d606542869f59a04240f16e70cfb732fdb05013734159bb44","new_catalog_id":"538a4d20024882e2bf0908ca25a3185a0de5d60fa78eb92bff1f852aa55f0d13","new_counts":{"entry_count":29828,"exclusion_count":480,"occurrence_count":30308},"ok":true,"old_catalog_id":"52f38b69945e3eb37146095d6f30b01e607e91fe53a8f6c75e0cb895fbc6c9fe","old_counts":{"entry_count":29828,"exclusion_count":480,"occurrence_count":30308},"target_path":"evidence/production-review-v2-lite/migrations/6b75b260078d4a5d606542869f59a04240f16e70cfb732fdb05013734159bb44.json","unmapped":0}{"ambiguous":0,"applied":true,"base_commit":"9362911053e2ff022f3ed7d7e80cab07459ed930","dispositions":{"revision_changed":4,"unchanged":29824},"migration_id":"6b75b260078d4a5d606542869f59a04240f16e70cfb732fdb05013734159bb44","new_catalog_id":"538a4d20024882e2bf0908ca25a3185a0de5d60fa78eb92bff1f852aa55f0d13","new_counts":{"entry_count":29828,"exclusion_count":480,"occurrence_count":30308},"ok":true,"old_catalog_id":"52f38b69945e3eb37146095d6f30b01e607e91fe53a8f6c75e0cb895fbc6c9fe","old_counts":{"entry_count":29828,"exclusion_count":480,"occurrence_count":30308},"queued_successors":4,"target_path":"evidence/production-review-v2-lite/migrations/6b75b260078d4a5d606542869f59a04240f16e70cfb732fdb05013734159bb44.json","unmapped":0}{
  "active_writer": true,
  "catalog_id": "52f38b69945e3eb37146095d6f30b01e607e91fe53a8f6c75e0cb895fbc6c9fe",
  "evidence_head": "9362911053e2ff022f3ed7d7e80cab07459ed930",
  "explicit_overrides": {
    "blocked": 25,
    "done": 29802,
    "repair_required": 1
  },
  "implicit_queued": 0,
  "ok": true,
  "override_basis": "sqlite_state_codes",
  "progress": {
    "basis": "committed_evidence",
    "classification": [
      {
        "count": 0,
        "deep_reviewed": false,
        "historical_revision_invalidated": false,
        "pending_repair": false,
        "surface_covered": false
      },
      {
        "count": 0,
        "deep_reviewed": false,
        "historical_revision_invalidated": true,
        "pending_repair": false,
        "surface_covered": false
      },
      {
        "count": 0,
        "deep_reviewed": false,
        "historical_revision_invalidated": false,
        "pending_repair": true,
        "surface_covered": false
      },
      {
        "count": 0,
        "deep_reviewed": false,
        "historical_revision_invalidated": true,
        "pending_repair": true,
        "surface_covered": false
      },
      {
        "count": 0,
        "deep_reviewed": true,
        "historical_revision_invalidated": false,
        "pending_repair": false,
        "surface_covered": false
      },
      {
        "count": 0,
        "deep_reviewed": true,
        "historical_revision_invalidated": true,
        "pending_repair": false,
        "surface_covered": false
      },
      {
        "count": 0,
        "deep_reviewed": true,
        "historical_revision_invalidated": false,
        "pending_repair": true,
        "surface_covered": false
      },
      {
        "count": 0,
        "deep_reviewed": true,
        "historical_revision_invalidated": true,
        "pending_repair": true,
        "surface_covered": false
      },
      {
        "count": 26468,
        "deep_reviewed": false,
        "historical_revision_invalidated": false,
        "pending_repair": false,
        "surface_covered": true
      },
      {
        "count": 2230,
        "deep_reviewed": false,
        "historical_revision_invalidated": true,
        "pending_repair": false,
        "surface_covered": true
      },
      {
        "count": 0,
        "deep_reviewed": false,
        "historical_revision_invalidated": false,
        "pending_repair": true,
        "surface_covered": true
      },
      {
        "count": 0,
        "deep_reviewed": false,
        "historical_revision_invalidated": true,
        "pending_repair": true,
        "surface_covered": true
      },
      {
        "count": 1003,
        "deep_reviewed": true,
        "historical_revision_invalidated": false,
        "pending_repair": false,
        "surface_covered": true
      },
      {
        "count": 126,
        "deep_reviewed": true,
        "historical_revision_invalidated": true,
        "pending_repair": false,
        "surface_covered": true
      },
      {
        "count": 0,
        "deep_reviewed": true,
        "historical_revision_invalidated": false,
        "pending_repair": true,
        "surface_covered": true
      },
      {
        "count": 1,
        "deep_reviewed": true,
        "historical_revision_invalidated": true,
        "pending_repair": true,
        "surface_covered": true
      }
    ],
    "committed_done_by_completion_level": {
      "deep_reviewed": 1110,
      "surface_only": 28692
    },
    "eligible": 29828,
    "invalidated_without_current_review": 0,
    "metrics": {
      "deep_reviewed": {
        "count": 1130,
        "denominator": 29828,
        "ratio": 0.03788386750704036
      },
      "historical_revision_invalidated": {
        "count": 2357,
        "denominator": 29828,
        "ratio": 0.07901971302132224
      },
      "pending_repair": {
        "count": 1,
        "denominator": 29828,
        "ratio": 3.3525546466407405e-05
      },
      "surface_covered": {
        "count": 29828,
        "denominator": 29828,
        "ratio": 1.0
      }
    }
  },
  "reconciliation_count": 29828
}
{
  "bytes": 35318157,
  "catalog_id": "538a4d20024882e2bf0908ca25a3185a0de5d60fa78eb92bff1f852aa55f0d13",
  "directory": ".artifacts/i18n/repair-window/window52-20260928-candidate-catalog",
  "entries": 29828,
  "exclusions": 480,
  "occurrences": 30308
}
